12-16 10:09:31.555   216   227 I art     : Background sticky concurrent mark sweep GC freed 42285(3MB) AllocSpace objects, 0(0B) LOS objects, 21% free, 5MB/6MB, paused 3.270ms total 785.663ms
12-16 10:09:31.556   216   237 D View    :                           privateFlags={DRAWN}
12-16 10:09:31.556   216   237 D View    :                       }
12-16 10:09:31.556   216   237 D View    :                   + android.widget.FrameLayout{53387dc G.E...... ......I. 0,0-0,0 #102032a android:id/contentPanel} (id=16909098)
12-16 10:09:31.557   216   237 D View    :                       frame={0, 0, 0, 0} scroll={0, 0} 
12-16 10:09:31.557   216   237 D View    :                       mMeasureWidth=0 mMeasureHeight=0
12-16 10:09:31.557   216   237 D View    :                       LinearLayout.LayoutParams={width=match-parent, height=wrap-content weight=0.0}
12-16 10:09:31.557   216   237 D View    :                       flags={GONE}
12-16 10:09:31.557   216   237 D View    :                       privateFlags={DRAWN}
12-16 10:09:31.557   216   237 D View    :                       {
12-16 10:09:31.558   216   237 D View    :                       + android.widget.ScrollView{a7e10e5 V.ED.V... ......I. 0,0-0,0 #102032b android:id/scrollView} (id=16909099)
12-16 10:09:31.558   216   237 D View    :                           frame={0, 0, 0, 0} scroll={0, 0} 
12-16 10:09:31.558   216   237 D View    :                           mMeasureWidth=0 mMeasureHeight=0
12-16 10:09:31.558   216   237 D View    :                           ViewGroup.LayoutParams={ width=match-parent, height=wrap-content }
12-16 10:09:31.558   216   237 D View    :                           flags={}
12-16 10:09:31.558   216   237 D View    :                           privateFlags={}
12-16 10:09:31.558   216   237 D View    :                           {
12-16 10:09:31.558   216   237 D View    :                           + android.widget.LinearLayout{6f127ba V.E...... ......I. 0,0-0,0}
12-16 10:09:31.559   216   237 D View    :                               frame={0, 0, 0, 0} scroll={0, 0} 
12-16 10:09:31.559   216   237 D View    :                               mMeasureWidth=0 mMeasureHeight=0
12-16 10:09:31.559   216   237 D View    :                               ViewGroup.LayoutParams={ width=match-parent, height=wrap-content }
12-16 10:09:31.559   216   237 D View    :                               flags={}
12-16 10:09:31.559   216   237 D View    :                               privateFlags={}
12-16 10:09:31.559   216   237 D View    :                               {
12-16 10:09:31.559   216   237 D View    :                               + android.widget.Space{2a4c66b G.ED..... ......I. 0,0-0,0 #1020330 android:id/textSpacerNoTitle} (id=16909104)
12-16 10:09:31.560   216   237 D View    :                                   frame={0, 0, 0, 0} scroll={0, 0} 
12-16 10:09:32.339    54    59 D vold    : e4crypt_unlock_user_key 0 serial=0 token_present=0
12-16 10:09:32.429    54    58 V vold    : Waiting for FUSE to spin up...
12-16 10:09:32.454   216   298 I liblog  : 1413
12-16 10:09:32.454   216   298 D VoldConnector: RCV <- {655 emulated /storage/emulated}
12-16 10:09:32.481    54    58 V vold    : Waiting for FUSE to spin up...
12-16 10:09:32.509   216   216 D WebViewFactory: Setting new address space to 104857600
12-16 10:09:32.532    54    58 V vold    : Waiting for FUSE to spin up...
12-16 10:09:32.583    54    58 V vold    : Waiting for FUSE to spin up...
12-16 10:09:32.619   216   216 I am_proc_start: [0,430,1037,WebViewLoader-armeabi-v7a,,]
12-16 10:09:32.620   216   216 I ActivityManager: Start proc 430:WebViewLoader-armeabi-v7a/1037 [android.webkit.WebViewFactory$RelroFileCreator] for 
12-16 10:09:32.625   216   216 D NetworkManagement: enabling bandwidth control
12-16 10:09:32.634    54    58 V vold    : Waiting for FUSE to spin up...
12-16 10:09:32.685    54    58 V vold    : Waiting for FUSE to spin up...
12-16 10:09:32.736    54    58 V vold    : Waiting for FUSE to spin up...
12-16 10:09:32.780   428   428 W sdcard  : Device explicitly disabled sdcardfs
12-16 10:09:32.787    54    58 V vold    : Waiting for FUSE to spin up...
12-16 10:09:32.840   216   298 D VoldConnector: RCV <- {651 emulated 2}
12-16 10:09:32.842   216   298 D VoldConnector: RCV <- {200 6 Command succeeded}
12-16 10:09:32.885     0     0 D SELinux : initialized (dev fuse, type fuse), uses genfs_contexts
12-16 10:09:32.885     0     0 D SELinux : initialized (dev fuse, type fuse), uses genfs_contexts
12-16 10:09:32.885     0     0 D SELinux : initialized (dev fuse, type fuse), uses genfs_contexts
12-16 10:09:32.917   216   237 V ViewRootImpl[Android is startingâ¦]: Surface Surface(name=null)/@0xe94dc36 drawing to bitmap w=368, h=226
12-16 10:09:32.917   216   237 I ViewRootImpl[Android is startingâ¦]: Drawing: package:android, metrics=DisplayMetrics{density=1.0, width=320, height=480, scaledDensity=1.0, xdpi=160.0, ydpi=160.0}, compatibilityInfo={160dpi always-compat}
12-16 10:09:32.919   216   237 V ViewRootImpl[Android is startingâ¦]: Invalidate child: Rect(40, 80 - 88, 128)
12-16 10:09:32.929   216   247 I WindowManager: !!! animate: entry time=110863
12-16 10:09:32.929   216   247 I WindowManager: >>> OPEN TRANSACTION animateLocked
12-16 10:09:32.930   216   247 V WindowStateAnimator: 
12-16 10:09:32.930   216   247 V WindowStateAnimator: stepAnimationLockedbegin
12-16 10:09:32.930   216   247 V WindowStateAnimator: stepAnimationLocked currentTime: 110863
12-16 10:09:32.930   216   247 V WindowStateAnimator: dalvik.system.VMStack.getThreadStackTrace(Native Method)
12-16 10:09:32.931   216   247 V WindowStateAnimator: java.lang.Thread.getStackTrace(Thread.java:1566)
12-16 10:09:32.932   216   247 V WindowStateAnimator: com.android.server.wm.WindowStateAnimator.stepAnimationLocked(WindowStateAnimator.java:391)
12-16 10:09:32.932   216   247 V WindowStateAnimator: com.android.server.wm.WindowAnimator.updateWindowsLocked(WindowAnimator.java:321)
12-16 10:09:32.933   216   247 V WindowStateAnimator: com.android.server.wm.WindowAnimator.animateLocked(WindowAnimator.java:722)
12-16 10:09:32.933   216   247 V WindowStateAnimator: com.android.server.wm.WindowAnimator.-wrap0(WindowAnimator.java)
12-16 10:09:32.933   216   247 V WindowStateAnimator: com.android.server.wm.WindowAnimator$1.doFrame(WindowAnimator.java:143)
12-16 10:09:32.933   216   247 V WindowStateAnimator: android.view.Choreographer$CallbackRecord.run(Choreographer.java:872)
12-16 10:09:32.933   216   247 V WindowStateAnimator: android.view.Choreographer.doCallbacks(Choreographer.java:686)
12-16 10:09:32.933   216   247 V WindowStateAnimator: android.view.Choreographer.doFrame(Choreographer.java:618)
12-16 10:09:32.933   216   247 V WindowStateAnimator: android.view.Choreographer$FrameDisplayEventReceiver.run(Choreographer.java:860)
12-16 10:09:32.933   216   247 V WindowStateAnimator: android.os.Handler.handleCallback(Handler.java:751)
12-16 10:09:32.934   216   247 V WindowStateAnimator: android.os.Handler.dispatchMessage(Handler.java:95)
12-16 10:09:32.934   216   247 V WindowStateAnimator: android.os.Looper.loop(Looper.java:154)
12-16 10:09:32.934   216   409 E BluetoothAdapter: Bluetooth binder is null
12-16 10:09:32.935   216   247 V WindowStateAnimator: android.os.HandlerThread.run(HandlerThread.java:61)
12-16 10:09:32.935   216   247 V WindowStateAnimator: com.android.server.ServiceThread.run(ServiceThread.java:46)
12-16 10:09:32.935   216   247 V WindowStateAnimator: stepAnimationLocked end
12-16 10:09:32.935   216   247 V WindowManager: Window{56a80a u0 Android is startingâ¦}: wasAnimating=false, nowAnimating=false
12-16 10:09:32.936   216   247 V WindowStateAnimator: 
12-16 10:09:32.936   216   247 V WindowStateAnimator: stepAnimationLockedbegin
12-16 10:09:32.936   216   247 V WindowStateAnimator: stepAnimationLocked currentTime: 110863
12-16 10:09:32.936   216   247 V WindowStateAnimator: dalvik.system.VMStack.getThreadStackTrace(Native Method)
12-16 10:09:32.937   216   247 V WindowStateAnimator: java.lang.Thread.getStackTrace(Thread.java:1566)
12-16 10:09:32.937   216   247 V WindowStateAnimator: com.android.server.wm.WindowStateAnimator.stepAnimationLocked(WindowStateAnimator.java:391)
12-16 10:09:32.937   216   247 V WindowStateAnimator: com.android.server.wm.WindowAnimator.updateWindowsLocked(WindowAnimator.java:321)
12-16 10:09:32.937   216   247 V WindowStateAnimator: com.android.server.wm.WindowAnimator.animateLocked(WindowAnimator.java:722)
12-16 10:09:32.937   216   247 V WindowStateAnimator: com.android.server.wm.WindowAnimator.-wrap0(WindowAnimator.java)
12-16 10:09:32.937   216   247 V WindowStateAnimator: com.android.server.wm.WindowAnimator$1.doFrame(WindowAnimator.java:143)
12-16 10:09:32.937   216   247 V WindowStateAnimator: android.view.Choreographer$CallbackRecord.run(Choreographer.java:872)
12-16 10:09:32.937   216   247 V WindowStateAnimator: android.view.Choreographer.doCallbacks(Choreographer.java:686)
12-16 10:09:32.937   216   247 V WindowStateAnimator: android.view.Choreographer.doFrame(Choreographer.java:618)
12-16 10:09:32.938   216   247 V WindowStateAnimator: android.view.Choreographer$FrameDisplayEventReceiver.run(Choreographer.java:860)
12-16 10:09:32.938   216   247 V WindowStateAnimator: android.os.Handler.handleCallback(Handler.java:751)
12-16 10:09:32.938   216   247 V WindowStateAnimator: android.os.Handler.dispatchMessage(Handler.java:95)
12-16 10:09:32.938   216   247 V WindowStateAnimator: android.os.Looper.loop(Looper.java:154)
12-16 10:09:32.938   216   247 V WindowStateAnimator: android.os.HandlerThread.run(HandlerThread.java:61)
12-16 10:09:32.938   216   247 V WindowStateAnimator: com.android.server.ServiceThread.run(ServiceThread.java:46)
12-16 10:09:32.938   216   247 V WindowStateAnimator: stepAnimationLocked end
12-16 10:09:32.938   216   247 V WindowManager: Window{bb43593 u0 KeyguardScrim}: wasAnimating=false, nowAnimating=false
12-16 10:09:32.939   216   247 V WindowManager: Force hide KEYGUARD_SHOWN hasSurface=true policyVis=true destroying=false attHidden=false vis=0 hidden=false anim=null
12-16 10:09:32.939   216   247 V WindowStateAnimator: computeShownFrameLocked: WindowStateAnimator{91fb2fc KeyguardScrim} not attached, mAlpha=1.0
12-16 10:09:32.939   216   247 D WindowStateAnimator: Updating crop win=Window{bb43593 u0 KeyguardScrim} mLastCrop=Rect(0, 0 - 320, 480)
12-16 10:09:32.939   216   247 D WindowStateAnimator: win=Window{bb43593 u0 KeyguardScrim} Initial clip rect: Rect(0, 0 - 320, 480) mHasClipRect=false fullscreen=true
12-16 10:09:32.939   216   247 D WindowStateAnimator: win=Window{bb43593 u0 KeyguardScrim} Clip rect after stack adjustment=Rect(0, 0 - 320, 480)
12-16 10:09:32.939   216   247 D WindowStateAnimator: updateSurfaceWindowCrop: win=Window{bb43593 u0 KeyguardScrim} clipRect=Rect(0, 0 - 320, 480) finalClipRect=Rect(0, 0 - 0, 0)
12-16 10:09:32.940   216   247 I WindowManager:   SURFACE MATRIX [1.0,0.0,0.0,1.0]: KeyguardScrim
12-16 10:09:32.940   216   247 V WindowStateAnimator: computeShownFrameLocked: WindowStateAnimator{b53b0f8 Android is startingâ¦} not attached, mAlpha=1.0
12-16 10:09:32.940   216   247 D WindowStateAnimator: Updating crop win=Window{56a80a u0 Android is startingâ¦} mLastCrop=Rect(0, 0 - 368, 226)
12-16 10:09:32.940   216   247 D WindowStateAnimator: win=Window{56a80a u0 Android is startingâ¦} Initial clip rect: Rect(0, 0 - 304, 162) mHasClipRect=false fullscreen=false
12-16 10:09:32.941   216   247 D WindowStateAnimator: win=Window{56a80a u0 Android is startingâ¦} Clip rect after stack adjustment=Rect(0, 0 - 368, 226)
12-16 10:09:32.941   216   247 D WindowStateAnimator: updateSurfaceWindowCrop: win=Window{56a80a u0 Android is startingâ¦} clipRect=Rect(0, 0 - 368, 226) finalClipRect=Rect(0, 0 - 0, 0)
12-16 10:09:32.941   216   247 I WindowManager:   SURFACE MATRIX [1.0,0.0,0.0,1.0]: Android is startingâ¦
12-16 10:09:32.941   216   247 V WindowManager: animateDimLayers, dimLayerUser=Stack=0 state.animator=WindowStateAnimator{b53b0f8 Android is startingâ¦} state.continueDimming=true
12-16 10:09:32.941   216   247 V WindowManager: show: immediate
12-16 10:09:32.941   216   247 V WindowManager: show: layer=300999 alpha=1.0 duration=0, mDestroyed=false
12-16 10:09:32.942   216   247 V WindowManager: show: mStartAlpha=0.0 mStartTime=60130 mTargetAlpha=1.0
12-16 10:09:32.956   216   247 I WindowManager: <<< CLOSE TRANSACTION animateLocked
12-16 10:09:32.956   216   247 I WindowManager: !!! animate: exit mAnimating=false mBulkUpdateParams=8 mPendingLayoutChanges(DEFAULT_DISPLAY)=0
12-16 10:09:32.975   216   237 V ViewRootImpl[Android is startingâ¦]: Surface Surface(name=null)/@0xe94dc36 unlockCanvasAndPost
12-16 10:09:33.019   423   423 I chatty  : uid=10024(com.android.systemui) expire 1 line
12-16 10:09:33.027   418   418 W art     : Unknown instruction set features for ARM CPU variant (generic) using conservative defaults
12-16 10:09:33.031   430   430 W art     : Unknown instruction set features for ARM CPU variant (generic) using conservative defaults
12-16 10:09:33.205   430   430 V WebViewFactory: RelroFileCreator (64bit = false),  32-bit lib: /system/app/webview/webview.apk!/lib/armeabi-v7a/libwebviewchromium.so, 64-bit lib: 
12-16 10:09:33.522   430   430 I art     : System.exit called, status: 0
12-16 10:09:33.523   430   430 I AndroidRuntime: VM exiting with result code 0, cleanup skipped.
12-16 10:09:33.559   216   409 W art     : Long monitor contention with owner LazyTaskWriterThread (417) at void com.android.server.am.TaskPersister.removeObsoleteFiles(android.util.ArraySet)(TaskPersister.java:561) waiters=0 in int com.android.server.am.ActivityManagerService.broadcastIntent(android.app.IApplicationThread, android.content.Intent, java.lang.String, android.content.IIntentReceiver, int, java.lang.String, android.os.Bundle, java.lang.String[], int, android.os.Bundle, boolean, boolean, int) for 624ms
12-16 10:09:33.560   216   409 I dvm_lock_sample: [system_server,0,AudioService,624,ActivityManagerService.java,18475,TaskPersister.java,561,100]
12-16 10:09:33.566   216   409 E BluetoothAdapter: Bluetooth binder is null
12-16 10:09:33.573    75   133 I AudioFlinger: systemReady
12-16 10:09:33.577   216   237 W art     : Long monitor contention with owner LazyTaskWriterThread (417) at void com.android.server.am.TaskPersister.removeObsoleteFiles(android.util.ArraySet)(TaskPersister.java:561) waiters=1 in void com.android.server.am.ActivityManagerService.dispatchUidsChanged() for 559ms
12-16 10:09:33.578   216   286 I am_proc_bound: [0,423,com.android.systemui]
12-16 10:09:33.783   216   237 I dvm_lock_sample: [system_server,1,android.ui,559,ActivityManagerService.java,4199,TaskPersister.java,561,100]
12-16 10:09:33.851   216   230 W art     : Long monitor contention with owner LazyTaskWriterThread (417) at void com.android.server.am.TaskPersister.removeObsoleteFiles(android.util.ArraySet)(TaskPersister.java:561) waiters=3 in void com.android.server.am.ActivityManagerService.attachApplication(android.app.IApplicationThread) for 542ms
12-16 10:09:33.851   216   230 I dvm_lock_sample: [system_server,1,Binder:216_1,542,ActivityManagerService.java,6649,TaskPersister.java,561,100]
12-16 10:09:33.852   216   230 I am_proc_bound: [0,418,com.android.inputmethod.latin]
12-16 10:09:33.870   216   237 I Choreographer: Skipped 1154 frames!  The application may be doing too much work on its main thread.
12-16 10:09:33.871   216   237 I System.out: ======================================
12-16 10:09:33.872   216   237 I System.out: performTraversals
12-16 10:09:33.872   216   237 D View    :   + DecorView@ddd7157[Android is startingâ¦]
12-16 10:09:33.872   216   237 D View    :       frame={0, 0, 304, 162} scroll={0, 0} 
12-16 10:09:33.872   216   237 D View    :       padding={16, 16, 16, 16}
12-16 10:09:33.872   216   237 D View    :       mMeasureWidth=304 mMeasureHeight=162
12-16 10:09:33.872   216   237 D Debug   :       Contents of WM.LayoutParams{(0,0)(wrapxwrap) gr=#11 sim=#20 ty=2021 fl=#1820102 fmt=-3 wanim=0x1030469 or=5 needsMenuKey=2}:
12-16 10:09:33.873   216   237 D Debug   : ViewGroup.LayoutParams={ width=wrap-content, height=wrap-content }
12-16 10:09:33.873   216   237 D Debug   : 
12-16 10:09:33.873   216   237 D Debug   : WindowManager.LayoutParams={title=Android is startingâ¦}
12-16 10:09:33.873   216   237 D View    : 
12-16 10:09:33.873   216   237 D View    :       flags={}
12-16 10:09:33.873   216   237 D View    :       privateFlags={IS_ROOT_NAMESPACE HAS_BOUNDS DRAWN}
12-16 10:09:33.873   216   237 D View    :       {
12-16 10:09:33.873   216   237 D View    :       + android.widget.FrameLayout{1bf444 V.E...... ......ID 16,16-288,146}
12-16 10:09:33.874   216   237 D View    :           frame={16, 16, 288, 146} scroll={0, 0} 
12-16 10:09:33.874   216   237 D View    :           mMeasureWidth=272 mMeasureHeight=130
12-16 10:09:33.874   216   237 D View    :           ViewGroup.LayoutParams={ width=match-parent, height=match-parent }
12-16 10:09:33.874   216   237 D View    :           flags={}
12-16 10:09:33.874   216   237 D View    :           privateFlags={HAS_BOUNDS DRAWN}
12-16 10:09:33.874   216   237 D View    :           {
12-16 10:09:33.874   216   237 D View    :           + android.widget.FrameLayout{ebe92d V.E...... ......ID 0,0-272,130 #1020002 android:id/content} (id=16908290)
12-16 10:09:33.875   216   237 D View    :               frame={0, 0, 272, 130} scroll={0, 0} 
12-16 10:09:33.895   216   237 D View    :               mMeasureWidth=272 mMeasureHeight=130
12-16 10:09:33.895   216   237 D View    :               ViewGroup.LayoutParams={ width=match-parent, height=match-parent }
12-16 10:09:33.895   216   237 D View    :               flags={}
12-16 10:09:33.896   216   237 D View    :               privateFlags={HAS_BOUNDS DRAWN}
12-16 10:09:33.896   216   237 D View    :               {
12-16 10:09:33.896   216   237 D View    :               + com.android.internal.widget.AlertDialogLayout{b4c2e62 V.E...... ......ID 0,0-272,130 #1020322 android:id/parentPanel} (id=16909090)
12-16 10:09:33.896   216   237 D View    :                   frame={0, 0, 272, 130} scroll={0, 0} 
12-16 10:09:33.896   216   237 D View    :                   mMeasureWidth=272 mMeasureHeight=130
12-16 10:09:33.896   216   237 D View    :                   ViewGroup.LayoutParams={ width=match-parent, height=wrap-content }
12-16 10:09:33.897   216   237 D View    :                   flags={}
12-16 10:09:33.897   216   237 D View    :                   privateFlags={HAS_BOUNDS DRAWN}
12-16 10:09:33.897   216   237 D View    :                   {
12-16 10:09:33.897   216   237 D View    :                   + android.widget.LinearLayout{75dcbf3 V.E...... ......I. 0,0-272,46 #1020323 android:id/topPanel} (id=16909091)
12-16 10:09:33.897   216   237 D View    :                       frame={0, 0, 272, 46} scroll={0, 0} 
12-16 10:09:33.897   216   237 D View    :                       mMeasureWidth=272 mMeasureHeight=46
12-16 10:09:33.898   216   237 D View    :                       LinearLayout.LayoutParams={width=match-parent, height=wrap-content weight=0.0}
12-16 10:09:33.975   216   237 D View    :                       flags={}
12-16 10:09:33.975   216   237 D View    :                       privateFlags={HAS_BOUNDS DRAWN}
12-16 10:09:33.976   216   237 D View    :                       {
12-16 10:09:33.976   216   237 D View    :                       + android.widget.LinearLayout{80610b0 V.E...... ......I. 0,0-272,46 #1020324 android:id/title_template} (id=16909092)
12-16 10:09:33.976   216   237 D View    :                           frame={0, 0, 272, 46} scroll={0, 0} 
12-16 10:09:33.976   216   237 D View    :                           padding={24, 18, 24, 0}
12-16 10:09:33.976   216   237 D View    :                           mMeasureWidth=272 mMeasureHeight=46
12-16 10:09:33.977   216   237 D View    :                           LinearLayout.LayoutParams={width=match-parent, height=wrap-content weight=0.0}
12-16 10:09:33.977   216   237 D View    :                           flags={}
12-16 10:09:33.977   216   237 D View    :                           privateFlags={HAS_BOUNDS DRAWN}
12-16 10:09:33.977   216   237 D View    :                           {
12-16 10:09:33.977   216   237 D View    :                           + android.widget.ImageView{bcaeb29 G.ED..... ......I. 0,0-0,0 #1020006 android:id/icon} (id=16908294)
12-16 10:09:33.978   216   237 D View    :                               frame={0, 0, 0, 0} scroll={0, 0} 
12-16 10:09:33.978   216   237 D View    :                               mMeasureWidth=0 mMeasureHeight=0
12-16 10:09:33.978   216   237 D View    :                               LinearLayout.LayoutParams={width=32, height=32 weight=0.0}
12-16 10:09:33.978   216   237 D View    :                               flags={GONE}
12-16 10:09:33.978   216   237 D View    :                               privateFlags={DRAWN}
12-16 10:09:33.978   216   237 D View    :                           + com.android.internal.widget.DialogTitle{3c2ceae V.ED..... ......I. 24,18-248,46 #1020325 android:id/alertTitle} (id=16909093)
12-16 10:09:33.979   216   237 D View    :                               frame={24, 18, 248, 46} scroll={0, 0} 
12-16 10:09:33.979   216   237 D View    :                               mMeasureWidth=224 mMeasureHeight=28
12-16 10:09:33.979   216   237 D View    :                               LinearLayout.LayoutParams={width=match-parent, height=wrap-content weight=0.0}
12-16 10:09:33.979   216   237 D View    :                               flags={}
12-16 10:09:33.979   216   237 D View    :                               privateFlags={HAS_BOUNDS DRAWN}
12-16 10:09:33.979   216   237 D View    :                               frame={24, 18, 248, 46} scroll={0, 0} mText="Android is startingâ¦" mLayout width=1048576 height=28
12-16 10:09:33.979   216   237 D View    :                           }
12-16 10:09:33.980   216   237 D View    :                       + android.widget.Space{d7f344f G.ED..... ......I. 0,0-0,0 #1020334 android:id/titleDividerNoCustom} (id=16909108)
12-16 10:09:33.980   216   237 D View    :                           frame={0, 0, 0, 0} scroll={0, 0} 
12-16 10:09:33.980   216   237 D View    :                           mMeasureWidth=0 mMeasureHeight=0
12-16 10:09:33.980   216   237 D View    :                           LinearLayout.LayoutParams={width=match-parent, height=8 weight=0.0}
12-16 10:09:33.980   216   237 D View    :                           flags={GONE}
12-16 10:09:33.980   216   237 D View    :                           privateFlags={DRAWN}
12-16 10:09:33.981   216   237 D View    :                       }
12-16 10:09:33.981   216   237 D View    :                   + android.widget.FrameLayout{53387dc G.E...... ......I. 0,0-0,0 #102032a android:id/contentPanel} (id=16909098)
12-16 10:09:33.981   216   237 D View    :                       frame={0, 0, 0, 0} scroll={0, 0} 
12-16 10:09:33.981   216   237 D View    :                       mMeasureWidth=0 mMeasureHeight=0
12-16 10:09:33.981   216   237 D View    :                       LinearLayout.LayoutParams={width=match-parent, height=wrap-content weight=0.0}
12-16 10:09:33.981   216   237 D View    :                       flags={GONE}
12-16 10:09:33.981   216   237 D View    :                       privateFlags={DRAWN}
12-16 10:09:33.982   216   237 D View    :                       {
12-16 10:09:33.982   216   237 D View    :                       + android.widget.ScrollView{a7e10e5 V.ED.V... ......I. 0,0-0,0 #102032b android:id/scrollView} (id=16909099)
12-16 10:09:33.982   216   237 D View    :                           frame={0, 0, 0, 0} scroll={0, 0} 
12-16 10:09:33.982   216   237 D View    :                           mMeasureWidth=0 mMeasureHeight=0
12-16 10:09:33.982   216   237 D View    :                           ViewGroup.LayoutParams={ width=match-parent, height=wrap-content }
12-16 10:09:33.982   216   237 D View    :                           flags={}
12-16 10:09:33.982   216   237 D View    :                           privateFlags={}
12-16 10:09:33.983   216   237 D View    :                           {
12-16 10:09:33.983   216   237 D View    :                           + android.widget.LinearLayout{6f127ba V.E...... ......I. 0,0-0,0}
12-16 10:09:33.983   216   237 D View    :                               frame={0, 0, 0, 0} scroll={0, 0} 
12-16 10:09:33.983   216   237 D View    :                               mMeasureWidth=0 mMeasureHeight=0
12-16 10:09:33.983   216   237 D View    :                               ViewGroup.LayoutParams={ width=match-parent, height=wrap-content }
12-16 10:09:33.983   216   237 D View    :                               flags={}
12-16 10:09:33.983   216   237 D View    :                               privateFlags={}
12-16 10:09:33.984   216   237 D View    :                               {
12-16 10:09:33.984   216   237 D View    :                               + android.widget.Space{2a4c66b G.ED..... ......I. 0,0-0,0 #1020330 android:id/textSpacerNoTitle} (id=16909104)
12-16 10:09:33.984   216   237 D View    :                                   frame={0, 0, 0, 0} scroll={0, 0} 
12-16 10:09:33.984   216   237 D View    :                                   mMeasureWidth=0 mMeasureHeight=0
12-16 10:09:33.984   216   237 D View    :                                   LinearLayout.LayoutParams={width=match-parent, height=18 weight=0.0}
12-16 10:09:33.984   216   237 D View    :                                   flags={GONE}
12-16 10:09:33.999   216   237 D View    :                                   privateFlags={DRAWN}
12-16 10:09:33.999   216   237 D View    :                               + android.widget.TextView{65f45c8 G.ED..... ......ID 0,0-0,0 #102000b android:id/message} (id=16908299)
12-16 10:09:34.000   216   237 D View    :                                   frame={0, 0, 0, 0} scroll={0, 0} 
12-16 10:09:34.000   216   237 D View    :                                   padding={24, 0, 24, 0}
12-16 10:09:34.000   216   237 D View    :                                   mMeasureWidth=0 mMeasureHeight=0
12-16 10:09:34.000   216   237 D View    :                                   LinearLayout.LayoutParams={width=match-parent, height=wrap-content weight=0.0}
12-16 10:09:34.000   216   237 D View    :                                   flags={GONE}
12-16 10:09:34.000   216   237 D View    :                                   privateFlags={DRAWN}
12-16 10:09:34.001   216   237 D View    :                                   frame={0, 0, 0, 0} scroll={0, 0} mText="" 
12-16 10:09:34.001   216   237 D View    :                               + android.widget.Space{e83d661 V.ED..... ......I. 0,0-0,0 #1020331 android:id/textSpacerNoButtons} (id=16909105)
12-16 10:09:34.001   216   237 D View    :                                   frame={0, 0, 0, 0} scroll={0, 0} 
12-16 10:09:34.005   216   237 D View    :                                   mMeasureWidth=0 mMeasureHeight=0
12-16 10:09:34.005   216   237 D View    :                                   LinearLayout.LayoutParams={width=match-parent, height=18 weight=0.0}
12-16 10:09:34.005   216   237 D View    :                                   flags={}
12-16 10:09:34.006   216   237 D View    :                                   privateFlags={DRAWN}
12-16 10:09:34.006   216   237 D View    :                               }
12-16 10:09:34.006   216   237 D View    :                           }
12-16 10:09:34.006   216   237 D View    :                       }
12-16 10:09:34.006   216   237 D View    :                   + android.widget.FrameLayout{97a0586 V.E...... ......ID 0,46-272,130 #102032c android:id/customPanel} (id=16909100)
12-16 10:09:34.006   216   237 D View    :                       frame={0, 46, 272, 130} scroll={0, 0} 
12-16 10:09:34.006   216   237 D View    :                       mMeasureWidth=272 mMeasureHeight=84
12-16 10:09:34.007   216   237 D View    :                       LinearLayout.LayoutParams={width=match-parent, height=wrap-content weight=0.0}
12-16 10:09:34.007   216   237 D View    :                       flags={}
12-16 10:09:34.007   216   237 D View    :                       privateFlags={HAS_BOUNDS DRAWN}
12-16 10:09:34.008   216   237 D View    :                       {
12-16 10:09:34.008   216   237 D View    :                       + android.widget.FrameLayout{2475e47 V.E...... ......ID 0,0-272,84 #102002b android:id/custom} (id=16908331)
12-16 10:09:34.008   216   237 D View    :                           frame={0, 0, 272, 84} scroll={0, 0} 
12-16 10:09:34.008   216   237 D View    :                           mMeasureWidth=272 mMeasureHeight=84
12-16 10:09:34.008   216   237 D View    :                           ViewGroup.LayoutParams={ width=match-parent, height=wrap-content }
12-16 10:09:34.009   216   237 D View    :                           flags={}
12-16 10:09:34.009   216   237 D View    :                           privateFlags={HAS_BOUNDS DRAWN}
12-16 10:09:34.009   216   237 D View    :                           {
12-16 10:09:34.009   216   237 D View    :                           + android.widget.FrameLayout{906f674 V.E...... ......ID 0,0-272,84}
12-16 10:09:34.009   216   237 D View    :                               frame={0, 0, 272, 84} scroll={0, 0} 
12-16 10:09:34.009   216   237 D View    :                               mMeasureWidth=272 mMeasureHeight=84
12-16 10:09:34.009   216   237 D View    :                               ViewGroup.LayoutParams={ width=match-parent, height=match-parent }
12-16 10:09:34.010   216   237 D View    :                               flags={}
12-16 10:09:34.010   216   237 D View    :                               privateFlags={HAS_BOUNDS DRAWN}
12-16 10:09:34.010   216   237 D View    :                               {
12-16 10:09:34.010   216   237 D View    :                               + android.widget.LinearLayout{8c6779d V.E...... ......ID 0,0-272,84 #10203dd android:id/body} (id=16909277)
12-16 10:09:34.010   216   237 D View    :                                   frame={0, 0, 272, 84} scroll={0, 0} 
12-16 10:09:34.010   216   237 D View    :                                   padding={24, 18, 24, 18}
12-16 10:09:34.011   216   237 D View    :                                   mMeasureWidth=272 mMeasureHeight=84
12-16 10:09:34.011   216   237 D View    :                                   ViewGroup.LayoutParams={ width=match-parent, height=match-parent }
12-16 10:09:34.011   216   237 D View    :                                   flags={}
12-16 10:09:34.011   216   237 D View    :                                   privateFlags={HAS_BOUNDS DRAWN}
12-16 10:09:34.011   216   237 D View    :                                   {
12-16 10:09:34.011   216   237 D View    :                                   + android.widget.ProgressBar{560f412 V.ED..... ......ID 24,18-72,66 #102000d android:id/progress} (id=16908301)
12-16 10:09:34.012   216   237 D View    :                                       frame={24, 18, 72, 66} scroll={0, 0} 
12-16 10:09:34.012   216   237 D View    :                                       mMeasureWidth=48 mMeasureHeight=48
12-16 10:09:34.012   216   237 D View    :                                       LinearLayout.LayoutParams={width=wrap-content, height=wrap-content weight=0.0}
12-16 10:09:34.012   216   237 D View    :                                       flags={}
12-16 10:09:34.013   216   237 D View    :                                       privateFlags={HAS_BOUNDS DRAWN}
12-16 10:09:34.013   216   237 D View    :                                   + android.widget.TextView{c9197e3 V.ED..... ......I. 96,32-248,51 #102000b android:id/message} (id=16908299)
12-16 10:09:34.013   216   237 D View    :                                       frame={96, 32, 248, 51} scroll={0, 0} 
12-16 10:09:34.013   216   237 D View    :                                       mMeasureWidth=152 mMeasureHeight=19
12-16 10:09:34.013   216   237 D View    :                                       LinearLayout.LayoutParams={width=match-parent, height=wrap-content weight=0.0}
12-16 10:09:34.014   216   237 D View    :                                       flags={}
12-16 10:09:34.014   216   237 D View    :                                       privateFlags={HAS_BOUNDS DRAWN}
12-16 10:09:34.014   216   237 D View    :                                       frame={96, 32, 248, 51} scroll={0, 0} mText="Optimizing storage." mLayout width=152 height=19
12-16 10:09:34.014   216   237 D View    :                                   }
12-16 10:09:34.014   216   237 D View    :                               }
12-16 10:09:34.014   216   237 D View    :                           }
12-16 10:09:34.014   216   237 D View    :                       }
12-16 10:09:34.055   216   237 D View    :                   + android.widget.ScrollView{2d705e0 GFED.V... ......I. 0,0-0,0 #1020327 android:id/buttonPanel} (id=16909095)
12-16 10:09:34.055   216   237 D View    :                       frame={0, 0, 0, 0} scroll={0, 0} 
12-16 10:09:34.055   216   237 D View    :                       mMeasureWidth=0 mMeasureHeight=0
12-16 10:09:34.055   216   237 D View    :                       LinearLayout.LayoutParams={width=match-parent, height=wrap-content weight=0.0}
12-16 10:09:34.055   216   237 D View    :                       flags={TAKES_FOCUS GONE}
12-16 10:09:34.056   216   237 D View    :                       privateFlags={DRAWN}
12-16 10:09:34.056   216   237 D View    :                       {
12-16 10:09:34.056   216   237 D View    :                       + com.android.internal.widget.ButtonBarLayout{497f099 V.E...... ......I. 0,0-0,0}
12-16 10:09:34.056   216   237 D View    :                           frame={0, 0, 0, 0} scroll={0, 0} 
12-16 10:09:34.056   216   237 D View    :                           padding={0, 4, 0, 4}
12-16 10:09:34.056   216   237 D View    :                           mMeasureWidth=0 mMeasureHeight=0
12-16 10:09:34.056   216   237 D View    :                           ViewGroup.LayoutParams={ width=match-parent, height=wrap-content }
12-16 10:09:34.057   216   237 D View    :                           flags={}
12-16 10:09:34.057   216   237 D View    :                           privateFlags={}
12-16 10:09:34.057   216   237 D View    :                           {
12-16 10:09:34.057   216   237 D View    :                           + android.widget.Button{f563f5e GFED..C.. ......I. 0,0-0,0 #102001b android:id/button3} (id=16908315)
12-16 10:09:34.057   216   237 D View    :                               frame={0, 0, 0, 0} scroll={0, 0} 
12-16 10:09:34.618    83    83 I MediaPlayerService: MediaPlayerService::getOMX
12-16 10:09:34.780    83    83 I OMXClient: MuxOMX ctor
12-16 10:09:34.897    83    83 I MediaPlayerService: MediaPlayerService::getOMX
12-16 10:09:34.898    83    83 I OMXClient: MuxOMX ctor
12-16 10:09:34.917    80    80 I OMXMaster: makeComponentInstance(OMX.google.mp3.decoder) in mediacodec process
12-16 10:09:35.245   216   237 I liblog  : 1168
12-16 10:09:35.245   216   237 D View    :           + android.view.ViewStub{4c2f36a G.E...... ......I. 0,0-0,0 #10203ef android:id/action_mode_bar_stub} (id=16909295)
12-16 10:09:35.245   216   237 D View    :               frame={0, 0, 0, 0} scroll={0, 0} 
12-16 10:09:35.245   216   237 D View    :               mMeasureWidth=0 mMeasureHeight=0
12-16 10:09:35.245   216   237 D View    :               ViewGroup.LayoutParams={ width=match-parent, height=wrap-content }
12-16 10:09:35.245   216   237 D View    :               flags={GONE}
12-16 10:09:35.245   216   237 D View    :               privateFlags={DRAWN}
12-16 10:09:35.246   216   237 D View    :           }
12-16 10:09:35.246   216   237 D View    :       }
12-16 10:09:35.246   216   237 V ViewRootImpl[Android is startingâ¦]: 0x4ca85c2	Frame time:	201
12-16 10:09:35.246   216   237 V ViewRootImpl[Android is startingâ¦]: 0x4ca85c2	FPS:	4.269855
12-16 10:09:35.246   216   237 V ViewRootImpl[Android is startingâ¦]: Draw DecorView@ddd7157[Android is startingâ¦]/Android is startingâ¦: dirty={40,80,88,128} surface=Surface(name=null)/@0xe94dc36 surface.isValid()=true, appScale:1.0, width=304, height=162
12-16 10:09:35.265   216   237 V ViewRootImpl[Android is startingâ¦]: Surface Surface(name=null)/@0xe94dc36 drawing to bitmap w=368, h=226
12-16 10:09:35.266   216   237 I ViewRootImpl[Android is startingâ¦]: Drawing: package:android, metrics=DisplayMetrics{density=1.0, width=320, height=480, scaledDensity=1.0, xdpi=160.0, ydpi=160.0}, compatibilityInfo={160dpi always-compat}
12-16 10:09:35.267   216   237 V ViewRootImpl[Android is startingâ¦]: Invalidate child: Rect(40, 80 - 88, 128)
12-16 10:09:35.279   216   237 V ViewRootImpl[Android is startingâ¦]: Surface Surface(name=null)/@0xe94dc36 unlockCanvasAndPost
12-16 10:09:35.280   216   237 I Choreographer: Skipped 141 frames!  The application may be doing too much work on its main thread.
12-16 10:09:35.284   216   237 I System.out: ======================================
12-16 10:09:35.284   216   237 I System.out: performTraversals
12-16 10:09:35.292   216   227 I art     : Background sticky concurrent mark sweep GC freed 16466(1369KB) AllocSpace objects, 0(0B) LOS objects, 20% free, 5MB/6MB, paused 2.794ms total 168.127ms
12-16 10:09:35.292   216   237 D View    :   + DecorView@ddd7157[Android is startingâ¦]
12-16 10:09:35.293   216   237 D View    :       frame={0, 0, 304, 162} scroll={0, 0} 
12-16 10:09:35.293   216   237 D View    :       padding={16, 16, 16, 16}
12-16 10:09:35.293   216   237 D View    :       mMeasureWidth=304 mMeasureHeight=162
12-16 10:09:35.293   216   237 D Debug   :       Contents of WM.LayoutParams{(0,0)(wrapxwrap) gr=#11 sim=#20 ty=2021 fl=#1820102 fmt=-3 wanim=0x1030469 or=5 needsMenuKey=2}:
12-16 10:09:35.293   216   237 D Debug   : ViewGroup.LayoutParams={ width=wrap-content, height=wrap-content }
12-16 10:09:35.293   216   237 D Debug   : 
12-16 10:09:35.293   216   237 D Debug   : WindowManager.LayoutParams={title=Android is startingâ¦}
12-16 10:09:35.293   216   237 D View    : 
12-16 10:09:35.294   216   237 D View    :       flags={}
12-16 10:09:35.294   216   237 D View    :       privateFlags={IS_ROOT_NAMESPACE HAS_BOUNDS DRAWN}
12-16 10:09:35.294   216   237 D View    :       {
12-16 10:09:35.294   216   237 D View    :       + android.widget.FrameLayout{1bf444 V.E...... ......ID 16,16-288,146}
12-16 10:09:35.294   216   237 D View    :           frame={16, 16, 288, 146} scroll={0, 0} 
12-16 10:09:35.294   216   237 D View    :           mMeasureWidth=272 mMeasureHeight=130
12-16 10:09:35.294   216   237 D View    :           ViewGroup.LayoutParams={ width=match-parent, height=match-parent }
12-16 10:09:35.355   216   237 D View    :           flags={}
12-16 10:09:35.355   216   237 D View    :           privateFlags={HAS_BOUNDS DRAWN}
12-16 10:09:35.355   216   237 D View    :           {
12-16 10:09:35.355   216   237 D View    :           + android.widget.FrameLayout{ebe92d V.E...... ......ID 0,0-272,130 #1020002 android:id/content} (id=16908290)
12-16 10:09:35.356   216   237 D View    :               frame={0, 0, 272, 130} scroll={0, 0} 
12-16 10:09:35.356   216   237 D View    :               mMeasureWidth=272 mMeasureHeight=130
12-16 10:09:35.356   216   237 D View    :               ViewGroup.LayoutParams={ width=match-parent, height=match-parent }
12-16 10:09:35.356   216   237 D View    :               flags={}
12-16 10:09:35.356   216   237 D View    :               privateFlags={HAS_BOUNDS DRAWN}
12-16 10:09:35.356   216   237 D View    :               {
12-16 10:09:35.356   216   237 D View    :               + com.android.internal.widget.AlertDialogLayout{b4c2e62 V.E...... ......ID 0,0-272,130 #1020322 android:id/parentPanel} (id=16909090)
12-16 10:09:35.357   216   237 D View    :                   frame={0, 0, 272, 130} scroll={0, 0} 
12-16 10:09:35.357   216   237 D View    :                   mMeasureWidth=272 mMeasureHeight=130
12-16 10:09:35.357   216   237 D View    :                   ViewGroup.LayoutParams={ width=match-parent, height=wrap-content }
12-16 10:09:35.357   216   237 D View    :                   flags={}
12-16 10:09:35.357   216   237 D View    :                   privateFlags={HAS_BOUNDS DRAWN}
12-16 10:09:35.357   216   237 D View    :                   {
12-16 10:09:35.357   216   237 D View    :                   + android.widget.LinearLayout{75dcbf3 V.E...... ......I. 0,0-272,46 #1020323 android:id/topPanel} (id=16909091)
12-16 10:09:35.358   216   237 D View    :                       frame={0, 0, 272, 46} scroll={0, 0} 
12-16 10:09:35.358   216   237 D View    :                       mMeasureWidth=272 mMeasureHeight=46
12-16 10:09:35.358   216   237 D View    :                       LinearLayout.LayoutParams={width=match-parent, height=wrap-content weight=0.0}
12-16 10:09:35.358   216   237 D View    :                       flags={}
12-16 10:09:35.358   216   237 D View    :                       privateFlags={HAS_BOUNDS DRAWN}
12-16 10:09:35.358   216   237 D View    :                       {
12-16 10:09:35.359   216   237 D View    :                       + android.widget.LinearLayout{80610b0 V.E...... ......I. 0,0-272,46 #1020324 android:id/title_template} (id=16909092)
12-16 10:09:35.359   216   237 D View    :                           frame={0, 0, 272, 46} scroll={0, 0} 
12-16 10:09:35.359   216   237 D View    :                           padding={24, 18, 24, 0}
12-16 10:09:35.359   216   237 D View    :                           mMeasureWidth=272 mMeasureHeight=46
12-16 10:09:35.359   216   237 D View    :                           LinearLayout.LayoutParams={width=match-parent, height=wrap-content weight=0.0}
12-16 10:09:35.359   216   237 D View    :                           flags={}
12-16 10:09:35.359   216   237 D View    :                           privateFlags={HAS_BOUNDS DRAWN}
12-16 10:09:35.360   216   237 D View    :                           {
12-16 10:09:35.360   216   237 D View    :                           + android.widget.ImageView{bcaeb29 G.ED..... ......I. 0,0-0,0 #1020006 android:id/icon} (id=16908294)
12-16 10:09:35.360   216   237 D View    :                               frame={0, 0, 0, 0} scroll={0, 0} 
12-16 10:09:35.360   216   237 D View    :                               mMeasureWidth=0 mMeasureHeight=0
12-16 10:09:35.360   216   237 D View    :                               LinearLayout.LayoutParams={width=32, height=32 weight=0.0}
12-16 10:09:35.360   216   237 D View    :                               flags={GONE}
12-16 10:09:35.361   216   237 D View    :                               privateFlags={DRAWN}
12-16 10:09:35.361   216   237 D View    :                           + com.android.internal.widget.DialogTitle{3c2ceae V.ED..... ......I. 24,18-248,46 #1020325 android:id/alertTitle} (id=16909093)
12-16 10:09:36.209    83    83 I MediaPlayerService: MediaPlayerService::getOMX
12-16 10:09:36.210    83    83 I OMXClient: MuxOMX ctor
12-16 10:09:36.211    80    80 I OMXMaster: makeComponentInstance(OMX.google.amrnb.decoder) in mediacodec process
12-16 10:09:36.448    83    83 I MediaPlayerService: MediaPlayerService::getOMX
12-16 10:09:36.449    83    83 I OMXClient: MuxOMX ctor
12-16 10:09:36.450    80    80 I OMXMaster: makeComponentInstance(OMX.google.amrwb.decoder) in mediacodec process
12-16 10:09:36.535    83    83 I MediaPlayerService: MediaPlayerService::getOMX
12-16 10:09:36.538    83    83 I OMXClient: MuxOMX ctor
12-16 10:09:36.539    80    80 I OMXMaster: makeComponentInstance(OMX.google.aac.decoder) in mediacodec process
12-16 10:09:36.749    83    83 I MediaPlayerService: MediaPlayerService::getOMX
12-16 10:09:36.752    83    83 I OMXClient: MuxOMX ctor
12-16 10:09:36.752    80    80 I OMXMaster: makeComponentInstance(OMX.google.g711.alaw.decoder) in mediacodec process
12-16 10:09:37.704    83    83 I MediaPlayerService: MediaPlayerService::getOMX
12-16 10:09:37.736    83    83 I OMXClient: MuxOMX ctor
12-16 10:09:37.737    80    80 I OMXMaster: makeComponentInstance(OMX.google.g711.mlaw.decoder) in mediacodec process
12-16 10:09:38.044   216   237 I liblog  : 2541
12-16 10:09:38.044   216   237 D View    :                                   mMeasureWidth=0 mMeasureHeight=0
12-16 10:09:38.085   216   237 D View    :                                   LinearLayout.LayoutParams={width=match-parent, height=wrap-content weight=0.0}
12-16 10:09:38.085   216   237 D View    :                                   flags={GONE}
12-16 10:09:38.085   216   237 D View    :                                   privateFlags={DRAWN}
12-16 10:09:38.086   216   237 D View    :                                   frame={0, 0, 0, 0} scroll={0, 0} mText="" 
12-16 10:09:38.086   216   237 D View    :                               + android.widget.Space{e83d661 V.ED..... ......I. 0,0-0,0 #1020331 android:id/textSpacerNoButtons} (id=16909105)
12-16 10:09:38.086   216   237 D View    :                                   frame={0, 0, 0, 0} scroll={0, 0} 
12-16 10:09:38.086   216   237 D View    :                                   mMeasureWidth=0 mMeasureHeight=0
12-16 10:09:38.086   216   237 D View    :                                   LinearLayout.LayoutParams={width=match-parent, height=18 weight=0.0}
12-16 10:09:38.086   216   237 D View    :                                   flags={}
12-16 10:09:38.087   216   237 D View    :                                   privateFlags={DRAWN}
12-16 10:09:38.087   216   237 D View    :                               }
12-16 10:09:38.087   216   237 D View    :                           }
12-16 10:09:38.087   216   237 D View    :                       }
12-16 10:09:38.087   216   237 D View    :                   + android.widget.FrameLayout{97a0586 V.E...... ......ID 0,46-272,130 #102032c android:id/customPanel} (id=16909100)
12-16 10:09:38.087   216   237 D View    :                       frame={0, 46, 272, 130} scroll={0, 0} 
12-16 10:09:38.087   216   237 D View    :                       mMeasureWidth=272 mMeasureHeight=84
12-16 10:09:38.088   216   237 D View    :                       LinearLayout.LayoutParams={width=match-parent, height=wrap-content weight=0.0}
12-16 10:09:38.088   216   237 D View    :                       flags={}
12-16 10:09:38.088   216   237 D View    :                       privateFlags={HAS_BOUNDS DRAWN}
12-16 10:09:38.088   216   237 D View    :                       {
12-16 10:09:38.088   216   237 D View    :                       + android.widget.FrameLayout{2475e47 V.E...... ......ID 0,0-272,84 #102002b android:id/custom} (id=16908331)
12-16 10:09:38.088   216   237 D View    :                           frame={0, 0, 272, 84} scroll={0, 0} 
12-16 10:09:38.089   216   237 D View    :                           mMeasureWidth=272 mMeasureHeight=84
12-16 10:09:38.089   216   237 D View    :                           ViewGroup.LayoutParams={ width=match-parent, height=wrap-content }
12-16 10:09:38.089   216   237 D View    :                           flags={}
12-16 10:09:38.089   216   237 D View    :                           privateFlags={HAS_BOUNDS DRAWN}
12-16 10:09:38.089   216   237 D View    :                           {
12-16 10:09:38.089   216   237 D View    :                           + android.widget.FrameLayout{906f674 V.E...... ......ID 0,0-272,84}
12-16 10:09:38.089   216   237 D View    :                               frame={0, 0, 272, 84} scroll={0, 0} 
12-16 10:09:38.090   216   237 D View    :                               mMeasureWidth=272 mMeasureHeight=84
12-16 10:09:38.090   216   237 D View    :                               ViewGroup.LayoutParams={ width=match-parent, height=match-parent }
12-16 10:09:38.090   216   237 D View    :                               flags={}
12-16 10:09:38.090   216   237 D View    :                               privateFlags={HAS_BOUNDS DRAWN}
12-16 10:09:38.090   216   237 D View    :                               {
12-16 10:09:38.090   216   237 D View    :                               + android.widget.LinearLayout{8c6779d V.E...... ......ID 0,0-272,84 #10203dd android:id/body} (id=16909277)
12-16 10:09:38.090   216   237 D View    :                                   frame={0, 0, 272, 84} scroll={0, 0} 
12-16 10:09:38.091   216   237 D View    :                                   padding={24, 18, 24, 18}
12-16 10:09:38.091   216   237 D View    :                                   mMeasureWidth=272 mMeasureHeight=84
12-16 10:09:38.091   216   237 D View    :                                   ViewGroup.LayoutParams={ width=match-parent, height=match-parent }
12-16 10:09:38.091   216   237 D View    :                                   flags={}
12-16 10:09:38.091   216   237 D View    :                                   privateFlags={HAS_BOUNDS DRAWN}
12-16 10:09:38.091   216   237 D View    :                                   {
12-16 10:09:38.092   216   237 D View    :                                   + android.widget.ProgressBar{560f412 V.ED..... ......ID 24,18-72,66 #102000d android:id/progress} (id=16908301)
12-16 10:09:38.092   216   237 D View    :                                       frame={24, 18, 72, 66} scroll={0, 0} 
12-16 10:09:38.092   216   237 D View    :                                       mMeasureWidth=48 mMeasureHeight=48
12-16 10:09:38.092   216   237 D View    :                                       LinearLayout.LayoutParams={width=wrap-content, height=wrap-content weight=0.0}
12-16 10:09:38.092   216   237 D View    :                                       flags={}
12-16 10:09:38.092   216   237 D View    :                                       privateFlags={HAS_BOUNDS DRAWN}
