12-16 10:08:41.264   216   237 V WindowManager:   VIS: mViewVisibility=0 mRelayoutCalled=true hidden=false hiddenRequested=false mAttachedHidden=false
12-16 10:08:41.265   216   237 V WindowManager: layoutWindowLw(Android is startingâ¦): IN_SCREEN
12-16 10:08:41.268   216   237 V WindowManager: Compute frame Android is startingâ¦: sim=#120 attach=null type=2021 flags=0x01820102 pf=[0,0][320,480] df=[0,0][320,480] of=[0,0][320,480] cf=[0,0][320,480] vf=[0,0][320,480] dcf=[0,0][320,480] sf=[0,0][320,480] osf=null
12-16 10:08:41.269   216   237 V WindowManager: Resolving (mRequestedWidth=304, mRequestedheight=162) to (pw=320, ph=480): frame=[8,159][312,321] ci=[0,0][0,0] vi=[0,0][0,0] si=[0,0][0,0] of=[0,0][0,0]
12-16 10:08:41.270   216   237 V WindowManager:   LAYOUT: mFrame=Rect(8, 159 - 312, 321) mContainingFrame=Rect(0, 0 - 320, 480) mDisplayFrame=Rect(0, 0 - 320, 480)
12-16 10:08:41.271   216   247 V WindowManager: handleMessage: entry what=41
12-16 10:08:41.271   216   237 I WindowManager: Win Window{56a80a u0 Android is startingâ¦}: isVisibleOrBehindKeyguardLw=true
12-16 10:08:41.273   216   237 V WindowManager: Win com.android.server.wm.DimLayerController@83e6737 start dimming.
12-16 10:08:41.273   216   237 V WindowManager: getOrCreateDimLayerState, dimLayerUser=Stack=0
12-16 10:08:41.274   216   237 V WindowManager: startDimmingIfNeeded, dimLayerUser=Stack=0 newWinAnimator=WindowStateAnimator{b53b0f8 Android is startingâ¦} state.animator=null
12-16 10:08:41.285   216   237 V WindowStateAnimator: computeShownFrameLocked: WindowStateAnimator{b53b0f8 Android is startingâ¦} not attached, mAlpha=1.0
12-16 10:08:41.286   216   237 I WindowManager:   SURFACE SIZE 368x226: Android is startingâ¦
12-16 10:08:41.287   216   237 V WindowManager: setSize(368,226): OLD:Surface a5e19d1 Android is startingâ¦ (0): shown=false layer=301000 alpha=0.0 -32.0,-32.0 65x65 crop=[0,0][0,0] opaque=false (0.0,0.0,0.0,0.0). Called by com.android.server.wm.WindowSurfaceController.setSizeInTransaction:296 com.android.server.wm.WindowStateAnimator.setSurfaceBoundariesLocked:1448 com.android.server.wm.WindowSurfacePlacer.applySurfaceChangesTransaction:786 
12-16 10:08:41.288   216   237 D WindowStateAnimator: Updating crop win=Window{56a80a u0 Android is startingâ¦} mLastCrop=Rect(0, 0 - 0, 0)
12-16 10:08:41.289   216   237 D WindowStateAnimator: win=Window{56a80a u0 Android is startingâ¦} Initial clip rect: Rect(0, 0 - 304, 162) mHasClipRect=false fullscreen=false
12-16 10:08:41.289   216   237 D WindowStateAnimator: win=Window{56a80a u0 Android is startingâ¦} Clip rect after stack adjustment=Rect(0, 0 - 368, 226)
12-16 10:08:41.290   216   237 I WindowManager:   SURFACE POS (setPositionInTransaction) @ (-24.0,127.0): Android is startingâ¦
12-16 10:08:41.292   216   237 V WindowManager: setPosition(-24.0,127.0): OLD:Surface a5e19d1 Android is startingâ¦ (0): shown=false layer=301000 alpha=0.0 -32.0,-32.0 368x226 crop=[0,0][0,0] opaque=false (0.0,0.0,0.0,0.0). Called by com.android.server.wm.WindowSurfaceController.setPositionInTransaction:252 com.android.server.wm.WindowStateAnimator.setSurfaceBoundariesLocked:1508 com.android.server.wm.WindowSurfacePlacer.applySurfaceChangesTransaction:786 
12-16 10:08:41.292   216   237 D WindowStateAnimator: updateSurfaceWindowCrop: win=Window{56a80a u0 Android is startingâ¦} clipRect=Rect(0, 0 - 368, 226) finalClipRect=Rect(0, 0 - 0, 0)
12-16 10:08:41.292   216   237 I WindowManager:   SURFACE CROP [0,0][368,226]: Android is startingâ¦
12-16 10:08:41.294   216   237 V WindowManager: setWindowCrop([0,0][368,226]): OLD:Surface a5e19d1 Android is startingâ¦ (0): shown=false layer=301000 alpha=0.0 -24.0,127.0 368x226 crop=[0,0][0,0] opaque=false (0.0,0.0,0.0,0.0). Called by com.android.server.wm.WindowSurfaceController.setCropInTransaction:190 com.android.server.wm.WindowStateAnimator.updateSurfaceWindowCrop:1329 com.android.server.wm.WindowStateAnimator.setSurfaceBoundariesLocked:1533 
12-16 10:08:41.326   216   237 I WindowManager:   SURFACE MATRIX [1.0,0.0,0.0,1.0]: Android is startingâ¦
12-16 10:08:41.328   216   237 V WindowManager: setMatrix(1.0,0.0,0.0,1.0): OLD:Surface a5e19d1 Android is startingâ¦ (0): shown=false layer=301000 alpha=0.0 -24.0,127.0 368x226 crop=[0,0][368,226] opaque=false (0.0,0.0,0.0,0.0). Called by com.android.server.wm.WindowSurfaceController.setMatrixInTransaction:272 com.android.server.wm.WindowStateAnimator.setSurfaceBoundariesLocked:1534 com.android.server.wm.WindowSurfacePlacer.applySurfaceChangesTransaction:786 
12-16 10:08:41.330   216   237 V WindowManager: Resizing Window{56a80a u0 Android is startingâ¦}: configChanged=false dragResizingChanged=false last=Rect(0, 0 - 0, 0) frame=Rect(8, 159 - 312, 321)
12-16 10:08:41.331   216   237 V WindowManager: Resize reasons for w=Window{56a80a u0 Android is startingâ¦}:  contentInsetsChanged=false [0,0][0,0] visibleInsetsChanged=false [0,0][0,0] stableInsetsChanged=false [0,0][0,0] outsetsChanged=false [0,0][0,0] surfaceResized=true configChanged=false dragResizingChanged=false resizedWhileNotDragResizingReported=false
12-16 10:08:41.331   216   237 V WindowManager: Changing surface while display frozen: Window{56a80a u0 Android is startingâ¦}
12-16 10:08:41.332   216   237 V WindowManager: Orientation or resize start waiting for draw, mDrawState=DRAW_PENDING in Window{56a80a u0 Android is startingâ¦}, surfaceController Surface a5e19d1 Android is startingâ¦ (0): shown=false layer=301000 alpha=0.0 -24.0,127.0 368x226 crop=[0,0][368,226] opaque=false (1.0,0.0,0.0,1.0)
12-16 10:08:41.332   216   237 V WindowManager: Resizing window Window{56a80a u0 Android is startingâ¦}
12-16 10:08:41.333   216   237 V WindowManager: stopDimmingIfNeeded, mState.size()=1
12-16 10:08:41.333   216   237 V WindowManager: stopDimmingIfNeeded, dimLayerUser=Stack=0 state.continueDimming=true state.dimLayer.isDimming=false
12-16 10:08:41.339   216   237 I WindowManager: <<< CLOSE TRANSACTION performLayoutAndPlaceSurfaces
12-16 10:08:41.340   216   237 V WindowManager: Reporting new frame to Window{56a80a u0 Android is startingâ¦}: Rect(8, 159 - 312, 321)
12-16 10:08:41.340   216   237 I WindowManager: Resizing Window{56a80a u0 Android is startingâ¦} WITH DRAW PENDING
12-16 10:08:41.342   216   237 D WindowManager: addInputWindowHandle: Window{56a80a u0 Android is startingâ¦}, Window{56a80a u0 Android is startingâ¦}, layer=301000, frame=[8,159,312,321], touchableRegion=SkRegion((8,159,312,321)), visible=true
12-16 10:08:41.348   216   237 I WindowManager: enableScreenIfNeededLocked: mDisplayEnabled=false mForceDisplayEnabled=false mShowingBootMessages=true mSystemBooted=false
12-16 10:08:41.348   216   237 I WindowManager: java.lang.RuntimeException: here
12-16 10:08:41.348   216   237 I WindowManager: 	at com.android.server.wm.WindowManagerService.enableScreenIfNeededLocked(WindowManagerService.java:5842)
12-16 10:08:41.348   216   237 I WindowManager: 	at com.android.server.wm.WindowSurfacePlacer.performSurfacePlacementInner(WindowSurfacePlacer.java:574)
12-16 10:08:41.348   216   237 I WindowManager: 	at com.android.server.wm.WindowSurfacePlacer.performSurfacePlacementLoop(WindowSurfacePlacer.java:232)
12-16 10:08:41.348   216   237 I WindowManager: 	at com.android.server.wm.WindowSurfacePlacer.performSurfacePlacement(WindowSurfacePlacer.java:180)
12-16 10:08:41.348   216   237 I WindowManager: 	at com.android.server.wm.WindowManagerService.relayoutWindow(WindowManagerService.java:2959)
12-16 10:08:41.348   216   237 I WindowManager: 	at com.android.server.wm.Session.relayout(Session.java:215)
12-16 10:08:41.348   216   237 I WindowManager: 	at android.view.ViewRootImpl.relayoutWindow(ViewRootImpl.java:5682)
12-16 10:08:41.348   216   237 I WindowManager: 	at android.view.ViewRootImpl.performTraversals(ViewRootImpl.java:1758)
12-16 10:08:41.348   216   237 I WindowManager: 	at android.view.ViewRootImpl.doTraversal(ViewRootImpl.java:1254)
12-16 10:08:41.348   216   237 I WindowManager: 	at android.view.ViewRootImpl$TraversalRunnable.run(ViewRootImpl.java:6300)
12-16 10:08:41.348   216   237 I WindowManager: 	at android.view.Choreographer$CallbackRecord.run(Choreographer.java:874)
12-16 10:08:41.348   216   237 I WindowManager: 	at android.view.Choreographer.doCallbacks(Choreographer.java:686)
12-16 10:08:41.348   216   237 I WindowManager: 	at android.view.Choreographer.doFrame(Choreographer.java:621)
12-16 10:08:41.348   216   237 I WindowManager: 	at android.view.Choreographer$FrameDisplayEventReceiver.run(Choreographer.java:860)
12-16 10:08:41.348   216   237 I WindowManager: 	at android.os.Handler.handleCallback(Handler.java:751)
12-16 10:08:41.348   216   237 I WindowManager: 	at android.os.Handler.dispatchMessage(Handler.java:95)
12-16 10:08:41.348   216   237 I WindowManager: 	at android.os.Looper.loop(Looper.java:154)
12-16 10:08:41.348   216   237 I WindowManager: 	at android.os.HandlerThread.run(HandlerThread.java:61)
12-16 10:08:41.348   216   237 I WindowManager: 	at com.android.server.ServiceThread.run(ServiceThread.java:46)
12-16 10:08:41.349   216   237 E WindowManager: performSurfacePlacementInner exit: animating=false
12-16 10:08:41.350   216   237 V WindowManager: performSurfacePlacementInner: entry. Called by com.android.server.wm.WindowSurfacePlacer.performSurfacePlacementLoop:232 com.android.server.wm.WindowSurfacePlacer.performSurfacePlacement:180 com.android.server.wm.WindowManagerService.relayoutWindow:2959 
12-16 10:08:41.350   216   237 I WindowManager: >>> OPEN TRANSACTION performLayoutAndPlaceSurfaces
12-16 10:08:41.351   216   237 V WindowManager: Win #0 Window{56a80a u0 Android is startingâ¦}: isOnScreen=true mDrawState=1
12-16 10:08:41.352   216   237 V WindowManager: No wallpaper target
12-16 10:08:41.352   216   237 V WindowManager: -------------------------------------
12-16 10:08:41.352   216   237 V WindowManager: performLayout: needed=false dw=320 dh=480
12-16 10:08:41.353   216   237 I WindowManager: mDock rect: (0,0 - 320,480)
12-16 10:08:41.353   216   237 V WindowManager: 1ST PASS Window{56a80a u0 Android is startingâ¦}: gone=false mHaveFrame=true mLayoutAttached=false screen changed=false
12-16 10:08:41.353   216   237 V WindowManager:   VIS: mViewVisibility=0 mRelayoutCalled=true hidden=false hiddenRequested=false mAttachedHidden=false
12-16 10:08:41.353   216   237 V WindowManager: layoutWindowLw(Android is startingâ¦): IN_SCREEN
12-16 10:08:41.354   216   237 V WindowManager: Compute frame Android is startingâ¦: sim=#120 attach=null type=2021 flags=0x01820102 pf=[0,0][320,480] df=[0,0][320,480] of=[0,0][320,480] cf=[0,0][320,480] vf=[0,0][320,480] dcf=[0,0][320,480] sf=[0,0][320,480] osf=null
12-16 10:08:41.354   216   237 V WindowManager: Resolving (mRequestedWidth=304, mRequestedheight=162) to (pw=320, ph=480): frame=[8,159][312,321] ci=[0,0][0,0] vi=[0,0][0,0] si=[0,0][0,0] of=[0,0][0,0]
12-16 10:08:41.365   216   237 V WindowManager:   LAYOUT: mFrame=Rect(8, 159 - 312, 321) mContainingFrame=Rect(0, 0 - 320, 480) mDisplayFrame=Rect(0, 0 - 320, 480)
12-16 10:08:41.365   216   237 I WindowManager: Win Window{56a80a u0 Android is startingâ¦}: isVisibleOrBehindKeyguardLw=true
12-16 10:08:41.365   216   237 V WindowManager: Win com.android.server.wm.DimLayerController@83e6737 start dimming.
12-16 10:08:41.366   216   237 V WindowManager: getOrCreateDimLayerState, dimLayerUser=Stack=0
12-16 10:08:41.366   216   237 V WindowManager: startDimmingIfNeeded, dimLayerUser=Stack=0 newWinAnimator=WindowStateAnimator{b53b0f8 Android is startingâ¦} state.animator=null
12-16 10:08:41.366   216   237 V WindowStateAnimator: computeShownFrameLocked: WindowStateAnimator{b53b0f8 Android is startingâ¦} not attached, mAlpha=1.0
12-16 10:08:41.366   216   237 D WindowStateAnimator: Updating crop win=Window{56a80a u0 Android is startingâ¦} mLastCrop=Rect(0, 0 - 368, 226)
12-16 10:08:41.367   216   237 D WindowStateAnimator: win=Window{56a80a u0 Android is startingâ¦} Initial clip rect: Rect(0, 0 - 304, 162) mHasClipRect=false fullscreen=false
12-16 10:08:41.367   216   237 D WindowStateAnimator: win=Window{56a80a u0 Android is startingâ¦} Clip rect after stack adjustment=Rect(0, 0 - 368, 226)
12-16 10:08:41.367   216   237 D WindowStateAnimator: updateSurfaceWindowCrop: win=Window{56a80a u0 Android is startingâ¦} clipRect=Rect(0, 0 - 368, 226) finalClipRect=Rect(0, 0 - 0, 0)
12-16 10:08:41.367   216   237 I WindowManager:   SURFACE MATRIX [1.0,0.0,0.0,1.0]: Android is startingâ¦
12-16 10:08:41.368   216   237 V WindowManager: Resizing Window{56a80a u0 Android is startingâ¦}: configChanged=false dragResizingChanged=false last=Rect(8, 159 - 312, 321) frame=Rect(8, 159 - 312, 321)
12-16 10:08:41.368   216   237 V WindowManager: stopDimmingIfNeeded, mState.size()=1
12-16 10:08:41.368   216   237 V WindowManager: stopDimmingIfNeeded, dimLayerUser=Stack=0 state.continueDimming=true state.dimLayer.isDimming=false
12-16 10:08:41.374   216   237 I WindowManager: <<< CLOSE TRANSACTION performLayoutAndPlaceSurfaces
12-16 10:08:41.374   216   237 D WindowManager: addInputWindowHandle: Window{56a80a u0 Android is startingâ¦}, Window{56a80a u0 Android is startingâ¦}, layer=301000, frame=[8,159,312,321], touchableRegion=SkRegion((8,159,312,321)), visible=true
12-16 10:08:41.397   216   237 I WindowManager: enableScreenIfNeededLocked: mDisplayEnabled=false mForceDisplayEnabled=false mShowingBootMessages=true mSystemBooted=false
12-16 10:08:41.397   216   237 I WindowManager: java.lang.RuntimeException: here
12-16 10:08:41.397   216   237 I WindowManager: 	at com.android.server.wm.WindowManagerService.enableScreenIfNeededLocked(WindowManagerService.java:5842)
12-16 10:08:41.397   216   237 I WindowManager: 	at com.android.server.wm.WindowSurfacePlacer.performSurfacePlacementInner(WindowSurfacePlacer.java:574)
12-16 10:08:41.397   216   237 I WindowManager: 	at com.android.server.wm.WindowSurfacePlacer.performSurfacePlacementLoop(WindowSurfacePlacer.java:232)
12-16 10:08:41.397   216   237 I WindowManager: 	at com.android.server.wm.WindowSurfacePlacer.performSurfacePlacement(WindowSurfacePlacer.java:180)
12-16 10:08:41.397   216   237 I WindowManager: 	at com.android.server.wm.WindowManagerService.relayoutWindow(WindowManagerService.java:2959)
12-16 10:08:41.397   216   237 I WindowManager: 	at com.android.server.wm.Session.relayout(Session.java:215)
12-16 10:08:41.397   216   237 I WindowManager: 	at android.view.ViewRootImpl.relayoutWindow(ViewRootImpl.java:5682)
12-16 10:08:41.397   216   237 I WindowManager: 	at android.view.ViewRootImpl.performTraversals(ViewRootImpl.java:1758)
12-16 10:08:41.397   216   237 I WindowManager: 	at android.view.ViewRootImpl.doTraversal(ViewRootImpl.java:1254)
12-16 10:08:41.397   216   237 I WindowManager: 	at android.view.ViewRootImpl$TraversalRunnable.run(ViewRootImpl.java:6300)
12-16 10:08:41.397   216   237 I WindowManager: 	at android.view.Choreographer$CallbackRecord.run(Choreographer.java:874)
12-16 10:08:41.397   216   237 I WindowManager: 	at android.view.Choreographer.doCallbacks(Choreographer.java:686)
12-16 10:08:41.397   216   237 I WindowManager: 	at android.view.Choreographer.doFrame(Choreographer.java:621)
12-16 10:08:41.397   216   237 I WindowManager: 	at android.view.Choreographer$FrameDisplayEventReceiver.run(Choreographer.java:860)
12-16 10:08:41.397   216   237 I WindowManager: 	at android.os.Handler.handleCallback(Handler.java:751)
12-16 10:08:41.397   216   237 I WindowManager: 	at android.os.Handler.dispatchMessage(Handler.java:95)
12-16 10:08:41.397   216   237 I WindowManager: 	at android.os.Looper.loop(Looper.java:154)
12-16 10:08:41.397   216   237 I WindowManager: 	at android.os.HandlerThread.run(HandlerThread.java:61)
12-16 10:08:41.397   216   237 I WindowManager: 	at com.android.server.ServiceThread.run(ServiceThread.java:46)
12-16 10:08:41.398   216   237 E WindowManager: performSurfacePlacementInner exit: animating=false
12-16 10:08:41.399   216   237 V WindowManager: Relayout given client android.view.ViewRootImpl$W@dd4c87b, requestedWidth=304, requestedHeight=162, viewVisibility=0
12-16 10:08:41.399   216   237 V WindowManager: Relayout returning frame=Rect(8, 159 - 312, 321), surface=Surface(name=null)/@0xe94dc36
12-16 10:08:41.399   216   237 V WindowManager: Relayout of Window{56a80a u0 Android is startingâ¦}: focusMayChange=true
12-16 10:08:41.399   216   237 D WindowManager: addInputWindowHandle: Window{56a80a u0 Android is startingâ¦}, Window{56a80a u0 Android is startingâ¦}, layer=301000, frame=[8,159,312,321], touchableRegion=SkRegion((8,159,312,321)), visible=true
12-16 10:08:41.400   216   237 V WindowManager: Relayout complete Window{56a80a u0 Android is startingâ¦}: outFrame=[8,159][312,321]
12-16 10:08:41.402   216   247 V WindowManager: handleMessage: exit
12-16 10:08:41.403   216   247 I chatty  : uid=1000(system) android.display expire 1 line
12-16 10:08:41.404   216   247 V WindowManager: handleMessage: entry what=16
12-16 10:08:41.408   216   247 I WindowManager: performEnableScreen: mDisplayEnabled=false mForceDisplayEnabled=false mShowingBootMessages=true mSystemBooted=false mOnlyCore=false
12-16 10:08:41.408   216   247 I WindowManager: java.lang.RuntimeException: here
12-16 10:08:41.408   216   247 I WindowManager: 	at com.android.server.wm.WindowManagerService.performEnableScreen(WindowManagerService.java:5932)
12-16 10:08:41.408   216   247 I WindowManager: 	at com.android.server.wm.WindowManagerService$H.handleMessage(WindowManagerService.java:8502)
12-16 10:08:41.408   216   247 I WindowManager: 	at android.os.Handler.dispatchMessage(Handler.java:102)
12-16 10:08:41.408   216   247 I WindowManager: 	at android.os.Looper.loop(Looper.java:154)
12-16 10:08:41.408   216   247 I WindowManager: 	at android.os.HandlerThread.run(HandlerThread.java:61)
12-16 10:08:41.408   216   247 I WindowManager: 	at com.android.server.ServiceThread.run(ServiceThread.java:46)
12-16 10:08:41.408   216   247 V WindowManager: handleMessage: exit
12-16 10:08:41.409   216   247 V WindowManager: handleMessage: entry what=41
12-16 10:08:41.411   216   247 V WindowManager: handleMessage: exit
12-16 10:08:41.412   216   247 V WindowManager: handleMessage: entry what=16
12-16 10:08:41.414   216   247 I WindowManager: performEnableScreen: mDisplayEnabled=false mForceDisplayEnabled=false mShowingBootMessages=true mSystemBooted=false mOnlyCore=false
12-16 10:08:41.414   216   247 I WindowManager: java.lang.RuntimeException: here
12-16 10:08:41.414   216   247 I WindowManager: 	at com.android.server.wm.WindowManagerService.performEnableScreen(WindowManagerService.java:5932)
12-16 10:08:41.414   216   247 I WindowManager: 	at com.android.server.wm.WindowManagerService$H.handleMessage(WindowManagerService.java:8502)
12-16 10:08:41.414   216   247 I WindowManager: 	at android.os.Handler.dispatchMessage(Handler.java:102)
12-16 10:08:41.414   216   247 I WindowManager: 	at android.os.Looper.loop(Looper.java:154)
12-16 10:08:41.414   216   247 I WindowManager: 	at android.os.HandlerThread.run(HandlerThread.java:61)
12-16 10:08:41.414   216   247 I WindowManager: 	at com.android.server.ServiceThread.run(ServiceThread.java:46)
12-16 10:08:41.414   216   247 V WindowManager: handleMessage: exit
12-16 10:08:41.425   216   247 I WindowManager: !!! animate: entry time=59359
12-16 10:08:41.425   216   247 I WindowManager: >>> OPEN TRANSACTION animateLocked
12-16 10:08:41.426   216   247 V WindowStateAnimator: 
12-16 10:08:41.426   216   247 V WindowStateAnimator: stepAnimationLockedbegin
12-16 10:08:41.426   216   247 V WindowStateAnimator: stepAnimationLocked currentTime: 59359
12-16 10:08:41.427   216   247 V WindowStateAnimator: dalvik.system.VMStack.getThreadStackTrace(Native Method)
12-16 10:08:41.427   216   247 V WindowStateAnimator: java.lang.Thread.getStackTrace(Thread.java:1566)
12-16 10:08:41.427   216   247 V WindowStateAnimator: com.android.server.wm.WindowStateAnimator.stepAnimationLocked(WindowStateAnimator.java:391)
12-16 10:08:41.427   216   247 V WindowStateAnimator: com.android.server.wm.WindowAnimator.updateWindowsLocked(WindowAnimator.java:321)
12-16 10:08:41.427   216   247 V WindowStateAnimator: com.android.server.wm.WindowAnimator.animateLocked(WindowAnimator.java:722)
12-16 10:08:41.427   216   247 V WindowStateAnimator: com.android.server.wm.WindowAnimator.-wrap0(WindowAnimator.java)
12-16 10:08:41.428   216   247 V WindowStateAnimator: com.android.server.wm.WindowAnimator$1.doFrame(WindowAnimator.java:143)
12-16 10:08:41.428   216   247 V WindowStateAnimator: android.view.Choreographer$CallbackRecord.run(Choreographer.java:872)
12-16 10:08:41.428   216   247 V WindowStateAnimator: android.view.Choreographer.doCallbacks(Choreographer.java:686)
12-16 10:08:41.428   216   247 V WindowStateAnimator: android.view.Choreographer.doFrame(Choreographer.java:618)
12-16 10:08:41.428   216   247 V WindowStateAnimator: android.view.Choreographer$FrameDisplayEventReceiver.run(Choreographer.java:860)
12-16 10:08:41.428   216   247 V WindowStateAnimator: android.os.Handler.handleCallback(Handler.java:751)
12-16 10:08:41.428   216   247 V WindowStateAnimator: android.os.Handler.dispatchMessage(Handler.java:95)
12-16 10:08:41.428   216   247 V WindowStateAnimator: android.os.Looper.loop(Looper.java:154)
12-16 10:08:41.429   216   247 V WindowStateAnimator: android.os.HandlerThread.run(HandlerThread.java:61)
12-16 10:08:41.429   216   247 V WindowStateAnimator: com.android.server.ServiceThread.run(ServiceThread.java:46)
12-16 10:08:41.429   216   247 V WindowStateAnimator: stepAnimationLocked end
12-16 10:08:41.429   216   247 V WindowManager: Window{56a80a u0 Android is startingâ¦}: wasAnimating=false, nowAnimating=false
12-16 10:08:41.430   216   247 V WindowStateAnimator: computeShownFrameLocked: WindowStateAnimator{b53b0f8 Android is startingâ¦} not attached, mAlpha=1.0
12-16 10:08:41.430   216   247 D WindowStateAnimator: Updating crop win=Window{56a80a u0 Android is startingâ¦} mLastCrop=Rect(0, 0 - 368, 226)
12-16 10:08:41.431   216   247 D WindowStateAnimator: win=Window{56a80a u0 Android is startingâ¦} Initial clip rect: Rect(0, 0 - 304, 162) mHasClipRect=false fullscreen=false
12-16 10:08:41.431   216   247 D WindowStateAnimator: win=Window{56a80a u0 Android is startingâ¦} Clip rect after stack adjustment=Rect(0, 0 - 368, 226)
12-16 10:08:41.432   216   247 D WindowStateAnimator: updateSurfaceWindowCrop: win=Window{56a80a u0 Android is startingâ¦} clipRect=Rect(0, 0 - 368, 226) finalClipRect=Rect(0, 0 - 0, 0)
12-16 10:08:41.432   216   247 I WindowManager:   SURFACE MATRIX [1.0,0.0,0.0,1.0]: Android is startingâ¦
12-16 10:08:41.433   216   247 I WindowManager:   SURFACE controller=Surface a5e19d1 Android is startingâ¦ (0): shown=false layer=301000 alpha=0.0 -24.0,127.0 368x226 crop=[0,0][368,226] opaque=false (1.0,0.0,0.0,1.0)alpha=1.0 layer=301000 matrix=[1.0*1.0,0.0*1.0][0.0*1.0,1.0*1.0]: Window{56a80a u0 Android is startingâ¦}
12-16 10:08:41.445   216   247 V WindowManager: setAlpha(1.0): OLD:Surface a5e19d1 Android is startingâ¦ (0): shown=false layer=301000 alpha=0.0 -24.0,127.0 368x226 crop=[0,0][368,226] opaque=false (1.0,0.0,0.0,1.0). Called by com.android.server.wm.WindowSurfaceController.prepareToShowInTransaction:318 com.android.server.wm.WindowStateAnimator.prepareSurfaceLocked:1623 com.android.server.wm.WindowAnimator.animateLocked:728 
12-16 10:08:41.446   216   247 V WindowStateAnimator: Orientation continue waiting for draw in Window{56a80a u0 Android is startingâ¦}
12-16 10:08:41.447   216   247 V WindowManager: animateDimLayers, dimLayerUser=Stack=0 state.animator=null state.continueDimming=true
12-16 10:08:41.453   216   247 I WindowManager: <<< CLOSE TRANSACTION animateLocked
12-16 10:08:41.453   216   247 I WindowManager: !!! animate: exit mAnimating=false mBulkUpdateParams=0 mPendingLayoutChanges(DEFAULT_DISPLAY)=0
12-16 10:08:41.937    68   153 I SurfaceFlinger: Boot is finished (49085 ms)
12-16 10:08:41.943    68   153 I sf_stop_bootanim: 59876
12-16 10:08:42.003    68    97 I sf_frame_dur: [BootAnimation,0,0,0,1,1,415,29]
12-16 10:08:42.395     0     0 I init    : Service 'bootanim' (pid 108) exited with status 0
12-16 10:08:42.605   216   227 I liblog  : 794
12-16 10:08:42.649   216   247 V WindowManager: show: mStartAlpha=0.0 mStartTime=60130 mTargetAlpha=1.0
12-16 10:08:42.649   216   247 V WindowManager: show: immediate
12-16 10:08:42.650   216   247 V WindowManager: show: layer=300999 alpha=1.0 duration=0, mDestroyed=false
12-16 10:08:42.650   216   247 V WindowManager: show: mStartAlpha=0.0 mStartTime=60130 mTargetAlpha=1.0
12-16 10:08:42.658   216   247 I WindowManager: <<< CLOSE TRANSACTION animateLocked
12-16 10:08:42.659   216   247 I WindowManager: !!! animate: exit mAnimating=false mBulkUpdateParams=8 mPendingLayoutChanges(DEFAULT_DISPLAY)=1
12-16 10:08:42.659   216   247 V WindowManager: handleMessage: entry what=16
12-16 10:08:42.661   216   247 I WindowManager: performEnableScreen: mDisplayEnabled=false mForceDisplayEnabled=false mShowingBootMessages=true mSystemBooted=false mOnlyCore=false
12-16 10:08:42.661   216   247 I WindowManager: java.lang.RuntimeException: here
12-16 10:08:42.661   216   247 I WindowManager: 	at com.android.server.wm.WindowManagerService.performEnableScreen(WindowManagerService.java:5932)
12-16 10:08:42.661   216   247 I WindowManager: 	at com.android.server.wm.WindowManagerService$H.handleMessage(WindowManagerService.java:8502)
12-16 10:08:42.661   216   247 I WindowManager: 	at android.os.Handler.dispatchMessage(Handler.java:102)
12-16 10:08:42.661   216   247 I WindowManager: 	at android.os.Looper.loop(Looper.java:154)
12-16 10:08:42.661   216   247 I WindowManager: 	at android.os.HandlerThread.run(HandlerThread.java:61)
12-16 10:08:42.661   216   247 I WindowManager: 	at com.android.server.ServiceThread.run(ServiceThread.java:46)
12-16 10:08:42.661   216   247 I WindowManager: ******** booted=false msg=true haveBoot=true haveApp=false haveWall=false wallEnabled=true haveKeyguard=true
12-16 10:08:42.661   216   247 I WindowManager: checkBootAnimationComplete: Animation complete!
12-16 10:08:42.662   216   247 I wm_boot_animation_done: 60597
12-16 10:08:42.662   216   247 I WindowManager: ******************** ENABLING SCREEN!
12-16 10:08:42.663   216   247 V WindowManager: updateRotationUnchecked(alwaysSendConfiguration=true)
12-16 10:08:42.664   216   247 V WindowManager: Selected orientation 5, got rotation 0 which has compatible metrics
12-16 10:08:42.665   216   247 V WindowManager: performSurfacePlacementInner: entry. Called by com.android.server.wm.WindowSurfacePlacer.performSurfacePlacementLoop:232 com.android.server.wm.WindowSurfacePlacer.performSurfacePlacement:180 com.android.server.wm.WindowManagerService.updateRotationUnchecked:6677 
12-16 10:08:42.665   216   247 I WindowManager: >>> OPEN TRANSACTION performLayoutAndPlaceSurfaces
12-16 10:08:42.665   216   247 V WindowManager: -------------------------------------
12-16 10:08:42.665   216   247 V WindowManager: performLayout: needed=false dw=320 dh=480
12-16 10:08:42.666   216   247 I WindowManager: mDock rect: (0,0 - 320,480)
12-16 10:08:42.666   216   247 V WindowManager: 1ST PASS Window{56a80a u0 Android is startingâ¦}: gone=false mHaveFrame=true mLayoutAttached=false screen changed=false
12-16 10:08:42.666   216   247 V WindowManager:   VIS: mViewVisibility=0 mRelayoutCalled=true hidden=false hiddenRequested=false mAttachedHidden=false
12-16 10:08:42.667   216   247 V WindowManager: layoutWindowLw(Android is startingâ¦): IN_SCREEN
12-16 10:08:42.667   216   247 V WindowManager: Compute frame Android is startingâ¦: sim=#120 attach=null type=2021 flags=0x01820102 pf=[0,0][320,480] df=[0,0][320,480] of=[0,0][320,480] cf=[0,0][320,480] vf=[0,0][320,480] dcf=[0,0][320,480] sf=[0,0][320,480] osf=null
12-16 10:08:42.668   216   247 V WindowManager: Resolving (mRequestedWidth=304, mRequestedheight=162) to (pw=320, ph=480): frame=[8,159][312,321] ci=[0,0][0,0] vi=[0,0][0,0] si=[0,0][0,0] of=[0,0][0,0]
12-16 10:08:42.668   216   247 V WindowManager:   LAYOUT: mFrame=Rect(8, 159 - 312, 321) mContainingFrame=Rect(0, 0 - 320, 480) mDisplayFrame=Rect(0, 0 - 320, 480)
12-16 10:08:42.668   216   247 I WindowManager: Win Window{56a80a u0 Android is startingâ¦}: isVisibleOrBehindKeyguardLw=true
12-16 10:08:42.669   216   247 V WindowStateAnimator: computeShownFrameLocked: WindowStateAnimator{b53b0f8 Android is startingâ¦} not attached, mAlpha=1.0
12-16 10:08:42.669   216   247 D WindowStateAnimator: Updating crop win=Window{56a80a u0 Android is startingâ¦} mLastCrop=Rect(0, 0 - 368, 226)
12-16 10:08:42.669   216   247 D WindowStateAnimator: win=Window{56a80a u0 Android is startingâ¦} Initial clip rect: Rect(0, 0 - 304, 162) mHasClipRect=false fullscreen=false
12-16 10:08:42.669   216   247 D WindowStateAnimator: win=Window{56a80a u0 Android is startingâ¦} Clip rect after stack adjustment=Rect(0, 0 - 368, 226)
12-16 10:08:42.670   216   247 D WindowStateAnimator: updateSurfaceWindowCrop: win=Window{56a80a u0 Android is startingâ¦} clipRect=Rect(0, 0 - 368, 226) finalClipRect=Rect(0, 0 - 0, 0)
12-16 10:08:42.670   216   247 I WindowManager:   SURFACE MATRIX [1.0,0.0,0.0,1.0]: Android is startingâ¦
12-16 10:08:42.670   216   247 V WindowManager: Resizing Window{56a80a u0 Android is startingâ¦}: configChanged=false dragResizingChanged=false last=Rect(8, 159 - 312, 321) frame=Rect(8, 159 - 312, 321)
12-16 10:08:42.670   216   247 V WindowManager: stopDimmingIfNeeded, mState.size()=1
12-16 10:08:42.670   216   247 V WindowManager: stopDimmingIfNeeded, dimLayerUser=Stack=0 state.continueDimming=true state.dimLayer.isDimming=true
12-16 10:08:42.676   216   247 I WindowManager: <<< CLOSE TRANSACTION performLayoutAndPlaceSurfaces
12-16 10:08:42.677   216   247 D WindowManager: addInputWindowHandle: Window{56a80a u0 Android is startingâ¦}, Window{56a80a u0 Android is startingâ¦}, layer=301000, frame=[8,159,312,321], touchableRegion=SkRegion((8,159,312,321)), visible=true
12-16 10:08:42.681   216   247 I WindowManager: enableScreenIfNeededLocked: mDisplayEnabled=true mForceDisplayEnabled=false mShowingBootMessages=true mSystemBooted=false
12-16 10:08:42.681   216   247 I WindowManager: java.lang.RuntimeException: here
12-16 10:08:42.681   216   247 I WindowManager: 	at com.android.server.wm.WindowManagerService.enableScreenIfNeededLocked(WindowManagerService.java:5842)
12-16 10:08:42.681   216   247 I WindowManager: 	at com.android.server.wm.WindowSurfacePlacer.performSurfacePlacementInner(WindowSurfacePlacer.java:574)
12-16 10:08:42.681   216   247 I WindowManager: 	at com.android.server.wm.WindowSurfacePlacer.performSurfacePlacementLoop(WindowSurfacePlacer.java:232)
12-16 10:08:42.681   216   247 I WindowManager: 	at com.android.server.wm.WindowSurfacePlacer.performSurfacePlacement(WindowSurfacePlacer.java:180)
12-16 10:08:42.681   216   247 I WindowManager: 	at com.android.server.wm.WindowManagerService.updateRotationUnchecked(WindowManagerService.java:6677)
12-16 10:08:42.681   216   247 I WindowManager: 	at com.android.server.wm.WindowManagerService.updateRotation(WindowManagerService.java:6636)
12-16 10:08:42.681   216   247 I WindowManager: 	at com.android.server.policy.PhoneWindowManager.updateRotation(PhoneWindowManager.java:7132)
12-16 10:08:42.681   216   247 I WindowManager: 	at com.android.server.policy.PhoneWindowManager.enableScreenAfterBoot(PhoneWindowManager.java:7101)
12-16 10:08:42.681   216   247 I WindowManager: 	at com.android.server.wm.WindowManagerService.performEnableScreen(WindowManagerService.java:5983)
12-16 10:08:42.681   216   247 I WindowManager: 	at com.android.server.wm.WindowManagerService$H.handleMessage(WindowManagerService.java:8502)
12-16 10:08:42.681   216   247 I WindowManager: 	at android.os.Handler.dispatchMessage(Handler.java:102)
12-16 10:08:42.681   216   247 I WindowManager: 	at android.os.Looper.loop(Looper.java:154)
12-16 10:08:42.681   216   247 I WindowManager: 	at android.os.HandlerThread.run(HandlerThread.java:61)
12-16 10:08:42.681   216   247 I WindowManager: 	at com.android.server.ServiceThread.run(ServiceThread.java:46)
12-16 10:08:42.684   216   247 E WindowManager: performSurfacePlacementInner exit: animating=false
12-16 10:08:42.706   216   247 V WindowManager: performSurfacePlacementInner: entry. Called by com.android.server.wm.WindowSurfacePlacer.performSurfacePlacementLoop:232 com.android.server.wm.WindowSurfacePlacer.performSurfacePlacement:180 com.android.server.wm.WindowSurfacePlacer.continueLayout:169 
12-16 10:08:42.707   216   247 I WindowManager: >>> OPEN TRANSACTION performLayoutAndPlaceSurfaces
12-16 10:08:42.707   216   247 I WindowManager: Win Window{56a80a u0 Android is startingâ¦}: isVisibleOrBehindKeyguardLw=true
12-16 10:08:42.707   216   247 V WindowStateAnimator: computeShownFrameLocked: WindowStateAnimator{b53b0f8 Android is startingâ¦} not attached, mAlpha=1.0
12-16 10:08:42.707   216   247 D WindowStateAnimator: Updating crop win=Window{56a80a u0 Android is startingâ¦} mLastCrop=Rect(0, 0 - 368, 226)
12-16 10:08:42.708   216   247 D WindowStateAnimator: win=Window{56a80a u0 Android is startingâ¦} Initial clip rect: Rect(0, 0 - 304, 162) mHasClipRect=false fullscreen=false
12-16 10:08:42.708   216   247 D WindowStateAnimator: win=Window{56a80a u0 Android is startingâ¦} Clip rect after stack adjustment=Rect(0, 0 - 368, 226)
12-16 10:08:42.708   216   247 D WindowStateAnimator: updateSurfaceWindowCrop: win=Window{56a80a u0 Android is startingâ¦} clipRect=Rect(0, 0 - 368, 226) finalClipRect=Rect(0, 0 - 0, 0)
12-16 10:08:42.708   216   247 I WindowManager:   SURFACE MATRIX [1.0,0.0,0.0,1.0]: Android is startingâ¦
12-16 10:08:42.709   216   247 V WindowManager: Resizing Window{56a80a u0 Android is startingâ¦}: configChanged=false dragResizingChanged=false last=Rect(8, 159 - 312, 321) frame=Rect(8, 159 - 312, 321)
12-16 10:08:42.709   216   247 V WindowManager: stopDimmingIfNeeded, mState.size()=1
12-16 10:08:42.709   216   247 V WindowManager: stopDimmingIfNeeded, dimLayerUser=Stack=0 state.continueDimming=true state.dimLayer.isDimming=true
12-16 10:08:42.715   216   247 I WindowManager: <<< CLOSE TRANSACTION performLayoutAndPlaceSurfaces
12-16 10:08:42.715   216   247 D WindowManager: addInputWindowHandle: Window{56a80a u0 Android is startingâ¦}, Window{56a80a u0 Android is startingâ¦}, layer=301000, frame=[8,159,312,321], touchableRegion=SkRegion((8,159,312,321)), visible=true
12-16 10:08:42.719   216   247 I WindowManager: enableScreenIfNeededLocked: mDisplayEnabled=true mForceDisplayEnabled=false mShowingBootMessages=true mSystemBooted=false
12-16 10:08:42.719   216   247 I WindowManager: java.lang.RuntimeException: here
12-16 10:08:42.719   216   247 I WindowManager: 	at com.android.server.wm.WindowManagerService.enableScreenIfNeededLocked(WindowManagerService.java:5842)
12-16 10:08:42.719   216   247 I WindowManager: 	at com.android.server.wm.WindowSurfacePlacer.performSurfacePlacementInner(WindowSurfacePlacer.java:574)
12-16 10:08:42.719   216   247 I WindowManager: 	at com.android.server.wm.WindowSurfacePlacer.performSurfacePlacementLoop(WindowSurfacePlacer.java:232)
12-16 10:08:42.719   216   247 I WindowManager: 	at com.android.server.wm.WindowSurfacePlacer.performSurfacePlacement(WindowSurfacePlacer.java:180)
12-16 10:08:42.719   216   247 I WindowManager: 	at com.android.server.wm.WindowSurfacePlacer.continueLayout(WindowSurfacePlacer.java:169)
12-16 10:08:42.719   216   247 I WindowManager: 	at com.android.server.wm.WindowManagerService.continueSurfaceLayout(WindowManagerService.java:5345)
12-16 10:08:42.719   216   247 I WindowManager: 	at com.android.server.am.ActivityManagerService.updateConfigurationLocked(ActivityManagerService.java:19058)
12-16 10:08:42.719   216   247 I WindowManager: 	at com.android.server.am.ActivityManagerService.updateConfigurationLocked(ActivityManagerService.java:18895)
12-16 10:08:42.719   216   247 I WindowManager: 	at com.android.server.am.ActivityManagerService.updateConfigurationLocked(ActivityManagerService.java:18889)
12-16 10:08:42.719   216   247 I WindowManager: 	at com.android.server.am.ActivityManagerService.updateConfiguration(ActivityManagerService.java:18875)
12-16 10:08:42.719   216   247 I WindowManager: 	at com.android.server.wm.WindowManagerService.sendNewConfiguration(WindowManagerService.java:7368)
12-16 10:08:42.719   216   247 I WindowManager: 	at com.android.server.wm.WindowManagerService.updateRotationUnchecked(WindowManagerService.java:6682)
12-16 10:08:42.719   216   247 I WindowManager: 	at com.android.server.wm.WindowManagerService.updateRotation(WindowManagerService.java:6636)
12-16 10:08:42.719   216   247 I WindowManager: 	at com.android.server.policy.PhoneWindowManager.updateRotation(PhoneWindowManager.java:7132)
12-16 10:08:42.719   216   247 I WindowManager: 	at com.android.server.policy.PhoneWindowManager.enableScreenAfterBoot(PhoneWindowManager.java:7101)
12-16 10:08:42.719   216   247 I WindowManager: 	at com.android.server.wm.WindowManagerService.performEnableScreen(WindowManagerService.java:5983)
12-16 10:08:42.719   216   247 I WindowManager: 	at com.android.server.wm.WindowManagerService$H.handleMessage(WindowManagerService.java:8502)
12-16 10:08:42.719   216   247 I WindowManager: 	at android.os.Handler.dispatchMessage(Handler.java:102)
12-16 10:08:42.719   216   247 I WindowManager: 	at android.os.Looper.loop(Looper.java:154)
12-16 10:08:42.719   216   247 I WindowManager: 	at android.os.HandlerThread.run(HandlerThread.java:61)
12-16 10:08:42.719   216   247 I WindowManager: 	at com.android.server.ServiceThread.run(ServiceThread.java:46)
12-16 10:08:42.719   216   247 E WindowManager: performSurfacePlacementInner exit: animating=false
12-16 10:08:42.720   216   247 V WindowManager: updateRotationUnchecked(alwaysSendConfiguration=false)
12-16 10:08:42.720   216   247 V WindowManager: Selected orientation 5, got rotation 0 which has compatible metrics
12-16 10:08:42.721   216   247 V WindowManager: performSurfacePlacementInner: entry. Called by com.android.server.wm.WindowSurfacePlacer.performSurfacePlacementLoop:232 com.android.server.wm.WindowSurfacePlacer.performSurfacePlacement:180 com.android.server.wm.WindowManagerService.updateRotationUnchecked:6677 
12-16 10:08:42.721   216   247 I WindowManager: >>> OPEN TRANSACTION performLayoutAndPlaceSurfaces
12-16 10:08:42.721   216   247 V WindowManager: -------------------------------------
12-16 10:08:42.721   216   247 V WindowManager: performLayout: needed=false dw=320 dh=480
12-16 10:08:42.722   216   247 I WindowManager: mDock rect: (0,0 - 320,480)
12-16 10:08:42.723   216   247 V WindowManager: 1ST PASS Window{56a80a u0 Android is startingâ¦}: gone=false mHaveFrame=true mLayoutAttached=false screen changed=false
12-16 10:08:42.723   216   247 V WindowManager:   VIS: mViewVisibility=0 mRelayoutCalled=true hidden=false hiddenRequested=false mAttachedHidden=false
12-16 10:08:42.724   216   247 V WindowManager: layoutWindowLw(Android is startingâ¦): IN_SCREEN
12-16 10:08:42.724   216   247 V WindowManager: Compute frame Android is startingâ¦: sim=#120 attach=null type=2021 flags=0x01820102 pf=[0,0][320,480] df=[0,0][320,480] of=[0,0][320,480] cf=[0,0][320,480] vf=[0,0][320,480] dcf=[0,0][320,480] sf=[0,0][320,480] osf=null
12-16 10:08:42.725   216   247 V WindowManager: Resolving (mRequestedWidth=304, mRequestedheight=162) to (pw=320, ph=480): frame=[8,159][312,321] ci=[0,0][0,0] vi=[0,0][0,0] si=[0,0][0,0] of=[0,0][0,0]
12-16 10:08:42.725   216   247 V WindowManager:   LAYOUT: mFrame=Rect(8, 159 - 312, 321) mContainingFrame=Rect(0, 0 - 320, 480) mDisplayFrame=Rect(0, 0 - 320, 480)
12-16 10:08:42.755   216   247 I WindowManager: Win Window{56a80a u0 Android is startingâ¦}: isVisibleOrBehindKeyguardLw=true
12-16 10:08:42.756   216   247 V WindowStateAnimator: computeShownFrameLocked: WindowStateAnimator{b53b0f8 Android is startingâ¦} not attached, mAlpha=1.0
12-16 10:08:42.756   216   247 D WindowStateAnimator: Updating crop win=Window{56a80a u0 Android is startingâ¦} mLastCrop=Rect(0, 0 - 368, 226)
12-16 10:08:42.756   216   247 D WindowStateAnimator: win=Window{56a80a u0 Android is startingâ¦} Initial clip rect: Rect(0, 0 - 304, 162) mHasClipRect=false fullscreen=false
12-16 10:08:42.756   216   247 D WindowStateAnimator: win=Window{56a80a u0 Android is startingâ¦} Clip rect after stack adjustment=Rect(0, 0 - 368, 226)
12-16 10:08:42.757   216   247 D WindowStateAnimator: updateSurfaceWindowCrop: win=Window{56a80a u0 Android is startingâ¦} clipRect=Rect(0, 0 - 368, 226) finalClipRect=Rect(0, 0 - 0, 0)
12-16 10:08:42.757   216   247 I WindowManager:   SURFACE MATRIX [1.0,0.0,0.0,1.0]: Android is startingâ¦
12-16 10:08:42.757   216   247 V WindowManager: Resizing Window{56a80a u0 Android is startingâ¦}: configChanged=false dragResizingChanged=false last=Rect(8, 159 - 312, 321) frame=Rect(8, 159 - 312, 321)
12-16 10:08:42.757   216   247 V WindowManager: stopDimmingIfNeeded, mState.size()=1
12-16 10:08:42.757   216   247 V WindowManager: stopDimmingIfNeeded, dimLayerUser=Stack=0 state.continueDimming=true state.dimLayer.isDimming=true
12-16 10:08:42.764   216   247 I WindowManager: <<< CLOSE TRANSACTION performLayoutAndPlaceSurfaces
12-16 10:08:42.764   216   247 D WindowManager: addInputWindowHandle: Window{56a80a u0 Android is startingâ¦}, Window{56a80a u0 Android is startingâ¦}, layer=301000, frame=[8,159,312,321], touchableRegion=SkRegion((8,159,312,321)), visible=true
12-16 10:08:43.335   216   237 I liblog  : 1163
12-16 10:08:44.605   216   237 I liblog  : 2374
12-16 10:08:45.216   216   237 I liblog  : 1239
12-16 10:08:46.465   216   237 I liblog  : 2431
12-16 10:08:47.035   216   237 I liblog  : 1226
12-16 10:08:48.206   216   237 I liblog  : 2591
12-16 10:08:49.345   216   237 I liblog  : 2468
12-16 10:08:50.417   216   237 I liblog  : 1296
12-16 10:08:51.055   216   237 I liblog  : 1259
12-16 10:08:51.056     0     0 W healthd : battery l=50 v=0 t=0.0 h=2 st=2 chg=a
12-16 10:08:51.676   216   237 I liblog  : 1277
12-16 10:08:52.375   216   237 I liblog  : 1538
12-16 10:08:52.935   216   237 I liblog  : 1177
12-16 10:08:53.604   216   237 I liblog  : 1478
12-16 10:08:54.186   216   237 I liblog  : 1294
12-16 10:08:54.756   216   237 I liblog  : 1177
12-16 10:08:55.305   216   237 I liblog  : 1207
12-16 10:08:55.945   216   237 I liblog  : 1395
12-16 10:08:56.546   216   237 I liblog  : 1198
12-16 10:08:57.135   216   237 I liblog  : 1251
12-16 10:08:57.726   216   237 I liblog  : 1226
12-16 10:08:58.285   216   237 I liblog  : 1127
12-16 10:08:58.657    84    84 V NatController: runCmd(/system/bin/iptables -w -F natctrl_FORWARD) res=0
12-16 10:08:58.885   216   237 I liblog  : 1325
12-16 10:08:58.885   216   237 I chatty  : uid=1000(system) android.ui expire 2629 lines
12-16 10:08:59.005    84    84 V NatController: runCmd(/system/bin/ip6tables -w -F natctrl_FORWARD) res=0
12-16 10:08:59.345    84    84 V NatController: runCmd(/system/bin/iptables -w -A natctrl_FORWARD -j DROP) res=0
12-16 10:08:59.465   216   237 I liblog  : 1296
12-16 10:08:59.716    84    84 V NatController: runCmd(/system/bin/iptables -w -t nat -F natctrl_nat_POSTROUTING) res=0
12-16 10:09:00.089    84    84 V NatController: runCmd(/system/bin/ip6tables -w -t raw -F natctrl_raw_PREROUTING) res=0
12-16 10:09:00.113   216   237 I liblog  : 1209
12-16 10:09:00.425    84    84 V NatController: runCmd(/system/bin/iptables -w -F natctrl_tether_counters) res=1
12-16 10:09:00.735   216   237 I liblog  : 1324
12-16 10:09:00.896    84    84 V NatController: runCmd(/system/bin/ip6tables -w -F natctrl_tether_counters) res=1
12-16 10:09:01.247    84    84 V NatController: runCmd(/system/bin/iptables -w -X natctrl_tether_counters) res=1
12-16 10:09:01.294   216   237 I liblog  : 1259
12-16 10:09:01.636    84    84 V NatController: runCmd(/system/bin/ip6tables -w -X natctrl_tether_counters) res=1
12-16 10:09:01.955   216   237 I liblog  : 1538
12-16 10:09:02.045    84    84 V NatController: runCmd(/system/bin/iptables -w -N natctrl_tether_counters) res=0
12-16 10:09:02.375    84    84 V NatController: runCmd(/system/bin/ip6tables -w -N natctrl_tether_counters) res=0
12-16 10:09:02.545   216   237 I liblog  : 1210
12-16 10:09:02.775    84    84 V NatController: runCmd(/system/bin/iptables -w -t mangle -A natctrl_mangle_FORWARD -p tcp --tcp-flags SYN SYN -j TCPMSS --clamp-mss-to-pmtu) res=1
12-16 10:09:03.145   216   237 I liblog  : 1256
12-16 10:09:03.735   216   237 I liblog  : 1324
12-16 10:09:04.284   216   237 I liblog  : 1133
12-16 10:09:04.935   216   237 I liblog  : 1395
12-16 10:09:05.176   216   237 I liblog  : 22
12-16 10:09:05.775   216   237 I liblog  : 1329
12-16 10:09:06.366   216   237 I liblog  : 1201
12-16 10:09:06.916   216   237 I liblog  : 1080
12-16 10:09:07.230    84    84 E Netd    : cannot find interface dummy0
12-16 10:09:07.308    84    84 D MDnsDS  : MDnsSdListener::Hander starting up
12-16 10:09:07.326    84   389 D MDnsDS  : MDnsSdListener starting to monitor
12-16 10:09:07.326    84   389 D MDnsDS  : Going to poll with pollCount 1
12-16 10:09:07.424   216   237 I liblog  : 1170
12-16 10:09:07.815   216   237 I liblog  : 1108
12-16 10:09:08.195   216   237 I liblog  : 1191
12-16 10:09:08.574   216   237 I liblog  : 1248
12-16 10:09:08.955   216   237 I liblog  : 1257
12-16 10:09:09.344   216   237 I liblog  : 1343
12-16 10:09:09.766   216   237 I liblog  : 1243
12-16 10:09:10.147   216   237 I liblog  : 1305
12-16 10:09:10.975   216   237 I liblog  : 2643
12-16 10:09:11.344   216   237 I liblog  : 1281
12-16 10:09:12.125   216   237 I liblog  : 1202
12-16 10:09:13.046   216   237 I liblog  : 1506
12-16 10:09:13.581    75   133 D PermissionCache: checking android.permission.MODIFY_AUDIO_SETTINGS for uid=1000 => granted (16122 us)
12-16 10:09:13.630    75   131 W AudioFlinger: no wake lock to update, system not ready yet
12-16 10:09:14.016   216   216 I liblog  : 1553
12-16 10:09:14.016   216   216 W WiredAccessoryManager: This kernel does not have HDMI audio support
12-16 10:09:14.017   216   216 I SystemServiceManager: Starting com.android.server.usb.UsbService$Lifecycle
12-16 10:09:14.026   216   237 I chatty  : uid=1000(system) android.ui expire 3050 lines
12-16 10:09:14.915   216   237 I liblog  : 2635
12-16 10:09:15.335   216   237 I liblog  : 1282
12-16 10:09:15.746   216   237 I liblog  : 1254
12-16 10:09:16.105   216   227 I liblog  : 1134
12-16 10:09:16.905   216   237 I liblog  : 2609
12-16 10:09:17.675   216   237 I liblog  : 2688
12-16 10:09:18.065   216   227 I liblog  : 1253
12-16 10:09:18.586   216   227 I liblog  : 1600
12-16 10:09:19.395   216   237 I liblog  : 2575
12-16 10:09:20.135   216   237 I liblog  : 2414
12-16 10:09:20.585   216   227 I liblog  : 1413
12-16 10:09:20.985   216   237 I liblog  : 1258
12-16 10:09:21.415   216   227 I liblog  : 1428
12-16 10:09:21.828   216   237 I liblog  : 1255
12-16 10:09:22.593   216   237 I liblog  : 2583
12-16 10:09:23.435   216   237 I liblog  : 2705
12-16 10:09:23.885   216   237 I liblog  : 1438
12-16 10:09:24.297   216   237 I liblog  : 1102
12-16 10:09:24.735   216   237 I liblog  : 1324
12-16 10:09:25.505   216   237 I liblog  : 2633
12-16 10:09:25.915   216   237 I liblog  : 1294
12-16 10:09:26.665   216   237 I liblog  : 2618
12-16 10:09:27.065   216   227 I liblog  : 1320
12-16 10:09:27.455   216   237 I liblog  : 1202
12-16 10:09:27.925   216   227 I liblog  : 1584
12-16 10:09:27.954   216   235 I UsageStatsService: User[0] Rollover scheduled @ 2016-12-17 10:08:39(1481969319150)
12-16 10:09:27.954   216   235 I UsageStatsService: User[0] Rolling over usage stats complete. Took 5760 milliseconds
12-16 10:09:28.395   216   237 I liblog  : 1451
12-16 10:09:28.848   216   237 I liblog  : 1245
12-16 10:09:28.866   216   216 I SystemServiceManager: Starting com.android.server.appwidget.AppWidgetService
12-16 10:09:28.911   216   216 I SystemServiceManager: Starting com.android.server.voiceinteraction.VoiceInteractionManagerService
12-16 10:09:28.921   216   216 I SystemServer: Gesture Launcher Service
12-16 10:09:28.921   216   216 I SystemServiceManager: Starting com.android.server.GestureLauncherService
12-16 10:09:28.922   216   216 I SystemServiceManager: Starting com.android.server.SensorNotificationService
12-16 10:09:28.923   216   216 I SystemServiceManager: Starting com.android.server.ContextHubSystemService
12-16 10:09:28.928   216   216 I chatty  : uid=1000 system_server expire 2 lines
12-16 10:09:28.931   216   216 I SystemServer: StartDiskStatsService
12-16 10:09:28.933   216   216 I SystemServer: StartSamplingProfilerService
12-16 10:09:28.949   216   216 I SystemServer: StartNetworkTimeUpdateService
12-16 10:09:28.953   216   216 I SystemServer: StartCommonTimeManagementService
12-16 10:09:28.958   216   216 I SystemServer: CertBlacklister
12-16 10:09:28.962   216   216 I SystemServiceManager: Starting com.android.server.dreams.DreamManagerService
12-16 10:09:28.969   216   216 I SystemServer: StartAssetAtlasService
12-16 10:09:28.990   216   216 I SystemServiceManager: Starting com.android.server.print.PrintManagerService
12-16 10:09:29.003   216   413 I chatty  : uid=1000 system_server expire 3 lines
12-16 10:09:29.021   216   216 I SystemServiceManager: Starting com.android.server.restrictions.RestrictionsManagerService
12-16 10:09:29.027   216   216 I SystemServiceManager: Starting com.android.server.media.MediaSessionService
12-16 10:09:29.050   216   216 I SystemServer: StartMediaRouterService
12-16 10:09:29.067   216   216 I SystemServiceManager: Starting com.android.server.trust.TrustManagerService
12-16 10:09:29.111   216   216 I SystemServer: StartBackgroundDexOptService
