--------- beginning of events
12-16 10:07:42.414    47    47 I auditd  : type=2000 audit(0.0:1): initialized
--------- beginning of main
12-16 10:07:42.414    47    47 W auditd  : type=2000 audit(0.0:1): initialized
12-16 10:07:42.560    47    47 I auditd  : type=1403 audit(0.0:2): policy loaded auid=4294967295 ses=4294967295
12-16 10:07:42.560    47    47 I auditd  : type=1403 audit(0.0:2): policy loaded auid=4294967295 ses=4294967295
12-16 10:07:42.570    47    47 I auditd  : type=1404 audit(0.0:3): enforcing=1 old_enforcing=0 auid=4294967295 ses=4294967295
12-16 10:07:42.570    47    47 W auditd  : type=1404 audit(0.0:3): enforcing=1 old_enforcing=0 auid=4294967295 ses=4294967295
--------- beginning of system
12-16 10:07:45.515    54    54 I vold    : Vold 3.0 (the awakening) firing up
12-16 10:07:45.519    54    54 V vold    : Detected support for: ext4 vfat
--------- beginning of kernel
12-16 10:07:45.617     0     0 I         : Booting Linux on physical CPU 0
12-16 10:07:45.623     0     0 I         : Initializing cgroup subsys cpu
12-16 10:07:45.623     0     0 I         : Linux version 3.4.67-01650-gf1614b3 (jinqian@jinqian.mtv.corp.google.com) (gcc version 4.9 20150123 (prerelease) (GCC) ) #475 PREEMPT Fri Mar 11 15:59:17 PST 2016
12-16 10:07:45.624     0     0 W         : CPU: ARMv7 Processor [410fc080] revision 0 (ARMv7), cr=10c53c7d
12-16 10:07:45.624     0     0 W         : CPU: PIPT / VIPT nonaliasing data cache, VIPT nonaliasing instruction cache
12-16 10:07:45.624     0     0 W Machine : Goldfish
12-16 10:07:45.624     0     0 W Memory policy: ECC disabled, Data cache writeback
12-16 10:07:45.624     0     0 D         : On node 0 totalpages: 262144
12-16 10:07:45.624     0     0 D free_area_init_node: node 0, pgdat c04a1d20, node_mem_map c0936000
12-16 10:07:45.625     0     0 D Normal zone: 1520 pages used for memmap
12-16 10:07:45.625     0     0 D Normal zone: 0 pages reserved
12-16 10:07:45.625     0     0 D Normal zone: 193040 pages, LIFO batch:31
12-16 10:07:45.625     0     0 D HighMem zone: 528 pages used for memmap
12-16 10:07:45.625     0     0 D HighMem zone: 67056 pages, LIFO batch:15
12-16 10:07:45.625     0     0 D pcpu-alloc: s0 r0 d32768 u32768 alloc=1*32768
12-16 10:07:45.625     0     0 D pcpu-alloc: [0] 0
12-16 10:07:45.625     0     0 W         : Built 1 zonelists in Zone order, mobility grouping on.  Total pages: 260096
12-16 10:07:45.625     0     0 I         : Kernel command line: qemu.gles=0 qemu=1 console=ttyS0 android.qemud=ttyS1 androidboot.hardware=goldfish android.checkjni=1 ndns=1
12-16 10:07:45.625     0     0 I         : PID hash table entries: 4096 (order: 2, 16384 bytes)
12-16 10:07:45.625     0     0 I         : Dentry cache hash table entries: 131072 (order: 7, 524288 bytes)
12-16 10:07:45.625     0     0 I         : Inode-cache hash table entries: 65536 (order: 6, 262144 bytes)
12-16 10:07:45.625     0     0 I Memory  : 1024MB = 1024MB total
12-16 10:07:45.625     0     0 I Memory  : 1016852k/1016852k available, 31724k reserved, 270336K highmem
12-16 10:07:45.625     0     0 I         : Virtual kernel memory layout:
12-16 10:07:45.625     0     0 I vector  : 0xffff0000 - 0xffff1000   (   4 kB)
12-16 10:07:45.626     0     0 I fixmap  : 0xfff00000 - 0xfffe0000   ( 896 kB)
12-16 10:07:45.626     0     0 I vmalloc : 0xf0000000 - 0xff000000   ( 240 MB)
12-16 10:07:45.626     0     0 I lowmem  : 0xc0000000 - 0xef800000   ( 760 MB)
12-16 10:07:45.626     0     0 I pkmap   : 0xbfe00000 - 0xc0000000   (   2 MB)
12-16 10:07:45.626     0     0 I .text   : 0xc0008000 - 0xc0445398   (4341 kB)
12-16 10:07:45.626     0     0 I .init   : 0xc0446000 - 0xc0469000   ( 140 kB)
12-16 10:07:45.626     0     0 I .data   : 0xc046a000 - 0xc04a3d08   ( 232 kB)
12-16 10:07:45.626     0     0 I .bss    : 0xc04a3d48 - 0xc04f09b0   ( 308 kB)
12-16 10:07:45.626     0     0 I NR_IRQS : 256
12-16 10:07:45.626     0     0 I sched_clock: 32 bits at 100 Hz, resolution 10000000ns, wraps every 4294967286ms
12-16 10:07:45.626     0     0 I Console : colour dummy device 80x30
12-16 10:07:45.626     0     0 I         : Calibrating delay loop... 735.23 BogoMIPS (lpj=3676160)
12-16 10:07:45.626     0     0 I pid_max : default: 32768 minimum: 301
12-16 10:07:45.626     0     0 I         : Security Framework initialized
12-16 10:07:45.626     0     0 I SELinux : Initializing.
12-16 10:07:45.626     0     0 D SELinux : Starting in permissive mode
12-16 10:07:45.626     0     0 I         : Mount-cache hash table entries: 512
12-16 10:07:45.626     0     0 I         : Initializing cgroup subsys debug
12-16 10:07:45.626     0     0 I         : Initializing cgroup subsys cpuacct
12-16 10:07:45.626     0     0 I         : Initializing cgroup subsys freezer
12-16 10:07:45.627     0     0 I         : CPU: Testing write buffer coherency: ok
12-16 10:07:45.627     0     0 I         : Setting up static identity map for 0x35bfb8 - 0x35c010
12-16 10:07:45.627     0     0 I         : VFP support v0.3: implementor 41 architecture 3 part 30 variant c rev 0
12-16 10:07:45.627     0     0 I NET     : Registered protocol family 16
12-16 10:07:45.627     0     0 I bio     : create slab <bio-0> at 0
12-16 10:07:45.627     0     0 I         : Switching to clocksource goldfish_timer
12-16 10:07:45.627     0     0 I NET     : Registered protocol family 2
12-16 10:07:45.627     0     0 I         : IP route cache hash table entries: 32768 (order: 5, 131072 bytes)
12-16 10:07:45.627     0     0 I         : TCP established hash table entries: 131072 (order: 8, 1048576 bytes)
12-16 10:07:45.627     0     0 I         : TCP bind hash table entries: 65536 (order: 6, 262144 bytes)
12-16 10:07:45.627     0     0 I TCP     : Hash tables configured (established 131072 bind 65536)
12-16 10:07:45.627     0     0 I TCP     : reno registered
12-16 10:07:45.627     0     0 I         : UDP hash table entries: 512 (order: 1, 8192 bytes)
12-16 10:07:45.627     0     0 I         : UDP-Lite hash table entries: 512 (order: 1, 8192 bytes)
12-16 10:07:45.627     0     0 I NET     : Registered protocol family 1
12-16 10:07:45.627     0     0 I RPC     : Registered named UNIX socket transport module.
12-16 10:07:45.627     0     0 I RPC     : Registered udp transport module.
12-16 10:07:45.627     0     0 I RPC     : Registered tcp transport module.
12-16 10:07:45.628     0     0 I RPC     : Registered tcp NFSv4.1 backchannel transport module.
12-16 10:07:45.628     0     0 I         : Trying to unpack rootfs image as initramfs...
12-16 10:07:45.628     0     0 I         : Freeing initrd memory: 1236K
12-16 10:07:45.628     0     0 W         : goldfish_new_pdev goldfish_interrupt_controller at ff000000 irq -1
12-16 10:07:45.628     0     0 W         : goldfish_new_pdev goldfish_device_bus at ff001000 irq 1
12-16 10:07:45.628     0     0 W         : goldfish_new_pdev goldfish_timer at ff003000 irq 3
12-16 10:07:45.628     0     0 W         : goldfish_new_pdev goldfish_rtc at ff010000 irq 10
12-16 10:07:45.628     0     0 W         : goldfish_new_pdev goldfish_tty at ff002000 irq 4
12-16 10:07:45.628     0     0 W         : goldfish_new_pdev goldfish_tty at ff011000 irq 11
12-16 10:07:45.628     0     0 W         : goldfish_new_pdev goldfish_tty at ff012000 irq 12
12-16 10:07:45.628     0     0 W         : goldfish_new_pdev smc91x at ff013000 irq 13
12-16 10:07:45.628     0     0 W         : goldfish_new_pdev goldfish_fb at ff014000 irq 14
12-16 10:07:45.628     0     0 W         : goldfish_new_pdev goldfish_audio at ff004000 irq 15
12-16 10:07:45.628     0     0 W         : goldfish_new_pdev goldfish-battery at ff015000 irq 16
12-16 10:07:45.628     0     0 W         : goldfish_new_pdev goldfish_events at ff016000 irq 17
12-16 10:07:45.628     0     0 W         : goldfish_new_pdev goldfish_nand at ff017000 irq -1
12-16 10:07:45.628     0     0 W         : goldfish_new_pdev qemu_pipe at ff018000 irq 18
12-16 10:07:45.629     0     0 W         : goldfish_pdev_worker registered goldfish_interrupt_controller
12-16 10:07:45.629     0     0 W         : goldfish_pdev_worker registered goldfish_device_bus
12-16 10:07:45.629     0     0 W         : goldfish_pdev_worker registered goldfish_timer
12-16 10:07:45.629     0     0 W         : goldfish_pdev_worker registered goldfish_rtc
12-16 10:07:45.629     0     0 W         : goldfish_pdev_worker registered goldfish_tty
12-16 10:07:45.629     0     0 W         : goldfish_pdev_worker registered goldfish_tty
12-16 10:07:45.629     0     0 W         : goldfish_pdev_worker registered goldfish_tty
12-16 10:07:45.629     0     0 W         : goldfish_pdev_worker registered smc91x
12-16 10:07:45.629     0     0 W         : goldfish_pdev_worker registered goldfish_fb
12-16 10:07:45.629     0     0 W         : goldfish_pdev_worker registered goldfish_audio
12-16 10:07:45.629     0     0 W         : goldfish_pdev_worker registered goldfish-battery
12-16 10:07:45.629     0     0 W         : goldfish_pdev_worker registered goldfish_events
12-16 10:07:45.629     0     0 W         : goldfish_pdev_worker registered goldfish_nand
12-16 10:07:45.629     0     0 W         : goldfish_pdev_worker registered qemu_pipe
12-16 10:07:45.629     0     0 I audit   : initializing netlink socket (disabled)
12-16 10:07:45.784     0     0 W         : highmem bounce pool size: 64 pages
12-16 10:07:45.784     0     0 I         : Installing knfsd (copyright (C) 1996 okir@monad.swb.de).
12-16 10:07:45.784     0     0 I         : fuse init (API version 7.18)
12-16 10:07:45.785     0     0 D yaffs   : yaffs built Mar 11 2016 15:59:13 Installing.
12-16 10:07:45.785     0     0 I         : msgmni has been set to 1460
12-16 10:07:45.785     0     0 D SELinux : Registering netfilter hooks
12-16 10:07:45.785     0     0 I         : io scheduler noop registered
12-16 10:07:45.785     0     0 I         : io scheduler deadline registered
12-16 10:07:45.785     0     0 I         : io scheduler cfq registered (default)
12-16 10:07:45.785     0     0 I         : console [ttyS0] enabled
12-16 10:07:45.785     0     0 I brd     : module loaded
12-16 10:07:45.785     0     0 I loop    : module loaded
12-16 10:07:45.785     0     0 I nbd     : registered device at major 43
12-16 10:07:45.785     0     0 W         : goldfish_audio_probe
12-16 10:07:45.785     0     0 W         : goldfish nand dev0: size 70000000, page 512, extra 0, erase 0
12-16 10:07:45.785     0     0 W         : goldfish nand dev1: size 22600000, page 512, extra 0, erase 0
12-16 10:07:45.786     0     0 W         : goldfish nand dev2: size 4200000, page 512, extra 0, erase 0
12-16 10:07:45.786     0     0 I tun     : Universal TUN/TAP device driver, 1.6
12-16 10:07:45.786     0     0 I tun     : (C) 1999-2004 Max Krasnyansky <maxk@qualcomm.com>
12-16 10:07:45.786     0     0 W smc91x.c: v1.1, sep 22 2004 by Nicolas Pitre <nico@fluxnic.net>
12-16 10:07:45.786     0     0 W eth0    : SMC91C11xFD (rev 1) at fe013000 IRQ 13 [nowait]
12-16 10:07:45.786     0     0 W eth0    : Ethernet addr: 52:54:00:12:34:56
12-16 10:07:45.786     0     0 D eth0    : No PHY found
12-16 10:07:45.786     0     0 I mousedev: PS/2 mouse device common for all mice
12-16 10:07:45.786     0     0 W         : *** events probe ***
12-16 10:07:45.786     0     0 W         : events_probe() addr=0xfe016000 irq=17
12-16 10:07:45.786     0     0 W         : events_probe() keymap=qwerty2
12-16 10:07:45.786     0     0 I input   : qwerty2 as /devices/virtual/input/input0
12-16 10:07:45.786     0     0 I         : goldfish_rtc goldfish_rtc: rtc core: registered goldfish_rtc as rtc0
12-16 10:07:45.786     0     0 I device-mapper: uevent: version 1.0.3
12-16 10:07:45.786     0     0 I device-mapper: ioctl: 4.22.0-ioctl (2011-10-19) initialised: dm-devel@redhat.com
12-16 10:07:45.786     0     0 I ashmem  : initialized
12-16 10:07:45.786     0     0 I         : Netfilter messages via NETLINK v0.30.
12-16 10:07:45.787     0     0 I         : nf_conntrack version 0.5.0 (15907 buckets, 63628 max)
12-16 10:07:45.787     0     0 I ctnetlink v0.93: registering with nfnetlink.
12-16 10:07:45.787     0     0 I NF_TPROXY: Transparent proxy support initialized, version 4.1.0
12-16 10:07:45.787     0     0 I NF_TPROXY: Copyright (c) 2006-2007 BalaBit IT Ltd.
12-16 10:07:45.787     0     0 I xt_time : kernel timezone is -0000
12-16 10:07:45.787     0     0 I ip_tables: (C) 2000-2006 Netfilter Core Team
12-16 10:07:45.787     0     0 I arp_tables: (C) 2002 David S. Miller
12-16 10:07:45.787     0     0 I TCP     : cubic registered
12-16 10:07:45.787     0     0 I NET     : Registered protocol family 10
12-16 10:07:45.787     0     0 I ip6_tables: (C) 2000-2006 Netfilter Core Team
12-16 10:07:45.787     0     0 I         : IPv6 over IPv4 tunneling driver
12-16 10:07:45.787     0     0 I NET     : Registered protocol family 17
12-16 10:07:45.787     0     0 I NET     : Registered protocol family 15
12-16 10:07:45.787     0     0 I 8021q   : 802.1Q VLAN Support v1.8
12-16 10:07:45.787     0     0 I         : goldfish_rtc goldfish_rtc: setting system clock to 2016-12-16 10:07:42 UTC (1481882862)
12-16 10:07:45.787     0     0 I         : Freeing init memory: 140K
12-16 10:07:45.787     0     0 I init    : init first stage started!
12-16 10:07:45.788     0     0 D SELinux : 2048 avtab hash slots, 6609 rules.
12-16 10:07:45.788     0     0 D SELinux : 2048 avtab hash slots, 6609 rules.
12-16 10:07:45.788     0     0 D SELinux : 1 users, 2 roles, 652 types, 0 bools, 1 sens, 1024 cats
12-16 10:07:45.788     0     0 D SELinux : 63 classes, 6609 rules
12-16 10:07:45.788     0     0 D SELinux : Completing initialization.
12-16 10:07:45.788     0     0 D SELinux : Setting up existing superblocks.
12-16 10:07:45.788     0     0 D SELinux : initialized (dev sysfs, type sysfs), uses genfs_contexts
12-16 10:07:45.788     0     0 D SELinux : initialized (dev rootfs, type rootfs), uses genfs_contexts
12-16 10:07:45.788     0     0 D SELinux : initialized (dev bdev, type bdev), not configured for labeling
12-16 10:07:45.788     0     0 D SELinux : initialized (dev proc, type proc), uses genfs_contexts
12-16 10:07:45.788     0     0 D SELinux : initialized (dev tmpfs, type tmpfs), uses transition SIDs
12-16 10:07:45.788     0     0 D SELinux : initialized (dev sockfs, type sockfs), uses task SIDs
12-16 10:07:45.788     0     0 D SELinux : initialized (dev debugfs, type debugfs), uses genfs_contexts
12-16 10:07:45.788     0     0 D SELinux : initialized (dev pipefs, type pipefs), uses task SIDs
12-16 10:07:45.788     0     0 D SELinux : initialized (dev anon_inodefs, type anon_inodefs), not configured for labeling
12-16 10:07:45.788     0     0 D SELinux : initialized (dev devpts, type devpts), uses transition SIDs
12-16 10:07:45.788     0     0 D SELinux : initialized (dev selinuxfs, type selinuxfs), uses genfs_contexts
12-16 10:07:45.788     0     0 D SELinux : initialized (dev tmpfs, type tmpfs), uses transition SIDs
12-16 10:07:45.788     0     0 D SELinux : initialized (dev sysfs, type sysfs), uses genfs_contexts
12-16 10:07:45.789     0     0 I init    : (Initializing SELinux enforcing took 0.04s.)
12-16 10:07:45.789     0     0 I init    : init second stage started!
12-16 10:07:45.789     0     0 I init    : Running restorecon...
12-16 10:07:45.789     0     0 E init    : waitpid failed: No child processes
12-16 10:07:45.789     0     0 I init    : (Loading properties from /default.prop took 0.00s.)
12-16 10:07:45.790     0     0 I init    : (Parsing /init.environ.rc took 0.00s.)
12-16 10:07:45.790     0     0 I init    : (Parsing /init.usb.rc took 0.00s.)
12-16 10:07:45.790     0     0 I init    : (Parsing /init.goldfish.rc took 0.00s.)
12-16 10:07:45.790     0     0 I init    : (Parsing /init.usb.configfs.rc took 0.00s.)
12-16 10:07:45.790     0     0 I init    : (Parsing /init.zygote32.rc took 0.00s.)
12-16 10:07:45.790     0     0 I init    : (Parsing /init.rc took 0.02s.)
12-16 10:07:45.790     0     0 I init    : Starting service 'ueventd'...
12-16 10:07:45.790     0     0 I init    : Waiting for /dev/.coldboot_done...
12-16 10:07:45.790     0     0 I ueventd : ueventd started!
12-16 10:07:45.790     0     0 I ueventd : Coldboot took 0.38s.
12-16 10:07:45.790     0     0 I init    : Waiting for /dev/.coldboot_done took 0.41s.
12-16 10:07:45.790     0     0 E init    : /dev/hw_random not found
12-16 10:07:45.791     0     0 D SELinux : initialized (dev cgroup, type cgroup), uses genfs_contexts
12-16 10:07:45.791     0     0 D SELinux : initialized (dev tmpfs, type tmpfs), uses transition SIDs
12-16 10:07:45.791     0     0 I init    : write_file: Unable to open '/proc/sys/kernel/hung_task_timeout_secs': No such file or directory
12-16 10:07:45.791     0     0 D SELinux : initialized (dev cgroup, type cgroup), uses genfs_contexts
12-16 10:07:45.791     0     0 I init    : write_file: Unable to open '/proc/sys/abi/swp': No such file or directory
12-16 10:07:45.791     0     0 E init    : /dev/hw_random not found
12-16 10:07:45.791     0     0 I EXT4-fs (mtdblock0): mounted filesystem with ordered data mode. Opts: barrier=1
12-16 10:07:45.791     0     0 D SELinux : initialized (dev mtdblock0, type ext4), uses xattr
12-16 10:07:45.791     0     0 I fs_mgr  : __mount(source=/dev/block/mtdblock0,target=/system,type=ext4)=0
12-16 10:07:45.791     0     0 I EXT4-fs (mtdblock1): recovery complete
12-16 10:07:45.792     0     0 I EXT4-fs (mtdblock1): mounted filesystem with ordered data mode. Opts: errors=remount-ro,nomblk_io_submit
12-16 10:07:45.792     0     0 D SELinux : initialized (dev mtdblock1, type ext4), uses xattr
12-16 10:07:45.792     0     0 I fs_mgr  : check_fs(): mount(/dev/block/mtdblock1,/data,ext4)=0: Success
12-16 10:07:45.792     0     0 I fs_mgr  : check_fs(): unmount(/data) succeeded
12-16 10:07:45.792     0     0 I fs_mgr  : Running /system/bin/e2fsck on /dev/block/mtdblock1
12-16 10:07:45.792     0     0 I e2fsck  : e2fsck 1.42.9 (28-Dec-2013)
12-16 10:07:45.792     0     0 I e2fsck  : Pass 1: Checking inodes, blocks, and sizes
12-16 10:07:45.792     0     0 I e2fsck  : Pass 2: Checking directory structure
12-16 10:07:45.792     0     0 I e2fsck  : Pass 3: Checking directory connectivity
12-16 10:07:45.792     0     0 I e2fsck  : Pass 4: Checking reference counts
12-16 10:07:45.792     0     0 I e2fsck  : Pass 5: Checking group summary information
12-16 10:07:45.792     0     0 I e2fsck  : data: 1141/35200 files (11.3% non-contiguous), 37442/140800 blocks
12-16 10:07:45.792     0     0 I EXT4-fs (mtdblock1): mounted filesystem with ordered data mode. Opts: barrier=1,nomblk_io_submit
12-16 10:07:45.793     0     0 D SELinux : initialized (dev mtdblock1, type ext4), uses xattr
12-16 10:07:45.793     0     0 I fs_mgr  : __mount(source=/dev/block/mtdblock1,target=/data,type=ext4)=0
12-16 10:07:45.793     0     0 I EXT4-fs (mtdblock2): recovery complete
12-16 10:07:45.793     0     0 I EXT4-fs (mtdblock2): mounted filesystem with ordered data mode. Opts: errors=remount-ro,nomblk_io_submit
12-16 10:07:45.793     0     0 D SELinux : initialized (dev mtdblock2, type ext4), uses xattr
12-16 10:07:45.793     0     0 I fs_mgr  : check_fs(): mount(/dev/block/mtdblock2,/cache,ext4)=0: Success
12-16 10:07:45.793     0     0 I fs_mgr  : check_fs(): unmount(/cache) succeeded
12-16 10:07:45.907    54    59 D vold    : e4crypt_init_user0
12-16 10:07:45.908    54    59 D vold    : e4crypt_prepare_user_storage for volume null, user 0, serial 0, flags 1
12-16 10:07:45.909    54    59 D vold    : Preparing: /data/system/users/0
12-16 10:07:45.909    54    59 D vold    : Preparing: /data/misc/profiles/cur/0
12-16 10:07:45.910    54    59 D vold    : Preparing: /data/misc/profiles/cur/0/foreign-dex
12-16 10:07:45.910    54    59 D vold    : Preparing: /data/system_de/0
12-16 10:07:45.911    54    59 D vold    : Preparing: /data/misc_de/0
12-16 10:07:45.911    54    59 D vold    : Preparing: /data/user_de/0
12-16 10:07:45.912    54    59 D vold    : e4crypt_unlock_user_key 0 serial=0 token_present=0
12-16 10:07:45.916     1     1 I vdc     : 200 55 Command succeeded
12-16 10:07:46.387     0     0 I fs_mgr  : Running /system/bin/e2fsck on /dev/block/mtdblock2
12-16 10:07:46.387     0     0 I e2fsck  : e2fsck 1.42.9 (28-Dec-2013)
12-16 10:07:46.387     0     0 I e2fsck  : Pass 1: Checking inodes, blocks, and sizes
12-16 10:07:46.387     0     0 I e2fsck  : Pass 2: Checking directory structure
12-16 10:07:46.387     0     0 I e2fsck  : Pass 3: Checking directory connectivity
12-16 10:07:46.387     0     0 I e2fsck  : Pass 4: Checking reference counts
12-16 10:07:46.387     0     0 I e2fsck  : Pass 5: Checking group summary information
12-16 10:07:46.387     0     0 I e2fsck  : /dev/block/mtdblock2: 14/4224 files (0.0% non-contiguous), 1306/16896 blocks
12-16 10:07:46.388     0     0 I EXT4-fs (mtdblock2): mounted filesystem with ordered data mode. Opts: (null)
12-16 10:07:46.388     0     0 D SELinux : initialized (dev mtdblock2, type ext4), uses xattr
12-16 10:07:46.388     0     0 I fs_mgr  : __mount(source=/dev/block/mtdblock2,target=/cache,type=ext4)=0
12-16 10:07:46.388     0     0 I init    : (Parsing /system/etc/init/atrace.rc took 0.01s.)
12-16 10:07:46.388     0     0 I init    : (Parsing /system/etc/init/audioserver.rc took 0.00s.)
12-16 10:07:46.388     0     0 I init    : (Parsing /system/etc/init/bootanim.rc took 0.00s.)
12-16 10:07:46.388     0     0 I init    : (Parsing /system/etc/init/bootstat.rc took 0.00s.)
12-16 10:07:46.388     0     0 I init    : (Parsing /system/etc/init/cameraserver.rc took 0.00s.)
12-16 10:07:46.388     0     0 I init    : (Parsing /system/etc/init/debuggerd.rc took 0.00s.)
12-16 10:07:46.388     0     0 I init    : (Parsing /system/etc/init/drmserver.rc took 0.00s.)
12-16 10:07:46.388     0     0 I init    : (Parsing /system/etc/init/dumpstate.rc took 0.00s.)
12-16 10:07:46.388     0     0 I init    : (Parsing /system/etc/init/gatekeeperd.rc took 0.00s.)
12-16 10:07:46.388     0     0 I init    : (Parsing /system/etc/init/init-debug.rc took 0.00s.)
12-16 10:07:46.388     0     0 I init    : (Parsing /system/etc/init/installd.rc took 0.00s.)
12-16 10:07:46.388     0     0 I init    : (Parsing /system/etc/init/keystore.rc took 0.00s.)
12-16 10:07:46.388     0     0 I init    : (Parsing /system/etc/init/lmkd.rc took 0.00s.)
12-16 10:07:46.388     0     0 I init    : (Parsing /system/etc/init/logcatd.rc took 0.00s.)
12-16 10:07:46.388     0     0 I init    : (Parsing /system/etc/init/logd.rc took 0.00s.)
12-16 10:07:46.388     0     0 I init    : (Parsing /system/etc/init/mdnsd.rc took 0.00s.)
12-16 10:07:46.388     0     0 I init    : (Parsing /system/etc/init/mediacodec.rc took 0.00s.)
12-16 10:07:46.389     0     0 I init    : (Parsing /system/etc/init/mediadrmserver.rc took 0.00s.)
12-16 10:07:46.389     0     0 I init    : (Parsing /system/etc/init/mediaextractor.rc took 0.00s.)
12-16 10:07:46.389     0     0 I init    : (Parsing /system/etc/init/mediaserver.rc took 0.00s.)
12-16 10:07:46.389     0     0 I init    : (Parsing /system/etc/init/mtpd.rc took 0.00s.)
12-16 10:07:46.389     0     0 I init    : (Parsing /system/etc/init/netd.rc took 0.00s.)
12-16 10:07:46.389     0     0 I init    : (Parsing /system/etc/init/perfprofd.rc took 0.00s.)
12-16 10:07:46.389     0     0 I init    : (Parsing /system/etc/init/racoon.rc took 0.00s.)
12-16 10:07:46.389     0     0 I init    : (Parsing /system/etc/init/rild.rc took 0.00s.)
12-16 10:07:46.389     0     0 I init    : (Parsing /system/etc/init/servicemanager.rc took 0.00s.)
12-16 10:07:46.389     0     0 I init    : (Parsing /system/etc/init/surfaceflinger.rc took 0.00s.)
12-16 10:07:46.389     0     0 I init    : (Parsing /system/etc/init/uncrypt.rc took 0.00s.)
12-16 10:07:46.389     0     0 I init    : (Parsing /system/etc/init/vdc.rc took 0.00s.)
12-16 10:07:46.389     0     0 I init    : (Parsing /system/etc/init/vold.rc took 0.00s.)
12-16 10:07:46.389     0     0 I init    : Starting service 'logd'...
12-16 10:07:46.389     0     0 I logd.auditd: start
12-16 10:07:47.403     0     0 E init    : property_set("ro.kernel.android.checkjni", "1") failed
12-16 10:07:47.403     0     0 I init    : (Loading properties from /system/build.prop took 0.01s.)
12-16 10:07:47.403     0     0 I init    : (Loading properties from /vendor/build.prop took 0.00s.)
12-16 10:07:47.403     0     0 I init    : (Loading properties from /factory/factory.prop took 0.00s.)
12-16 10:07:47.403     0     0 E init    : /recovery not specified in fstab
12-16 10:07:47.403     0     0 I init    : Starting service 'debuggerd'...
12-16 10:07:47.403     0     0 E init    : do_start: Service debuggerd64 not found
12-16 10:07:47.403     0     0 I init    : Starting service 'vold'...
12-16 10:07:47.403     0     0 I init    : Not bootcharting.
12-16 10:07:47.403     0     0 I init    : Starting service 'exec 1 (/system/bin/tzdatacheck)'...
12-16 10:07:48.321    60    60 I /system/bin/tzdatacheck: tzdata file /data/misc/zoneinfo/current/tzdata does not exist. No action required.
12-16 10:07:48.325     0     0 I init    : Service 'exec 1 (/system/bin/tzdatacheck)' (pid 60) exited with status 0
12-16 10:07:48.337     0     0 I init    : (Loading properties from /data/local.prop took 0.00s.)
12-16 10:07:48.395     0     0 I init    : Starting service 'logd-reinit'...
12-16 10:07:48.425     0     0 I init    : Starting service 'healthd'...
12-16 10:07:48.425     0     0 I init    : Starting service 'qemu-props'...
12-16 10:07:48.425     0     0 I init    : Starting service 'lmkd'...
12-16 10:07:48.425     0     0 I init    : Starting service 'servicemanager'...
12-16 10:07:48.495     0     0 I init    : Starting service 'surfaceflinger'...
12-16 10:07:48.495     0     0 E init    : property_set("ro.build.product", "generic") failed
12-16 10:07:48.495     0     0 E init    : property_set("ro.product.device", "generic") failed
12-16 10:07:48.495     0     0 E init    : do_stop: Service dund not found
12-16 10:07:48.495     0     0 E init    : do_stop: Service akmd not found
12-16 10:07:48.495     0     0 I init    : Starting service 'qemud'...
12-16 10:07:48.495     0     0 I init    : Starting service 'goldfish-logcat'...
12-16 10:07:48.584     0     0 I init    : Starting service 'goldfish-setup'...
12-16 10:07:48.664     0     0 I binder  : 64:64 transaction failed 29189, size 0-0
12-16 10:07:48.675     0     0 I init    : Starting service 'console'...
12-16 10:07:48.675     0     0 I init    : Starting service 'adbd'...
12-16 10:07:48.676     0     0 I init    : write_file: Unable to open '/sys/class/android_usb/android0/enable': No such file or directory
12-16 10:07:48.676     0     0 I init    : write_file: Unable to open '/sys/class/android_usb/android0/idVendor': No such file or directory
12-16 10:07:48.676     0     0 I init    : write_file: Unable to open '/sys/class/android_usb/android0/idProduct': No such file or directory
12-16 10:07:48.676     0     0 I init    : write_file: Unable to open '/sys/class/android_usb/android0/functions': No such file or directory
12-16 10:07:48.676     0     0 I init    : write_file: Unable to open '/sys/class/android_usb/android0/enable': No such file or directory
12-16 10:07:48.676     0     0 E init    : cannot find '/system/bin/update_verifier' (No such file or directory), disabling 'exec 2 (/system/bin/update_verifier)'
12-16 10:07:48.676     0     0 E init    : cannot find '/system/bin/install-recovery.sh' (No such file or directory), disabling 'flash_recovery'
12-16 10:07:48.676     0     0 I init    : Starting service 'zygote'...
12-16 10:07:48.676     0     0 I init    : Starting service 'audioserver'...
12-16 10:07:48.815     0     0 I init    : Starting service 'cameraserver'...
12-16 10:07:48.815     0     0 I init    : Starting service 'drm'...
12-16 10:07:48.815     0     0 I init    : Starting service 'installd'...
12-16 10:07:48.815     0     0 I init    : Starting service 'keystore'...
12-16 10:07:48.825     0     0 E init    : couldn't write 76 to /dev/cpuset/camera-daemon/tasks: No such file or directory
12-16 10:07:48.985     0     0 I init    : Starting service 'mediacodec'...
12-16 10:07:48.985     0     0 I init    : Starting service 'mediadrm'...
12-16 10:07:48.985     0     0 I init    : Starting service 'mediaextractor'...
12-16 10:07:48.985     0     0 I init    : Starting service 'media'...
12-16 10:07:48.985     0     0 I init    : Starting service 'netd'...
12-16 10:07:49.215     0     0 I init    : Starting service 'ril-daemon'...
12-16 10:07:49.215     0     0 I init    : Starting service 'fingerprintd'...
12-16 10:07:49.215     0     0 I init    : Starting service 'gatekeeperd'...
12-16 10:07:49.544     0     0 I init    : Starting service 'perfprofd'...
12-16 10:07:49.665     0     0 I binder  : 64:64 transaction failed 29189, size 0-0
12-16 10:07:49.884    66    66 I lowmemorykiller: Using in-kernel low memory killer interface
12-16 10:07:49.969    65    65 I qemu-props: connected to 'boot-properties' qemud service.
12-16 10:07:49.969    65    65 I qemu-props: receiving..
12-16 10:07:49.970    65    65 I qemu-props: received: dalvik.vm.heapsize=48m
12-16 10:07:50.029    65    65 I qemu-props: receiving..
12-16 10:07:50.029    65    65 I qemu-props: received: qemu.sf.lcd_density=160
12-16 10:07:50.031    65    65 I qemu-props: receiving..
12-16 10:07:50.032    65    65 I qemu-props: received: qemu.hw.mainkeys=1
12-16 10:07:50.032    65    65 I qemu-props: receiving..
12-16 10:07:50.033    65    65 I qemu-props: received: qemu.sf.fake_camera=back
12-16 10:07:50.033    65    65 I qemu-props: receiving..
12-16 10:07:50.034    65    65 I qemu-props: exiting (4 properties set).
12-16 10:07:50.929    78    78 I         : installd firing up
12-16 10:07:51.173    90    90 I perfprofd: starting Android Wide Profiling daemon
12-16 10:07:51.406    90    90 E perfprofd: unable to open configuration file /data/data/com.google.android.gms/files/perfprofd.conf
12-16 10:07:51.410    90    90 I perfprofd: random seed set to 4171354009
12-16 10:07:52.083    86    86 I fingerprintd: Starting fingerprintd
--------- beginning of radio
12-16 10:07:52.156    85    85 D RILD    : **RIL Daemon Started**
12-16 10:07:52.156    85    85 D RILD    : **RILd param count=1**
12-16 10:07:52.372    79    79 I keystore: Found keymaster0 module Keymaster OpenSSL HAL, version 2
12-16 10:07:52.373    79    79 I SoftKeymaster: system/keymaster/soft_keymaster_device.cpp, Line 131: Creating device
12-16 10:07:52.373    79    79 D SoftKeymaster: system/keymaster/soft_keymaster_device.cpp, Line 132: Device address: 0xa72b2000
12-16 10:07:52.373    79    79 I keystore: Keymaster0 module is software-only.  Using SoftKeymasterDevice instead.
12-16 10:07:52.374    79    79 I SoftKeymaster: system/keymaster/soft_keymaster_device.cpp, Line 131: Creating device
12-16 10:07:52.374    79    79 D SoftKeymaster: system/keymaster/soft_keymaster_device.cpp, Line 132: Device address: 0xa72b2200
12-16 10:07:52.604     0     0 I init    : write_file: Unable to open '/sys/class/android_usb/android0/enable': No such file or directory
12-16 10:07:52.736    87    87 I gatekeeperd: Starting gatekeeperd...
12-16 10:07:52.741    87    87 W gatekeeperd: falling back to software GateKeeper
12-16 10:07:52.868    68    68 I SurfaceFlinger: SurfaceFlinger is starting
12-16 10:07:52.869    68    68 I SurfaceFlinger: SurfaceFlinger's main thread ready to run. Initializing graphics H/W...
12-16 10:07:52.870    68    68 D libEGL  : Emulator without GPU support detected. Fallback to legacy software renderer, qemu.gles is set to 0.
12-16 10:07:52.880    84    84 I Netd    : Netd 1.0 starting
12-16 10:07:52.927    84    84 D TetherController: Setting IP forward enable = 0
12-16 10:07:53.072    68    68 D libEGL  : loaded /system/lib/egl/libGLES_android.so
12-16 10:07:53.162    85    85 D RILD    : overriding with -s /dev/socket/qemud
12-16 10:07:53.286    85    85 W RILD    : RIL_SAP_Init not defined or exported in libreference-ril.so: undefined symbol: RIL_SAP_Init
12-16 10:07:53.286    85    85 D RILD    : RIL_Init argc = 5 clientId = 0
12-16 10:07:53.286    85    85 I RIL     : Opening socket /dev/socket/qemud
12-16 10:07:53.287    85    85 I RIL     : Client id received 0
12-16 10:07:53.287    85    85 D RILD    : RIL_Init rilInit completed
12-16 10:07:53.287    85    85 I RILC    : SIM_COUNT: 1
12-16 10:07:53.287    85    85 E RILC    : RIL_register: RIL version 12
12-16 10:07:53.288    85    85 I RILC    : s_registerCalled flag set, 1
12-16 10:07:53.288    85    85 I RILC    : Start to listen RIL_SOCKET_1
12-16 10:07:53.289    85    85 D RILD    : RIL_Init RIL_register completed
12-16 10:07:53.289    85    85 D RILD    : RIL_register_socket completed
12-16 10:07:53.289    85    85 D RILD    : RIL_Init starting sleep loop
12-16 10:07:53.291    85    99 D RIL     : setRadioState(0)
12-16 10:07:53.294    85    99 D AT      : AT> ATE0Q0V1
12-16 10:07:53.462    85   101 D AT      : AT< OK
12-16 10:07:53.714    85    99 D RIL     : query_ctec. current: 0xaba337e8, preferred: 0xaba337e4
12-16 10:07:53.714    85    99 D AT      : AT> AT+CTEC?
12-16 10:07:53.715    85   101 D AT      : AT< +CTEC: 0,f
12-16 10:07:53.777    68    68 D gralloc_goldfish: Emulator without host-side GPU emulation detected.
12-16 10:07:53.785    68    68 I gralloc : using (fd=11)
12-16 10:07:53.785    68    68 I gralloc : id           = 
12-16 10:07:53.785    68    68 I gralloc : xres         = 320 px
12-16 10:07:53.785    68    68 I gralloc : yres         = 480 px
12-16 10:07:53.785    68    68 I gralloc : xres_virtual = 320 px
12-16 10:07:53.785    68    68 I gralloc : yres_virtual = 960 px
12-16 10:07:53.785    68    68 I gralloc : bpp          = 16
12-16 10:07:53.785    68    68 I gralloc : r            = 11:5
12-16 10:07:53.785    68    68 I gralloc : g            =  5:6
12-16 10:07:53.785    68    68 I gralloc : b            =  0:5
12-16 10:07:53.786    68    68 I gralloc : width        = 49 mm (165.877548 dpi)
12-16 10:07:53.786    68    68 I gralloc : height       = 74 mm (164.756760 dpi)
12-16 10:07:53.786    68    68 I gralloc : refresh rate = 651.04 Hz
12-16 10:07:53.791    68    68 E SurfaceFlinger: hwcomposer module not found
12-16 10:07:53.796    68    68 W SurfaceFlinger: no suitable EGLConfig found, trying a simpler query
12-16 10:07:53.796    68    68 W SurfaceFlinger: EGL_SLOW_CONFIG selected!
12-16 10:07:53.797    68    68 I SurfaceFlinger: EGL information:
12-16 10:07:53.797    68    68 I SurfaceFlinger: vendor    : Android
12-16 10:07:53.797    68    68 I SurfaceFlinger: version   : 1.4 Android META-EGL
12-16 10:07:53.797    68    68 I SurfaceFlinger: extensions: EGL_KHR_get_all_proc_addresses EGL_ANDROID_presentation_time EGL_KHR_swap_buffers_with_damage EGL_ANDROID_create_native_client_buffer EGL_ANDROID_front_buffer_auto_refresh EGL_KHR_image_base EGL_KHR_fence_sync EGL_ANDROID_image_native_buffer 
12-16 10:07:53.797    68    68 I SurfaceFlinger: Client API: OpenGL_ES
12-16 10:07:53.797    68    68 I SurfaceFlinger: EGLSurface: 5-6-5-0, config=0x0
12-16 10:07:53.800    68    68 W SurfaceFlinger: no suitable EGLConfig found, trying a simpler query
12-16 10:07:53.800    68    68 W SurfaceFlinger: EGL_SLOW_CONFIG selected!
12-16 10:07:53.800    68    68 I SurfaceFlinger: EGL information:
12-16 10:07:53.800    68    68 I SurfaceFlinger: vendor    : Android
12-16 10:07:53.800    68    68 I SurfaceFlinger: version   : 1.4 Android META-EGL
12-16 10:07:53.800    68    68 I SurfaceFlinger: extensions: EGL_KHR_get_all_proc_addresses EGL_ANDROID_presentation_time EGL_KHR_swap_buffers_with_damage EGL_ANDROID_create_native_client_buffer EGL_ANDROID_front_buffer_auto_refresh EGL_KHR_image_base EGL_KHR_fence_sync EGL_ANDROID_image_native_buffer 
12-16 10:07:53.800    68    68 I SurfaceFlinger: Client API: OpenGL_ES
12-16 10:07:53.801    68    68 I SurfaceFlinger: EGLSurface: 5-6-5-0, config=0x0
12-16 10:07:53.807    68    68 I SurfaceFlinger: OpenGL ES informations:
12-16 10:07:53.807    68    68 I SurfaceFlinger: vendor    : Android
12-16 10:07:53.808    68    68 I SurfaceFlinger: renderer  : Android PixelFlinger 1.4
12-16 10:07:53.808    68    68 I SurfaceFlinger: version   : OpenGL ES-CM 1.0
12-16 10:07:53.808    68    68 I SurfaceFlinger: extensions: GL_EXT_debug_marker GL_OES_byte_coordinates GL_OES_fixed_point GL_OES_single_precision GL_OES_read_format GL_OES_compressed_paletted_texture GL_OES_draw_texture GL_OES_matrix_get GL_OES_query_matrix GL_OES_EGL_image GL_OES_EGL_sync GL_OES_compressed_ETC1_RGB8_texture GL_ARB_texture_compression GL_ARB_texture_non_power_of_two GL_ANDROID_user_clip_plane GL_ANDROID_vertex_buffer_object GL_ANDROID_generate_mipmap 
12-16 10:07:53.808    68    68 I SurfaceFlinger: GL_MAX_TEXTURE_SIZE = 4096
12-16 10:07:53.808    68    68 I SurfaceFlinger: GL_MAX_VIEWPORT_DIMS = 4096
12-16 10:07:53.814    68    68 W SurfaceFlinger: no suitable EGLConfig found, trying a simpler query
12-16 10:07:53.814    68    68 W SurfaceFlinger: EGL_SLOW_CONFIG selected!
12-16 10:07:53.815    68    68 I SurfaceFlinger: EGL information:
12-16 10:07:53.815    68    68 I SurfaceFlinger: vendor    : Android
12-16 10:07:53.815    68    68 I SurfaceFlinger: version   : 1.4 Android META-EGL
12-16 10:07:53.855    85   101 D AT      : AT< OK
12-16 10:07:53.855    85    99 D RIL     : Response: +CTEC: 0,f
12-16 10:07:53.856    85    99 D RIL     : line remaining after int: f
12-16 10:07:53.856    85    99 D RIL     : query_supported_techs
12-16 10:07:53.856    85    99 D AT      : AT> AT+CTEC=?
12-16 10:07:53.856    85   101 D AT      : AT< +CTEC: 0,1,2,3
12-16 10:07:53.857    85   101 D AT      : AT< OK
12-16 10:07:53.857    85    99 I RIL     : Found Multimode Modem. Supported techs mask: 0000000f. Current tech: 0
12-16 10:07:53.857    85    99 D AT      : AT> ATE0Q0V1
12-16 10:07:53.857    85   101 D AT      : AT< OK
12-16 10:07:53.857    85    99 D AT      : AT> ATS0=0
12-16 10:07:53.858    85   101 D AT      : AT< OK
12-16 10:07:53.858    85    99 D AT      : AT> AT+CMEE=1
12-16 10:07:53.858    85   101 D AT      : AT< OK
12-16 10:07:53.859    85    99 D AT      : AT> AT+CREG=2
12-16 10:07:53.859    85   101 D AT      : AT< OK
12-16 10:07:53.859    85    99 D AT      : AT> AT+CGREG=1
12-16 10:07:53.859    85   101 D AT      : AT< OK
12-16 10:07:53.859    85    99 D AT      : AT> AT+CCWA=1
12-16 10:07:53.860    85   101 D AT      : AT< OK
12-16 10:07:53.860    85    99 D AT      : AT> AT+CMOD=0
12-16 10:07:53.860    85   101 D AT      : AT< OK
12-16 10:07:53.860    85    99 D AT      : AT> AT+CMUT=0
12-16 10:07:53.860    85   101 D AT      : AT< OK
12-16 10:07:53.860    85    99 D AT      : AT> AT+CSSN=0,1
12-16 10:07:53.861    85   101 D AT      : AT< OK
12-16 10:07:53.861    85    99 D AT      : AT> AT+COLP=0
12-16 10:07:53.861    85   101 D AT      : AT< OK
12-16 10:07:53.861    85    99 D AT      : AT> AT+CSCS="HEX"
12-16 10:07:53.861    85   101 D AT      : AT< OK
12-16 10:07:53.862    85    99 D AT      : AT> AT+CUSD=1
12-16 10:07:53.862    85   101 D AT      : AT< OK
12-16 10:07:53.862    85    99 D AT      : AT> AT+CGEREP=1,0
12-16 10:07:53.862    85   101 D AT      : AT< OK
12-16 10:07:53.862    85    99 D AT      : AT> AT+CMGF=0
12-16 10:07:53.956    68    68 I SurfaceFlinger: extensions: EGL_KHR_get_all_proc_addresses EGL_ANDROID_presentation_time EGL_KHR_swap_buffers_with_damage EGL_ANDROID_create_native_client_buffer EGL_ANDROID_front_buffer_auto_refresh EGL_KHR_image_base EGL_KHR_fence_sync EGL_ANDROID_image_native_buffer 
12-16 10:07:53.956    68    68 I SurfaceFlinger: Client API: OpenGL_ES
12-16 10:07:53.956    68    68 I SurfaceFlinger: EGLSurface: 5-6-5-0, config=0x0
12-16 10:07:53.972    68    68 E libEGL  : called unimplemented OpenGL ES API
12-16 10:07:53.972    68    68 E SurfaceFlinger: Error while compiling shader: 
12-16 10:07:53.972    68    68 E SurfaceFlinger: attribute vec4 position;
12-16 10:07:53.972    68    68 E SurfaceFlinger: uniform mat4 projection;
12-16 10:07:53.972    68    68 E SurfaceFlinger: uniform mat4 texture;
12-16 10:07:53.972    68    68 E SurfaceFlinger: void main(void) {
12-16 10:07:53.972    68    68 E SurfaceFlinger:     gl_Position = projection * position;
12-16 10:07:53.972    68    68 E SurfaceFlinger: }
12-16 10:07:53.972    68    68 E SurfaceFlinger: 
12-16 10:07:53.972    68    68 E SurfaceFlinger: »?_­
12-16 10:07:53.972    68    68 E SurfaceFlinger: Error while compiling shader: 
12-16 10:07:53.972    68    68 E SurfaceFlinger: precision mediump float;
12-16 10:07:53.972    68    68 E SurfaceFlinger: uniform vec4 color;
12-16 10:07:53.972    68    68 E SurfaceFlinger: void main(void) {
12-16 10:07:53.972    68    68 E SurfaceFlinger:     gl_FragColor = color;
12-16 10:07:53.972    68    68 E SurfaceFlinger: }
12-16 10:07:53.972    68    68 E SurfaceFlinger: 
12-16 10:07:53.972    68    68 E SurfaceFlinger: »?_­
12-16 10:07:53.973    68    68 E SurfaceFlinger: Error while linking shaders:
12-16 10:07:53.973    68    68 E SurfaceFlinger: Error while compiling shader: 
12-16 10:07:53.973    68    68 E SurfaceFlinger: attribute vec4 position;
12-16 10:07:53.973    68    68 E SurfaceFlinger: uniform mat4 projection;
12-16 10:07:53.973    68    68 E SurfaceFlinger: uniform mat4 texture;
12-16 10:07:53.973    68    68 E SurfaceFlinger: void main(void) {
12-16 10:07:53.973    68    68 E SurfaceFlinger:     gl_Position = projection * position;
12-16 10:07:53.973    68    68 E SurfaceFlinger: }
12-16 10:07:53.973    68    68 E SurfaceFlinger: 
12-16 10:07:53.973    68    68 E SurfaceFlinger: »?_­
12-16 10:07:53.973    68    68 E SurfaceFlinger: Error while compiling shader: 
12-16 10:07:53.973    68    68 E SurfaceFlinger: precision mediump float;
12-16 10:07:53.973    68    68 E SurfaceFlinger: uniform vec4 color;
12-16 10:07:53.973    68    68 E SurfaceFlinger: void main(void) {
12-16 10:07:53.973    68    68 E SurfaceFlinger:     gl_FragColor = color;
12-16 10:07:53.973    68    68 E SurfaceFlinger: }
12-16 10:07:53.973    68    68 E SurfaceFlinger: 
12-16 10:07:53.973    68    68 E SurfaceFlinger: »?_­
12-16 10:07:53.973    68    68 E SurfaceFlinger: Error while linking shaders:
12-16 10:07:53.973    68    68 E SurfaceFlinger: Error while compiling shader: 
12-16 10:07:53.973    68    68 E SurfaceFlinger: attribute vec4 position;
12-16 10:07:53.973    68    68 E SurfaceFlinger: uniform mat4 projection;
12-16 10:07:53.973    68    68 E SurfaceFlinger: uniform mat4 texture;
12-16 10:07:53.973    68    68 E SurfaceFlinger: void main(void) {
12-16 10:07:53.973    68    68 E SurfaceFlinger:     gl_Position = projection * position;
12-16 10:07:53.973    68    68 E SurfaceFlinger: }
12-16 10:07:53.973    68    68 E SurfaceFlinger: 
12-16 10:07:53.973    68    68 E SurfaceFlinger: »?_­
12-16 10:07:53.974    68    68 E SurfaceFlinger: Error while compiling shader: 
12-16 10:07:53.974    68    68 E SurfaceFlinger: precision mediump float;
12-16 10:07:53.974    68    68 E SurfaceFlinger: uniform vec4 color;
12-16 10:07:53.974    68    68 E SurfaceFlinger: void main(void) {
12-16 10:07:53.974    68    68 E SurfaceFlinger:     gl_FragColor = color;
12-16 10:07:53.974    68    68 E SurfaceFlinger:     gl_FragColor.a = 1.0;
12-16 10:07:53.974    68    68 E SurfaceFlinger: }
12-16 10:07:53.974    68    68 E SurfaceFlinger: 
12-16 10:07:53.974    68    68 E SurfaceFlinger: »?_­
12-16 10:07:53.974    68    68 E SurfaceFlinger: Error while linking shaders:
12-16 10:07:53.974    68    68 E SurfaceFlinger: Error while compiling shader: 
12-16 10:07:53.974    68    68 E SurfaceFlinger: attribute vec4 position;
12-16 10:07:53.974    68    68 E SurfaceFlinger: uniform mat4 projection;
12-16 10:07:53.974    68    68 E SurfaceFlinger: uniform mat4 texture;
12-16 10:07:53.974    68    68 E SurfaceFlinger: void main(void) {
12-16 10:07:53.974    68    68 E SurfaceFlinger:     gl_Position = projection * position;
12-16 10:07:53.974    68    68 E SurfaceFlinger: }
12-16 10:07:53.974    68    68 E SurfaceFlinger: 
12-16 10:07:53.974    68    68 E SurfaceFlinger: »?_­
12-16 10:07:53.974    68    68 E SurfaceFlinger: Error while compiling shader: 
12-16 10:07:53.974    68    68 E SurfaceFlinger: precision mediump float;
12-16 10:07:53.974    68    68 E SurfaceFlinger: uniform vec4 color;
12-16 10:07:53.974    68    68 E SurfaceFlinger: void main(void) {
12-16 10:07:53.974    68    68 E SurfaceFlinger:     gl_FragColor = color;
12-16 10:07:53.974    68    68 E SurfaceFlinger:     gl_FragColor.a = 1.0;
12-16 10:07:53.974    68    68 E SurfaceFlinger: }
12-16 10:07:53.974    68    68 E SurfaceFlinger: 
12-16 10:07:53.974    68    68 E SurfaceFlinger: »?_­
12-16 10:07:53.974    68    68 E SurfaceFlinger: Error while linking shaders:
12-16 10:07:53.975    68    68 E SurfaceFlinger: Error while compiling shader: 
12-16 10:07:53.975    68    68 E SurfaceFlinger: attribute vec4 position;
12-16 10:07:53.975    68    68 E SurfaceFlinger: uniform mat4 projection;
12-16 10:07:53.975    68    68 E SurfaceFlinger: uniform mat4 texture;
12-16 10:07:53.975    68    68 E SurfaceFlinger: void main(void) {
12-16 10:07:53.975    68    68 E SurfaceFlinger:     gl_Position = projection * position;
12-16 10:07:53.975    68    68 E SurfaceFlinger: }
12-16 10:07:53.975    68    68 E SurfaceFlinger: 
12-16 10:07:53.975    68    68 E SurfaceFlinger: »?_­
12-16 10:07:53.975    68    68 E SurfaceFlinger: Error while compiling shader: 
12-16 10:07:53.975    68    68 E SurfaceFlinger: precision mediump float;
12-16 10:07:53.975    68    68 E SurfaceFlinger: uniform vec4 color;
12-16 10:07:53.975    68    68 E SurfaceFlinger: uniform float alphaPlane;
12-16 10:07:53.975    68    68 E SurfaceFlinger: void main(void) {
12-16 10:07:53.975    68    68 E SurfaceFlinger:     gl_FragColor = color;
12-16 10:07:53.975    68    68 E SurfaceFlinger:     gl_FragColor.a *= alphaPlane;
12-16 10:07:53.975    68    68 E SurfaceFlinger: }
12-16 10:07:53.975    68    68 E SurfaceFlinger: 
12-16 10:07:53.975    68    68 E SurfaceFlinger: »?_­
12-16 10:07:53.975    68    68 E SurfaceFlinger: Error while linking shaders:
12-16 10:07:53.976    68    68 E SurfaceFlinger: Error while compiling shader: 
12-16 10:07:53.976    68    68 E SurfaceFlinger: attribute vec4 position;
12-16 10:07:53.976    68    68 E SurfaceFlinger: uniform mat4 projection;
12-16 10:07:53.976    68    68 E SurfaceFlinger: uniform mat4 texture;
12-16 10:07:53.976    68    68 E SurfaceFlinger: void main(void) {
12-16 10:07:53.976    68    68 E SurfaceFlinger:     gl_Position = projection * position;
12-16 10:07:53.976    68    68 E SurfaceFlinger: }
12-16 10:07:53.976    68    68 E SurfaceFlinger: 
12-16 10:07:53.976    68    68 E SurfaceFlinger: »?_­
12-16 10:07:53.976    68    68 E SurfaceFlinger: Error while compiling shader: 
12-16 10:07:53.976    68    68 E SurfaceFlinger: precision mediump float;
12-16 10:07:53.976    68    68 E SurfaceFlinger: uniform vec4 color;
12-16 10:07:53.976    68    68 E SurfaceFlinger: uniform float alphaPlane;
12-16 10:07:53.976    68    68 E SurfaceFlinger: void main(void) {
12-16 10:07:53.976    68    68 E SurfaceFlinger:     gl_FragColor = color;
12-16 10:07:53.976    68    68 E SurfaceFlinger:     gl_FragColor *= alphaPlane;
12-16 10:07:53.976    68    68 E SurfaceFlinger: }
12-16 10:07:53.976    68    68 E SurfaceFlinger: 
12-16 10:07:53.976    68    68 E SurfaceFlinger: »?_­
12-16 10:07:53.976    68    68 E SurfaceFlinger: Error while linking shaders:
12-16 10:07:53.976    68    68 E SurfaceFlinger: Error while compiling shader: 
12-16 10:07:53.976    68    68 E SurfaceFlinger: attribute vec4 position;
12-16 10:07:53.976    68    68 E SurfaceFlinger: uniform mat4 projection;
12-16 10:07:53.976    68    68 E SurfaceFlinger: uniform mat4 texture;
12-16 10:07:53.976    68    68 E SurfaceFlinger: void main(void) {
12-16 10:07:53.976    68    68 E SurfaceFlinger:     gl_Position = projection * position;
12-16 10:07:53.976    68    68 E SurfaceFlinger: }
12-16 10:07:53.976    68    68 E SurfaceFlinger: 
12-16 10:07:53.976    68    68 E SurfaceFlinger: »?_­
12-16 10:07:53.976    68    68 E SurfaceFlinger: Error while compiling shader: 
12-16 10:07:53.976    68    68 E SurfaceFlinger: precision mediump float;
12-16 10:07:53.976    68    68 E SurfaceFlinger: uniform vec4 color;
12-16 10:07:53.976    68    68 E SurfaceFlinger: uniform float alphaPlane;
12-16 10:07:53.976    68    68 E SurfaceFlinger: void main(void) {
12-16 10:07:53.976    68    68 E SurfaceFlinger:     gl_FragColor = color;
12-16 10:07:53.976    68    68 E SurfaceFlinger:     gl_FragColor.a = 1.0;
12-16 10:07:53.976    68    68 E SurfaceFlinger:     gl_FragColor.a *= alphaPlane;
12-16 10:07:53.976    68    68 E SurfaceFlinger: }
12-16 10:07:53.976    68    68 E SurfaceFlinger: 
12-16 10:07:53.976    68    68 E SurfaceFlinger: »?_­
12-16 10:07:53.976    68    68 E SurfaceFlinger: Error while linking shaders:
12-16 10:07:53.977    68    68 E SurfaceFlinger: Error while compiling shader: 
12-16 10:07:53.977    68    68 E SurfaceFlinger: attribute vec4 position;
12-16 10:07:53.977    68    68 E SurfaceFlinger: uniform mat4 projection;
12-16 10:07:53.977    68    68 E SurfaceFlinger: uniform mat4 texture;
12-16 10:07:53.977    68    68 E SurfaceFlinger: void main(void) {
12-16 10:07:53.977    68    68 E SurfaceFlinger:     gl_Position = projection * position;
12-16 10:07:53.977    68    68 E SurfaceFlinger: }
12-16 10:07:53.977    68    68 E SurfaceFlinger: 
12-16 10:07:53.977    68    68 E SurfaceFlinger: »?_­
12-16 10:07:53.977    68    68 E SurfaceFlinger: Error while compiling shader: 
12-16 10:07:53.977    68    68 E SurfaceFlinger: precision mediump float;
12-16 10:07:53.977    68    68 E SurfaceFlinger: uniform vec4 color;
12-16 10:07:53.977    68    68 E SurfaceFlinger: uniform float alphaPlane;
12-16 10:07:53.977    68    68 E SurfaceFlinger: void main(void) {
