12-16 10:09:38.093   216   237 D View    :                                   + android.widget.TextView{c9197e3 V.ED..... ......I. 96,32-248,51 #102000b android:id/message} (id=16908299)
12-16 10:09:38.093   216   237 D View    :                                       frame={96, 32, 248, 51} scroll={0, 0} 
12-16 10:09:38.093   216   237 D View    :                                       mMeasureWidth=152 mMeasureHeight=19
12-16 10:09:38.093   216   237 D View    :                                       LinearLayout.LayoutParams={width=match-parent, height=wrap-content weight=0.0}
12-16 10:09:38.093   216   237 D View    :                                       flags={}
12-16 10:09:38.093   216   237 D View    :                                       privateFlags={HAS_BOUNDS DRAWN}
12-16 10:09:38.094   216   237 D View    :                                       frame={96, 32, 248, 51} scroll={0, 0} mText="Optimizing storage." mLayout width=152 height=19
12-16 10:09:38.094   216   237 D View    :                                   }
12-16 10:09:38.094   216   237 D View    :                               }
12-16 10:09:38.094   216   237 D View    :                           }
12-16 10:09:38.094   216   237 D View    :                       }
12-16 10:09:38.094   216   237 D View    :                   + android.widget.ScrollView{2d705e0 GFED.V... ......I. 0,0-0,0 #1020327 android:id/buttonPanel} (id=16909095)
12-16 10:09:38.642    83    83 I MediaPlayerService: MediaPlayerService::getOMX
12-16 10:09:38.643    83    83 I OMXClient: MuxOMX ctor
12-16 10:09:38.644    80    80 I OMXMaster: makeComponentInstance(OMX.google.vorbis.decoder) in mediacodec process
12-16 10:09:39.404   216   237 I liblog  : 1086
12-16 10:09:39.404   216   237 D View    :                       {
12-16 10:09:39.445   216   237 D View    :                       + android.widget.FrameLayout{2475e47 V.E...... ......ID 0,0-272,84 #102002b android:id/custom} (id=16908331)
12-16 10:09:39.446   216   237 D View    :                           frame={0, 0, 272, 84} scroll={0, 0} 
12-16 10:09:39.446   216   237 D View    :                           mMeasureWidth=272 mMeasureHeight=84
12-16 10:09:39.446   216   237 D View    :                           ViewGroup.LayoutParams={ width=match-parent, height=wrap-content }
12-16 10:09:39.446   216   237 D View    :                           flags={}
12-16 10:09:39.446   216   237 D View    :                           privateFlags={HAS_BOUNDS DRAWN}
12-16 10:09:39.446   216   237 D View    :                           {
12-16 10:09:39.447   216   237 D View    :                           + android.widget.FrameLayout{906f674 V.E...... ......ID 0,0-272,84}
12-16 10:09:39.447   216   237 D View    :                               frame={0, 0, 272, 84} scroll={0, 0} 
12-16 10:09:39.447   216   237 D View    :                               mMeasureWidth=272 mMeasureHeight=84
12-16 10:09:39.447   216   237 D View    :                               ViewGroup.LayoutParams={ width=match-parent, height=match-parent }
12-16 10:09:39.447   216   237 D View    :                               flags={}
12-16 10:09:39.447   216   237 D View    :                               privateFlags={HAS_BOUNDS DRAWN}
12-16 10:09:39.447   216   237 D View    :                               {
12-16 10:09:39.448   216   237 D View    :                               + android.widget.LinearLayout{8c6779d V.E...... ......ID 0,0-272,84 #10203dd android:id/body} (id=16909277)
12-16 10:09:39.448   216   237 D View    :                                   frame={0, 0, 272, 84} scroll={0, 0} 
12-16 10:09:39.448   216   237 D View    :                                   padding={24, 18, 24, 18}
12-16 10:09:39.448   216   237 D View    :                                   mMeasureWidth=272 mMeasureHeight=84
12-16 10:09:39.448   216   237 D View    :                                   ViewGroup.LayoutParams={ width=match-parent, height=match-parent }
12-16 10:09:39.448   216   237 D View    :                                   flags={}
12-16 10:09:39.449   216   237 D View    :                                   privateFlags={HAS_BOUNDS DRAWN}
12-16 10:09:39.449   216   237 D View    :                                   {
12-16 10:09:39.449   216   237 D View    :                                   + android.widget.ProgressBar{560f412 V.ED..... ......ID 24,18-72,66 #102000d android:id/progress} (id=16908301)
12-16 10:09:39.449   216   237 D View    :                                       frame={24, 18, 72, 66} scroll={0, 0} 
12-16 10:09:39.449   216   237 D View    :                                       mMeasureWidth=48 mMeasureHeight=48
12-16 10:09:39.449   216   237 D View    :                                       LinearLayout.LayoutParams={width=wrap-content, height=wrap-content weight=0.0}
12-16 10:09:39.450   216   237 D View    :                                       flags={}
12-16 10:09:39.450   216   237 D View    :                                       privateFlags={HAS_BOUNDS DRAWN}
12-16 10:09:39.450   216   237 D View    :                                   + android.widget.TextView{c9197e3 V.ED..... ......I. 96,32-248,51 #102000b android:id/message} (id=16908299)
12-16 10:09:39.450   216   237 D View    :                                       frame={96, 32, 248, 51} scroll={0, 0} 
12-16 10:09:39.450   216   237 D View    :                                       mMeasureWidth=152 mMeasureHeight=19
12-16 10:09:39.450   216   237 D View    :                                       LinearLayout.LayoutParams={width=match-parent, height=wrap-content weight=0.0}
12-16 10:09:39.451   216   237 D View    :                                       flags={}
12-16 10:09:39.451   216   237 D View    :                                       privateFlags={HAS_BOUNDS DRAWN}
12-16 10:09:39.451   216   237 D View    :                                       frame={96, 32, 248, 51} scroll={0, 0} mText="Optimizing storage." mLayout width=152 height=19
12-16 10:09:39.451   216   237 D View    :                                   }
12-16 10:09:39.451   216   237 D View    :                               }
12-16 10:09:39.451   216   237 D View    :                           }
12-16 10:09:39.451   216   237 D View    :                       }
12-16 10:09:39.452   216   237 D View    :                   + android.widget.ScrollView{2d705e0 GFED.V... ......I. 0,0-0,0 #1020327 android:id/buttonPanel} (id=16909095)
12-16 10:09:39.452   216   237 D View    :                       frame={0, 0, 0, 0} scroll={0, 0} 
12-16 10:09:39.452   216   237 D View    :                       mMeasureWidth=0 mMeasureHeight=0
12-16 10:09:39.452   216   237 D View    :                       LinearLayout.LayoutParams={width=match-parent, height=wrap-content weight=0.0}
12-16 10:09:39.452   216   237 D View    :                       flags={TAKES_FOCUS GONE}
12-16 10:09:39.453   216   237 D View    :                       privateFlags={DRAWN}
12-16 10:09:39.453   216   237 D View    :                       {
12-16 10:09:39.453   216   237 D View    :                       + com.android.internal.widget.ButtonBarLayout{497f099 V.E...... ......I. 0,0-0,0}
12-16 10:09:39.453   216   237 D View    :                           frame={0, 0, 0, 0} scroll={0, 0} 
12-16 10:09:39.453   216   237 D View    :                           padding={0, 4, 0, 4}
12-16 10:09:39.453   216   237 D View    :                           mMeasureWidth=0 mMeasureHeight=0
12-16 10:09:39.453   216   237 D View    :                           ViewGroup.LayoutParams={ width=match-parent, height=wrap-content }
12-16 10:09:39.454   216   237 D View    :                           flags={}
12-16 10:09:39.454   216   237 D View    :                           privateFlags={}
12-16 10:09:39.454   216   237 D View    :                           {
12-16 10:09:39.454   216   237 D View    :                           + android.widget.Button{f563f5e GFED..C.. ......I. 0,0-0,0 #102001b android:id/button3} (id=16908315)
12-16 10:09:39.504   216   237 D View    :                               frame={0, 0, 0, 0} scroll={0, 0} 
12-16 10:09:39.505   216   237 D View    :                               padding={12, 10, 12, 10}
12-16 10:09:39.505   216   237 D View    :                               mMeasureWidth=0 mMeasureHeight=0
12-16 10:09:39.505   216   237 D View    :                               LinearLayout.LayoutParams={width=wrap-content, height=wrap-content weight=0.0}
12-16 10:09:39.505   216   237 D View    :                               flags={TAKES_FOCUS GONE}
12-16 10:09:39.505   216   237 D View    :                               privateFlags={DRAWN}
12-16 10:09:39.505   216   237 D View    :                               frame={0, 0, 0, 0} scroll={0, 0} mText="" 
12-16 10:09:39.506   216   237 D View    :                           + android.widget.Space{fbbcf3f I.ED..... ......I. 0,0-0,0 #102032d android:id/spacer} (id=16909101)
12-16 10:09:39.506   216   237 D View    :                               frame={0, 0, 0, 0} scroll={0, 0} 
12-16 10:09:39.506   216   237 D View    :                               mMeasureWidth=0 mMeasureHeight=0
12-16 10:09:39.506   216   237 D View    :                               LinearLayout.LayoutParams={width=0, height=0 weight=1.0}
12-16 10:09:39.506   216   237 D View    :                               flags={INVISIBLE}
12-16 10:09:39.507   216   237 D View    :                               privateFlags={DRAWN}
12-16 10:09:39.507   216   237 D View    :                           + android.widget.Button{5d6a00c GFED..C.. ......I. 0,0-0,0 #102001a android:id/button2} (id=16908314)
12-16 10:09:39.507   216   237 D View    :                               frame={0, 0, 0, 0} scroll={0, 0} 
12-16 10:09:39.507   216   237 D View    :                               padding={12, 10, 12, 10}
12-16 10:09:39.507   216   237 D View    :                               mMeasureWidth=0 mMeasureHeight=0
12-16 10:09:39.507   216   237 D View    :                               LinearLayout.LayoutParams={width=wrap-content, height=wrap-content weight=0.0}
12-16 10:09:39.508   216   237 D View    :                               flags={TAKES_FOCUS GONE}
12-16 10:09:39.508   216   237 D View    :                               privateFlags={DRAWN}
12-16 10:09:39.508   216   237 D View    :                               frame={0, 0, 0, 0} scroll={0, 0} mText="" 
12-16 10:09:39.508   216   237 D View    :                           + android.widget.Button{66dfd55 GFED..C.. ......I. 0,0-0,0 #1020019 android:id/button1} (id=16908313)
12-16 10:09:39.508   216   237 D View    :                               frame={0, 0, 0, 0} scroll={0, 0} 
12-16 10:09:39.508   216   237 D View    :                               padding={12, 10, 12, 10}
12-16 10:09:39.509   216   237 D View    :                               mMeasureWidth=0 mMeasureHeight=0
12-16 10:09:39.509   216   237 D View    :                               LinearLayout.LayoutParams={width=wrap-content, height=wrap-content weight=0.0}
12-16 10:09:39.509   216   237 D View    :                               flags={TAKES_FOCUS GONE}
12-16 10:09:39.509   216   237 D View    :                               privateFlags={DRAWN}
12-16 10:09:39.509   216   237 D View    :                               frame={0, 0, 0, 0} scroll={0, 0} mText="" 
12-16 10:09:39.509   216   237 D View    :                           }
12-16 10:09:39.509   216   237 D View    :                       }
12-16 10:09:39.510   216   237 D View    :                   }
12-16 10:09:39.510   216   237 D View    :               }
12-16 10:09:39.510   216   237 D View    :           + android.view.ViewStub{4c2f36a G.E...... ......I. 0,0-0,0 #10203ef android:id/action_mode_bar_stub} (id=16909295)
12-16 10:09:39.510   216   237 D View    :               frame={0, 0, 0, 0} scroll={0, 0} 
12-16 10:09:39.510   216   237 D View    :               mMeasureWidth=0 mMeasureHeight=0
12-16 10:09:39.510   216   237 D View    :               ViewGroup.LayoutParams={ width=match-parent, height=wrap-content }
12-16 10:09:39.510   216   237 D View    :               flags={GONE}
12-16 10:09:39.511   216   237 D View    :               privateFlags={DRAWN}
12-16 10:09:39.511   216   237 D View    :           }
12-16 10:09:39.511   216   237 D View    :       }
12-16 10:09:39.511   216   237 V ViewRootImpl[Android is startingâ¦]: 0x4ca85c2	Frame time:	251
12-16 10:09:39.511   216   237 V ViewRootImpl[Android is startingâ¦]: Draw DecorView@ddd7157[Android is startingâ¦]/Android is startingâ¦: dirty={40,80,88,128} surface=Surface(name=null)/@0xe94dc36 surface.isValid()=true, appScale:1.0, width=304, height=162
12-16 10:09:39.513   216   237 V ViewRootImpl[Android is startingâ¦]: Surface Surface(name=null)/@0xe94dc36 drawing to bitmap w=368, h=226
12-16 10:09:39.514   216   237 I ViewRootImpl[Android is startingâ¦]: Drawing: package:android, metrics=DisplayMetrics{density=1.0, width=320, height=480, scaledDensity=1.0, xdpi=160.0, ydpi=160.0}, compatibilityInfo={160dpi always-compat}
12-16 10:09:39.536   418   460 I liblog  : 1
12-16 10:09:39.536   418   460 W art     : Suspending all threads took: 60.567ms
12-16 10:09:39.549   418   418 W InputAttributes: No editor info for this field. Bug?
12-16 10:09:39.555   216   237 V ViewRootImpl[Android is startingâ¦]: Invalidate child: Rect(40, 80 - 88, 128)
12-16 10:09:39.569   216   237 V ViewRootImpl[Android is startingâ¦]: Surface Surface(name=null)/@0xe94dc36 unlockCanvasAndPost
12-16 10:09:39.570   216   237 I Choreographer: Skipped 168 frames!  The application may be doing too much work on its main thread.
12-16 10:09:39.573   216   237 I System.out: ======================================
12-16 10:09:39.573   216   237 I System.out: performTraversals
12-16 10:09:39.573   216   237 D View    :   + DecorView@ddd7157[Android is startingâ¦]
12-16 10:09:39.573   216   237 D View    :       frame={0, 0, 304, 162} scroll={0, 0} 
12-16 10:09:39.573   216   237 D View    :       padding={16, 16, 16, 16}
12-16 10:09:39.909    83    83 I MediaPlayerService: MediaPlayerService::getOMX
12-16 10:09:39.912    83    83 I OMXClient: MuxOMX ctor
12-16 10:09:39.936    80    80 I OMXMaster: makeComponentInstance(OMX.google.opus.decoder) in mediacodec process
12-16 10:09:41.153    83    83 I MediaPlayerService: MediaPlayerService::getOMX
12-16 10:09:41.154    83    83 I OMXClient: MuxOMX ctor
12-16 10:09:41.185    80   481 I OMXMaster: makeComponentInstance(OMX.google.raw.decoder) in mediacodec process
12-16 10:09:41.206    83    83 I MediaPlayerService: MediaPlayerService::getOMX
12-16 10:09:41.207    83    83 I OMXClient: MuxOMX ctor
12-16 10:09:41.208    80   481 I OMXMaster: makeComponentInstance(OMX.google.aac.encoder) in mediacodec process
12-16 10:09:41.336    83    83 I MediaPlayerService: MediaPlayerService::getOMX
12-16 10:09:41.337    83    83 I OMXClient: MuxOMX ctor
12-16 10:09:41.338    80   481 I OMXMaster: makeComponentInstance(OMX.google.amrnb.encoder) in mediacodec process
12-16 10:09:41.392    83    83 I MediaPlayerService: MediaPlayerService::getOMX
12-16 10:09:41.394    83    83 I OMXClient: MuxOMX ctor
12-16 10:09:41.394    80   481 I OMXMaster: makeComponentInstance(OMX.google.amrwb.encoder) in mediacodec process
12-16 10:09:41.492    83    83 I MediaPlayerService: MediaPlayerService::getOMX
12-16 10:09:41.493    83    83 I OMXClient: MuxOMX ctor
12-16 10:09:41.493    80   481 I OMXMaster: makeComponentInstance(OMX.google.flac.encoder) in mediacodec process
12-16 10:09:42.310    83    83 I MediaPlayerService: MediaPlayerService::getOMX
12-16 10:09:42.311    83    83 I OMXClient: MuxOMX ctor
12-16 10:09:42.312    80   481 I OMXMaster: makeComponentInstance(OMX.google.gsm.decoder) in mediacodec process
12-16 10:09:43.052    83    83 I MediaPlayerService: MediaPlayerService::getOMX
12-16 10:09:43.053    83    83 I OMXClient: MuxOMX ctor
12-16 10:09:43.054    80   481 I OMXMaster: makeComponentInstance(OMX.google.mpeg4.decoder) in mediacodec process
12-16 10:09:43.971    80   481 E OMXNodeInstance: getExtensionIndex(50000f:google.mpeg4.decoder, OMX.google.android.index.configureVideoTunnelMode) ERROR: UnsupportedIndex(0x8000101a)
12-16 10:09:43.972    80   111 W OMXNodeInstance: [50000f:google.mpeg4.decoder] component does not support metadata mode; using fallback
12-16 10:09:44.030    83    83 I MediaPlayerService: MediaPlayerService::getOMX
12-16 10:09:44.032    83    83 I OMXClient: MuxOMX ctor
12-16 10:09:44.032    80    80 I OMXMaster: makeComponentInstance(OMX.google.h263.decoder) in mediacodec process
12-16 10:09:44.702    80   481 E OMXNodeInstance: getExtensionIndex(500010:google.h263.decoder, OMX.google.android.index.configureVideoTunnelMode) ERROR: UnsupportedIndex(0x8000101a)
12-16 10:09:44.703    80   481 W OMXNodeInstance: [500010:google.h263.decoder] component does not support metadata mode; using fallback
12-16 10:09:44.711    83    83 I MediaPlayerService: MediaPlayerService::getOMX
12-16 10:09:44.712    83    83 I OMXClient: MuxOMX ctor
12-16 10:09:44.713    80   481 I OMXMaster: makeComponentInstance(OMX.google.h264.decoder) in mediacodec process
12-16 10:09:45.618    83    83 W ACodec  : [OMX.google.h264.decoder] stopping checking profiles after 32: 2/8000
12-16 10:09:45.620    80   481 E OMXNodeInstance: getExtensionIndex(500011:google.h264.decoder, OMX.google.android.index.configureVideoTunnelMode) ERROR: UnsupportedIndex(0x8000101a)
12-16 10:09:45.620    80   543 W OMXNodeInstance: [500011:google.h264.decoder] component does not support metadata mode; using fallback
12-16 10:09:45.660    83    83 I MediaPlayerService: MediaPlayerService::getOMX
12-16 10:09:45.662    83    83 I OMXClient: MuxOMX ctor
12-16 10:09:45.662    80   111 I OMXMaster: makeComponentInstance(OMX.google.hevc.decoder) in mediacodec process
12-16 10:09:46.166    84   392 E Netd    : Failed to dump IPv4 sockets for UID: No such file or directory
12-16 10:09:46.734    80   481 E OMXNodeInstance: getExtensionIndex(500012:google.hevc.decoder, OMX.google.android.index.configureVideoTunnelMode) ERROR: UnsupportedIndex(0x8000101a)
12-16 10:09:46.734    80    80 W OMXNodeInstance: [500012:google.hevc.decoder] component does not support metadata mode; using fallback
12-16 10:09:46.785    83    83 I MediaPlayerService: MediaPlayerService::getOMX
12-16 10:09:46.806    83    83 I OMXClient: MuxOMX ctor
12-16 10:09:46.807    80    80 I OMXMaster: makeComponentInstance(OMX.google.vp8.decoder) in mediacodec process
12-16 10:09:47.764    80   543 E OMXNodeInstance: getExtensionIndex(500013:google.vp8.decoder, OMX.google.android.index.configureVideoTunnelMode) ERROR: UnsupportedIndex(0x8000101a)
12-16 10:09:47.765    80   481 W OMXNodeInstance: [500013:google.vp8.decoder] component does not support metadata mode; using fallback
12-16 10:09:47.784    83    83 I MediaPlayerService: MediaPlayerService::getOMX
12-16 10:09:47.816    83    83 I OMXClient: MuxOMX ctor
12-16 10:09:47.816    80    80 I OMXMaster: makeComponentInstance(OMX.google.vp9.decoder) in mediacodec process
12-16 10:09:49.415    80   543 E OMXNodeInstance: getExtensionIndex(500014:google.vp9.decoder, OMX.google.android.index.configureVideoTunnelMode) ERROR: UnsupportedIndex(0x8000101a)
12-16 10:09:49.416    80   542 W OMXNodeInstance: [500014:google.vp9.decoder] component does not support metadata mode; using fallback
12-16 10:09:49.445    83    83 I MediaPlayerService: MediaPlayerService::getOMX
12-16 10:09:49.446    83    83 I OMXClient: MuxOMX ctor
12-16 10:09:49.447    80   542 I OMXMaster: makeComponentInstance(OMX.google.h263.encoder) in mediacodec process
12-16 10:09:50.853    54    59 D vold    : e4crypt_prepare_user_storage for volume null, user 0, serial 0, flags 2
12-16 10:09:50.854    54    59 D vold    : Preparing: /data/system_ce/0
12-16 10:09:50.855    54    59 D vold    : Preparing: /data/misc_ce/0
12-16 10:09:50.855    54    59 D vold    : Preparing: /data/media/0
12-16 10:09:50.865    54    59 D vold    : Preparing: /data/data
12-16 10:09:51.042    80   542 I SoftMPEG4Encoder: Construct SoftMPEG4Encoder
12-16 10:09:51.077     0     0 W healthd : battery l=50 v=0 t=0.0 h=2 st=2 chg=a
12-16 10:09:51.672    83    83 W ACodec  : do not know color format 0x7f000789 = 2130708361
12-16 10:09:51.675    80   543 E OMXNodeInstance: getConfig(500015:google.h263.encoder, ConfigAndroidIntraRefresh(0x6f60000a)) ERROR: Undefined(0x80001001)
12-16 10:09:51.782    83    83 I MediaPlayerService: MediaPlayerService::getOMX
12-16 10:09:51.784    83    83 I OMXClient: MuxOMX ctor
12-16 10:09:51.785    80    80 I OMXMaster: makeComponentInstance(OMX.google.h264.encoder) in mediacodec process
12-16 10:09:54.722    83    83 W ACodec  : do not know color format 0x7f000789 = 2130708361
12-16 10:09:54.802    83    83 I MediaPlayerService: MediaPlayerService::getOMX
12-16 10:09:54.803    83    83 I OMXClient: MuxOMX ctor
12-16 10:09:54.804    80   111 I OMXMaster: makeComponentInstance(OMX.google.mpeg4.encoder) in mediacodec process
12-16 10:09:58.442    80   111 I SoftMPEG4Encoder: Construct SoftMPEG4Encoder
12-16 10:09:58.540    83    83 W ACodec  : do not know color format 0x7f000789 = 2130708361
12-16 10:09:58.541    80   111 E OMXNodeInstance: getConfig(500017:google.mpeg4.encoder, ConfigAndroidIntraRefresh(0x6f60000a)) ERROR: Undefined(0x80001001)
12-16 10:09:58.619    83    83 I MediaPlayerService: MediaPlayerService::getOMX
12-16 10:09:58.620    83    83 I OMXClient: MuxOMX ctor
12-16 10:09:58.621    80   481 I OMXMaster: makeComponentInstance(OMX.google.vp8.encoder) in mediacodec process
12-16 10:10:00.035   569   569 I liblog  : 10206
12-16 10:10:00.035   569   569 D View    :               LinearLayout.LayoutParams={width=match-parent, height=match-parent weight=0.0}
12-16 10:10:00.035   569   569 D View    :               flags={}
12-16 10:10:00.035   569   569 D View    :               privateFlags={HAS_BOUNDS DRAWN}
12-16 10:10:00.035   569   569 D View    :               {
12-16 10:10:00.035   569   569 D View    :               + android.widget.FrameLayout{b569d4d V.E...... ......ID 0,0-320,480}
12-16 10:10:00.036   569   569 D View    :                   frame={0, 0, 320, 480} scroll={0, 0} 
12-16 10:10:00.036   569   569 D View    :                   mMeasureWidth=320 mMeasureHeight=480
12-16 10:10:00.036   569   569 D View    :                   ViewGroup.LayoutParams={ width=match-parent, height=match-parent }
12-16 10:10:00.036   569   569 D View    :                   flags={}
12-16 10:10:00.036   569   569 D View    :                   privateFlags={HAS_BOUNDS DRAWN}
12-16 10:10:00.036   569   569 D View    :                   {
12-16 10:10:00.036   569   569 D View    :                   + android.widget.LinearLayout{e5ca002 V.E...... ......ID 72,211-248,268}
12-16 10:10:00.037   569   569 D View    :                       frame={72, 211, 248, 268} scroll={0, 0} 
12-16 10:10:00.037   569   569 D View    :                       mMeasureWidth=176 mMeasureHeight=57
12-16 10:10:00.037   569   569 D View    :                       ViewGroup.LayoutParams={ width=wrap-content, height=wrap-content }
12-16 10:10:00.037   569   569 D View    :                       flags={}
12-16 10:10:00.037   569   569 D View    :                       privateFlags={HAS_BOUNDS DRAWN}
12-16 10:10:00.037   569   569 D View    :                       {
12-16 10:10:00.038   569   569 D View    :                       + android.widget.TextView{9bced13 V.ED..... ......I. 0,0-176,28}
12-16 10:10:00.038   569   569 D View    :                           frame={0, 0, 176, 28} scroll={0, 0} 
12-16 10:10:00.038   569   569 D View    :                           mMeasureWidth=176 mMeasureHeight=28
12-16 10:10:00.038   569   569 D View    :                           LinearLayout.LayoutParams={width=wrap-content, height=wrap-content weight=0.0}
12-16 10:10:00.038   569   569 D View    :                           flags={}
12-16 10:10:00.038   569   569 D View    :                           privateFlags={HAS_BOUNDS DRAWN}
12-16 10:10:00.038   569   569 D View    :                           frame={0, 0, 176, 28} scroll={0, 0} mText="Android is startingâ¦" mLayout width=176 height=28
12-16 10:10:00.039   569   569 D View    :                       + android.widget.ProgressBar{55eeb50 V.ED..... ......ID 0,41-176,57}
12-16 10:10:00.039   569   569 D View    :                           frame={0, 41, 176, 57} scroll={0, 0} 
12-16 10:10:00.039   569   569 D View    :                           mMeasureWidth=176 mMeasureHeight=16
12-16 10:10:00.039   569   569 D View    :                           LinearLayout.LayoutParams={width=match-parent, height=wrap-content weight=0.0}
12-16 10:10:00.039   569   569 D View    :                           flags={}
12-16 10:10:00.039   569   569 D View    :                           privateFlags={HAS_BOUNDS DRAWN}
12-16 10:10:00.039   569   569 D View    :                       }
12-16 10:10:00.040   569   569 D View    :                   }
12-16 10:10:00.040   569   569 D View    :               }
12-16 10:10:00.040   569   569 D View    :           }
12-16 10:10:00.040   569   569 D View    :       }
12-16 10:10:00.041   569   569 V ViewRootImpl[FallbackHome]: 0xef5da69	Frame time:	47
12-16 10:10:00.041   569   569 V ViewRootImpl[FallbackHome]: Draw DecorView@78a646d[FallbackHome]/com.android.settings/com.android.settings.FallbackHome: dirty={72,252,248,268} surface=Surface(name=null)/@0xd702cee surface.isValid()=true, appScale:1.0, width=320, height=480
12-16 10:10:00.044   569   569 V ViewRootImpl[FallbackHome]: Surface Surface(name=null)/@0xd702cee drawing to bitmap w=320, h=480
12-16 10:10:00.044   569   569 I ViewRootImpl[FallbackHome]: Drawing: package:com.android.settings, metrics=DisplayMetrics{density=1.0, width=320, height=480, scaledDensity=1.0, xdpi=160.0, ydpi=160.0}, compatibilityInfo={160dpi always-compat}
12-16 10:10:00.046   569   569 V ViewRootImpl[FallbackHome]: Invalidate child: Rect(72, 252 - 248, 268)
12-16 10:10:00.063   569   569 V ViewRootImpl[FallbackHome]: Surface Surface(name=null)/@0xd702cee unlockCanvasAndPost
12-16 10:10:00.064   569   569 I Choreographer: Skipped 30 frames!  The application may be doing too much work on its main thread.
12-16 10:10:00.066   569   569 I System.out: ======================================
12-16 10:10:00.066   569   569 I System.out: performTraversals
12-16 10:10:00.067   569   569 D View    :   + DecorView@78a646d[FallbackHome]
12-16 10:10:00.067   569   569 D View    :       frame={0, 0, 320, 480} scroll={0, 0} 
12-16 10:10:00.067   569   569 D View    :       mMeasureWidth=320 mMeasureHeight=480
12-16 10:10:00.067   569   569 D Debug   :       Contents of WM.LayoutParams{(0,0)(fillxfill) sim=#100 ty=1 fl=#81910180 pfl=0x20000 fmt=-2 wanim=0x1030468 vsysui=0x600 needsMenuKey=2}:
12-16 10:10:00.067   569   569 D Debug   : ViewGroup.LayoutParams={ width=match-parent, height=match-parent }
12-16 10:10:00.067   569   569 D Debug   : 
12-16 10:10:00.068   569   569 D Debug   : WindowManager.LayoutParams={title=com.android.settings/com.android.settings.FallbackHome}
12-16 10:10:00.068   569   569 D View    : 
12-16 10:10:00.068   569   569 D View    :       flags={}
12-16 10:10:00.068   569   569 D View    :       privateFlags={IS_ROOT_NAMESPACE HAS_BOUNDS DRAWN}
12-16 10:10:00.068   569   569 D View    :       {
12-16 10:10:00.068   569   569 D View    :       + android.widget.LinearLayout{9d428a2 V.E...... ......ID 0,0-320,480}
12-16 10:10:00.068   569   569 D View    :           frame={0, 0, 320, 480} scroll={0, 0} 
12-16 10:10:00.070   569   569 D View    :           mMeasureWidth=320 mMeasureHeight=480
12-16 10:10:00.070   569   569 D View    :           ViewGroup.LayoutParams={ width=match-parent, height=match-parent }
12-16 10:10:00.070   569   569 D View    :           flags={}
12-16 10:10:00.070   569   569 D View    :           privateFlags={HAS_BOUNDS DRAWN}
12-16 10:10:00.070   569   569 D View    :           {
12-16 10:10:00.071   569   569 D View    :           + android.view.ViewStub{302d933 G.E...... ......I. 0,0-0,0 #10203ef android:id/action_mode_bar_stub} (id=16909295)
12-16 10:10:00.071   569   569 D View    :               frame={0, 0, 0, 0} scroll={0, 0} 
12-16 10:10:00.071   569   569 D View    :               mMeasureWidth=0 mMeasureHeight=0
12-16 10:10:00.071   569   569 D View    :               LinearLayout.LayoutParams={width=match-parent, height=wrap-content weight=0.0}
12-16 10:10:00.071   569   569 D View    :               flags={GONE}
12-16 10:10:00.071   569   569 D View    :               privateFlags={DRAWN}
12-16 10:10:00.072   569   569 D View    :           + android.widget.FrameLayout{6d634f0 V.E...... ......ID 0,0-320,480 #1020002 android:id/content} (id=16908290)
12-16 10:10:00.072   569   569 D View    :               frame={0, 0, 320, 480} scroll={0, 0} 
12-16 10:10:00.072   569   569 D View    :               mMeasureWidth=320 mMeasureHeight=480
12-16 10:10:00.072   569   569 D View    :               LinearLayout.LayoutParams={width=match-parent, height=match-parent weight=0.0}
12-16 10:10:00.072   569   569 D View    :               flags={}
12-16 10:10:00.073   569   569 D View    :               privateFlags={HAS_BOUNDS DRAWN}
12-16 10:10:00.073   569   569 D View    :               {
12-16 10:10:00.073   569   569 D View    :               + android.widget.FrameLayout{b569d4d V.E...... ......ID 0,0-320,480}
12-16 10:10:00.073   569   569 D View    :                   frame={0, 0, 320, 480} scroll={0, 0} 
12-16 10:10:00.073   569   569 D View    :                   mMeasureWidth=320 mMeasureHeight=480
12-16 10:10:00.073   569   569 D View    :                   ViewGroup.LayoutParams={ width=match-parent, height=match-parent }
12-16 10:10:00.073   569   569 D View    :                   flags={}
12-16 10:10:00.074   569   569 D View    :                   privateFlags={HAS_BOUNDS DRAWN}
12-16 10:10:00.074   569   569 D View    :                   {
12-16 10:10:00.074   569   569 D View    :                   + android.widget.LinearLayout{e5ca002 V.E...... ......ID 72,211-248,268}
12-16 10:10:00.074   569   569 D View    :                       frame={72, 211, 248, 268} scroll={0, 0} 
12-16 10:10:00.074   569   569 D View    :                       mMeasureWidth=176 mMeasureHeight=57
12-16 10:10:00.074   569   569 D View    :                       ViewGroup.LayoutParams={ width=wrap-content, height=wrap-content }
12-16 10:10:00.074   569   569 D View    :                       flags={}
12-16 10:10:00.075   569   569 D View    :                       privateFlags={HAS_BOUNDS DRAWN}
12-16 10:10:00.075   569   569 D View    :                       {
12-16 10:10:00.075   569   569 D View    :                       + android.widget.TextView{9bced13 V.ED..... ......I. 0,0-176,28}
12-16 10:10:00.075   569   569 D View    :                           frame={0, 0, 176, 28} scroll={0, 0} 
12-16 10:10:01.213    83    83 W ACodec  : do not know color format 0x7f000789 = 2130708361
12-16 10:10:01.284    80   481 E OMXNodeInstance: getConfig(500018:google.vp8.encoder, ConfigAndroidIntraRefresh(0x6f60000a)) ERROR: Undefined(0x80001001)
12-16 10:10:01.292    83    83 I MediaPlayerService: MediaPlayerService::getOMX
12-16 10:10:01.293    83    83 I OMXClient: MuxOMX ctor
12-16 10:10:01.294    83    83 W MediaCodecList: unable to open media codecs configuration xml file: /etc/media_codecs_performance.xml
12-16 10:10:01.391    83    83 I MediaPlayerService: MediaPlayerService::getOMX
12-16 10:10:01.392    83    83 I OMXClient: MuxOMX ctor
12-16 10:10:01.392    83    83 W MediaCodecList: unable to open media codecs configuration xml file: /data/misc/media/media_codecs_profiling_results.xml
12-16 10:10:01.401    83   501 I MediaPlayerService: MediaPlayerService::getOMX
12-16 10:10:01.421    80   542 I OMXMaster: makeComponentInstance(OMX.google.vorbis.decoder) in mediacodec process
12-16 10:10:01.487    83    83 I MediaPlayerService: MediaPlayerService::getOMX
12-16 10:10:03.074    80    80 I OMXMaster: makeComponentInstance(OMX.google.vorbis.decoder) in mediacodec process
12-16 10:10:04.381    85    99 I RILC    : libril: new connection to RIL_SOCKET_1
12-16 10:10:04.471    85    99 I RILC    : RIL Daemon version: android reference-ril 1.0
12-16 10:10:04.548    83   506 I MediaPlayerService: MediaPlayerService::getOMX
12-16 10:10:04.553    80   542 I OMXMaster: makeComponentInstance(OMX.google.vorbis.decoder) in mediacodec process
12-16 10:10:07.823    53    53 W         : debuggerd: handling request: pid=68 uid=1000 gid=1003 tid=68
12-16 10:10:08.192    85    99 D RIL     : onRequest: RADIO_POWER
12-16 10:10:08.515    85    99 D RIL     : onRequest: CDMA_SET_SUBSCRIPTION_SOURCE
12-16 10:10:08.866    83    83 I MediaPlayerService: MediaPlayerService::getOMX
12-16 10:10:08.872    80   111 I OMXMaster: makeComponentInstance(OMX.google.vorbis.decoder) in mediacodec process
12-16 10:10:09.088    53    53 W         : debuggerd: resuming target 68
12-16 10:10:15.151    53    53 W         : debuggerd: handling request: pid=75 uid=1041 gid=1005 tid=75
12-16 10:10:18.000    53    53 W         : debuggerd: resuming target 75
12-16 10:10:18.004    53    53 W         : debuggerd: handling request: pid=76 uid=1047 gid=1005 tid=76
12-16 10:10:19.177    53    53 W         : debuggerd: resuming target 76
12-16 10:10:19.427    53    53 W         : debuggerd: handling request: pid=77 uid=1019 gid=1019 tid=77
12-16 10:10:20.537    53    53 W         : debuggerd: resuming target 77
12-16 10:10:20.540    53    53 W         : debuggerd: handling request: pid=80 uid=1046 gid=1006 tid=80
12-16 10:10:22.913    53    53 W         : debuggerd: resuming target 80
12-16 10:10:22.927    53    53 W         : debuggerd: handling request: pid=81 uid=1013 gid=1031 tid=81
12-16 10:10:24.225    85    99 D RIL     : onRequest: SET_UNSOL_CELL_INFO_LIST_RATE
12-16 10:10:24.677    53    53 W         : debuggerd: resuming target 81
12-16 10:10:24.698    53    53 W         : debuggerd: handling request: pid=82 uid=1040 gid=1026 tid=82
12-16 10:10:26.353    53    53 W         : debuggerd: resuming target 82
12-16 10:10:26.506    53    53 W         : debuggerd: handling request: pid=83 uid=1013 gid=1005 tid=83
12-16 10:10:26.995     0     0 W         : QEMU Pipe Device:rw, wait_event error
12-16 10:10:29.355    53    53 W         : debuggerd: resuming target 83
12-16 10:10:29.359    53    53 W         : debuggerd: handling request: pid=428 uid=1023 gid=1023 tid=428
12-16 10:10:30.458    53    53 W         : debuggerd: resuming target 428
12-16 10:10:38.270    68    95 I sf_frame_dur: [Android is startingâ¦,0,0,0,0,3,422,219]
12-16 10:10:40.084   569   569 I liblog  : 59863
12-16 10:10:40.084   569   569 D View    :       }
12-16 10:10:40.112    85    99 D RIL     : onRequest: SCREEN_STATE
12-16 10:10:40.138    85    99 D RIL     : onRequest: GET_HARDWARE_CONFIG
12-16 10:10:40.165   569   569 V ViewRootImpl[FallbackHome]: 0xef5da69	Frame time:	114
12-16 10:10:40.165   569   569 V ViewRootImpl[FallbackHome]: Draw DecorView@78a646d[FallbackHome]/com.android.settings/com.android.settings.FallbackHome: dirty={72,252,248,268} surface=Surface(name=null)/@0xd702cee surface.isValid()=true, appScale:1.0, width=320, height=480
12-16 10:10:40.168   569   569 V ViewRootImpl[FallbackHome]: Surface Surface(name=null)/@0xd702cee drawing to bitmap w=320, h=480
12-16 10:10:40.169   569   569 I ViewRootImpl[FallbackHome]: Drawing: package:com.android.settings, metrics=DisplayMetrics{density=1.0, width=320, height=480, scaledDensity=1.0, xdpi=160.0, ydpi=160.0}, compatibilityInfo={160dpi always-compat}
12-16 10:10:40.170   569   569 V ViewRootImpl[FallbackHome]: Invalidate child: Rect(72, 252 - 248, 268)
12-16 10:10:40.173   569   569 V ViewRootImpl[FallbackHome]: Surface Surface(name=null)/@0xd702cee unlockCanvasAndPost
12-16 10:10:40.174   569   569 I Choreographer: Skipped 67 frames!  The application may be doing too much work on its main thread.
12-16 10:10:40.187   569   569 I System.out: ======================================
12-16 10:10:40.187   569   569 I System.out: performTraversals
12-16 10:10:40.188   569   569 D View    :   + DecorView@78a646d[FallbackHome]
12-16 10:10:40.188   569   569 D View    :       frame={0, 0, 320, 480} scroll={0, 0} 
12-16 10:10:40.188   569   569 D View    :       mMeasureWidth=320 mMeasureHeight=480
12-16 10:10:40.188   569   569 D Debug   :       Contents of WM.LayoutParams{(0,0)(fillxfill) sim=#100 ty=1 fl=#81910180 pfl=0x20000 fmt=-2 wanim=0x1030468 vsysui=0x600 needsMenuKey=2}:
12-16 10:10:40.189   569   569 D Debug   : ViewGroup.LayoutParams={ width=match-parent, height=match-parent }
12-16 10:10:40.189   569   569 D Debug   : 
12-16 10:10:40.189   569   569 D Debug   : WindowManager.LayoutParams={title=com.android.settings/com.android.settings.FallbackHome}
12-16 10:10:40.189   569   569 D View    : 
12-16 10:10:40.189   569   569 D View    :       flags={}
12-16 10:10:40.189   569   569 D View    :       privateFlags={IS_ROOT_NAMESPACE HAS_BOUNDS DRAWN}
12-16 10:10:40.189   569   569 D View    :       {
12-16 10:10:40.189   569   569 D View    :       + android.widget.LinearLayout{9d428a2 V.E...... ......ID 0,0-320,480}
12-16 10:10:40.190   569   569 D View    :           frame={0, 0, 320, 480} scroll={0, 0} 
12-16 10:10:40.190   569   569 D View    :           mMeasureWidth=320 mMeasureHeight=480
12-16 10:10:40.190   569   569 D View    :           ViewGroup.LayoutParams={ width=match-parent, height=match-parent }
12-16 10:10:40.190   569   569 D View    :           flags={}
12-16 10:10:40.190   569   569 D View    :           privateFlags={HAS_BOUNDS DRAWN}
12-16 10:10:40.190   569   569 D View    :           {
12-16 10:10:40.190   569   569 D View    :           + android.view.ViewStub{302d933 G.E...... ......I. 0,0-0,0 #10203ef android:id/action_mode_bar_stub} (id=16909295)
12-16 10:10:40.191   569   569 D View    :               frame={0, 0, 0, 0} scroll={0, 0} 
12-16 10:10:40.191   569   569 D View    :               mMeasureWidth=0 mMeasureHeight=0
12-16 10:10:40.191   569   569 D View    :               LinearLayout.LayoutParams={width=match-parent, height=wrap-content weight=0.0}
12-16 10:10:40.191   569   569 D View    :               flags={GONE}
12-16 10:10:40.191   569   569 D View    :               privateFlags={DRAWN}
12-16 10:10:40.191   569   569 D View    :           + android.widget.FrameLayout{6d634f0 V.E...... ......ID 0,0-320,480 #1020002 android:id/content} (id=16908290)
12-16 10:10:40.192   569   569 D View    :               frame={0, 0, 320, 480} scroll={0, 0} 
12-16 10:10:40.192   569   569 D View    :               mMeasureWidth=320 mMeasureHeight=480
12-16 10:10:40.192   569   569 D View    :               LinearLayout.LayoutParams={width=match-parent, height=match-parent weight=0.0}
12-16 10:10:40.192   569   569 D View    :               flags={}
12-16 10:10:40.192   569   569 D View    :               privateFlags={HAS_BOUNDS DRAWN}
12-16 10:10:40.192   569   569 D View    :               {
12-16 10:10:40.192   569   569 D View    :               + android.widget.FrameLayout{b569d4d V.E...... ......ID 0,0-320,480}
12-16 10:10:40.193   569   569 D View    :                   frame={0, 0, 320, 480} scroll={0, 0} 
12-16 10:10:40.193   569   569 D View    :                   mMeasureWidth=320 mMeasureHeight=480
12-16 10:10:40.193   569   569 D View    :                   ViewGroup.LayoutParams={ width=match-parent, height=match-parent }
12-16 10:10:40.193   569   569 D View    :                   flags={}
12-16 10:10:40.193   569   569 D View    :                   privateFlags={HAS_BOUNDS DRAWN}
12-16 10:10:40.193   569   569 D View    :                   {
12-16 10:10:40.193   569   569 D View    :                   + android.widget.LinearLayout{e5ca002 V.E...... ......ID 72,211-248,268}
12-16 10:10:40.193   569   569 D View    :                       frame={72, 211, 248, 268} scroll={0, 0} 
12-16 10:10:40.194   569   569 D View    :                       mMeasureWidth=176 mMeasureHeight=57
12-16 10:10:40.194   569   569 D View    :                       ViewGroup.LayoutParams={ width=wrap-content, height=wrap-content }
12-16 10:10:40.194   569   569 D View    :                       flags={}
12-16 10:10:40.194   569   569 D View    :                       privateFlags={HAS_BOUNDS DRAWN}
12-16 10:10:40.194   569   569 D View    :                       {
12-16 10:10:40.194   569   569 D View    :                       + android.widget.TextView{9bced13 V.ED..... ......I. 0,0-176,28}
12-16 10:10:40.194   569   569 D View    :                           frame={0, 0, 176, 28} scroll={0, 0} 
12-16 10:10:40.195   569   569 D View    :                           mMeasureWidth=176 mMeasureHeight=28
12-16 10:10:40.195   569   569 D View    :                           LinearLayout.LayoutParams={width=wrap-content, height=wrap-content weight=0.0}
12-16 10:10:40.195   569   569 D View    :                           flags={}
12-16 10:10:40.195   569   569 D View    :                           privateFlags={HAS_BOUNDS DRAWN}
12-16 10:10:40.195   569   569 D View    :                           frame={0, 0, 176, 28} scroll={0, 0} mText="Android is startingâ¦" mLayout width=176 height=28
12-16 10:10:40.196   569   569 D View    :                       + android.widget.ProgressBar{55eeb50 V.ED..... ......ID 0,41-176,57}
12-16 10:10:40.196   569   569 D View    :                           frame={0, 41, 176, 57} scroll={0, 0} 
12-16 10:10:40.196   569   569 D View    :                           mMeasureWidth=176 mMeasureHeight=16
12-16 10:10:40.196   569   569 D View    :                           LinearLayout.LayoutParams={width=match-parent, height=wrap-content weight=0.0}
12-16 10:10:40.197   569   569 D View    :                           flags={}
12-16 10:10:40.197   569   569 D View    :                           privateFlags={HAS_BOUNDS DRAWN}
12-16 10:10:40.197   569   569 D View    :                       }
12-16 10:10:40.197   569   569 D View    :                   }
12-16 10:10:40.197   569   569 D View    :               }
12-16 10:10:40.197   569   569 D View    :           }
12-16 10:10:40.198   569   569 D View    :       }
12-16 10:10:40.198   569   569 V ViewRootImpl[FallbackHome]: 0xef5da69	Frame time:	33
12-16 10:10:40.198   569   569 V ViewRootImpl[FallbackHome]: Draw DecorView@78a646d[FallbackHome]/com.android.settings/com.android.settings.FallbackHome: dirty={72,252,248,268} surface=Surface(name=null)/@0xd702cee surface.isValid()=true, appScale:1.0, width=320, height=480
12-16 10:10:40.200   569   569 V ViewRootImpl[FallbackHome]: Surface Surface(name=null)/@0xd702cee drawing to bitmap w=320, h=480
12-16 10:10:40.201   569   569 I ViewRootImpl[FallbackHome]: Drawing: package:com.android.settings, metrics=DisplayMetrics{density=1.0, width=320, height=480, scaledDensity=1.0, xdpi=160.0, ydpi=160.0}, compatibilityInfo={160dpi always-compat}
12-16 10:10:40.203   569   569 V ViewRootImpl[FallbackHome]: Invalidate child: Rect(72, 252 - 248, 268)
12-16 10:10:40.215   569   569 V ViewRootImpl[FallbackHome]: Surface Surface(name=null)/@0xd702cee unlockCanvasAndPost
12-16 10:10:40.217   569   569 I System.out: ======================================
12-16 10:10:40.217   569   569 I System.out: performTraversals
12-16 10:10:40.217   569   569 D View    :   + DecorView@78a646d[FallbackHome]
12-16 10:10:40.217   569   569 D View    :       frame={0, 0, 320, 480} scroll={0, 0} 
12-16 10:10:40.217   569   569 D View    :       mMeasureWidth=320 mMeasureHeight=480
12-16 10:10:40.218   569   569 D Debug   :       Contents of WM.LayoutParams{(0,0)(fillxfill) sim=#100 ty=1 fl=#81910180 pfl=0x20000 fmt=-2 wanim=0x1030468 vsysui=0x600 needsMenuKey=2}:
12-16 10:10:40.218   569   569 D Debug   : ViewGroup.LayoutParams={ width=match-parent, height=match-parent }
12-16 10:10:40.218   569   569 D Debug   : 
12-16 10:10:40.218   569   569 D Debug   : WindowManager.LayoutParams={title=com.android.settings/com.android.settings.FallbackHome}
12-16 10:10:40.218   569   569 D View    : 
12-16 10:10:40.218   569   569 D View    :       flags={}
12-16 10:10:40.231   569   569 D View    :       privateFlags={IS_ROOT_NAMESPACE HAS_BOUNDS DRAWN}
12-16 10:10:40.231   569   569 D View    :       {
12-16 10:10:40.231   569   569 D View    :       + android.widget.LinearLayout{9d428a2 V.E...... ......ID 0,0-320,480}
12-16 10:10:40.231   569   569 D View    :           frame={0, 0, 320, 480} scroll={0, 0} 
12-16 10:10:40.231   569   569 D View    :           mMeasureWidth=320 mMeasureHeight=480
12-16 10:10:40.231   569   569 D View    :           ViewGroup.LayoutParams={ width=match-parent, height=match-parent }
12-16 10:10:40.232   569   569 D View    :           flags={}
12-16 10:10:40.232   569   569 D View    :           privateFlags={HAS_BOUNDS DRAWN}
12-16 10:10:40.232   569   569 D View    :           {
12-16 10:10:40.232   569   569 D View    :           + android.view.ViewStub{302d933 G.E...... ......I. 0,0-0,0 #10203ef android:id/action_mode_bar_stub} (id=16909295)
12-16 10:10:40.232   569   569 D View    :               frame={0, 0, 0, 0} scroll={0, 0} 
12-16 10:10:40.233   569   569 D View    :               mMeasureWidth=0 mMeasureHeight=0
12-16 10:10:40.233   569   569 D View    :               LinearLayout.LayoutParams={width=match-parent, height=wrap-content weight=0.0}
12-16 10:10:40.233   569   569 D View    :               flags={GONE}
12-16 10:10:40.234   569   569 D View    :               privateFlags={DRAWN}
12-16 10:10:40.234   569   569 D View    :           + android.widget.FrameLayout{6d634f0 V.E...... ......ID 0,0-320,480 #1020002 android:id/content} (id=16908290)
12-16 10:10:40.234   569   569 D View    :               frame={0, 0, 320, 480} scroll={0, 0} 
12-16 10:10:40.234   569   569 D View    :               mMeasureWidth=320 mMeasureHeight=480
12-16 10:10:40.234   569   569 D View    :               LinearLayout.LayoutParams={width=match-parent, height=match-parent weight=0.0}
12-16 10:10:40.234   569   569 D View    :               flags={}
12-16 10:10:40.235   569   569 D View    :               privateFlags={HAS_BOUNDS DRAWN}
12-16 10:10:40.235   569   569 D View    :               {
12-16 10:10:40.235   569   569 D View    :               + android.widget.FrameLayout{b569d4d V.E...... ......ID 0,0-320,480}
12-16 10:10:40.235   569   569 D View    :                   frame={0, 0, 320, 480} scroll={0, 0} 
12-16 10:10:40.235   569   569 D View    :                   mMeasureWidth=320 mMeasureHeight=480
12-16 10:10:40.236   569   569 D View    :                   ViewGroup.LayoutParams={ width=match-parent, height=match-parent }
12-16 10:10:40.236   569   569 D View    :                   flags={}
12-16 10:10:40.236   569   569 D View    :                   privateFlags={HAS_BOUNDS DRAWN}
12-16 10:10:40.236   569   569 D View    :                   {
12-16 10:10:40.236   569   569 D View    :                   + android.widget.LinearLayout{e5ca002 V.E...... ......ID 72,211-248,268}
12-16 10:10:40.237   569   569 D View    :                       frame={72, 211, 248, 268} scroll={0, 0} 
12-16 10:10:40.237   569   569 D View    :                       mMeasureWidth=176 mMeasureHeight=57
12-16 10:10:40.237   569   569 D View    :                       ViewGroup.LayoutParams={ width=wrap-content, height=wrap-content }
12-16 10:10:40.237   569   569 D View    :                       flags={}
12-16 10:10:40.237   569   569 D View    :                       privateFlags={HAS_BOUNDS DRAWN}
12-16 10:10:40.237   569   569 D View    :                       {
12-16 10:10:40.238   569   569 D View    :                       + android.widget.TextView{9bced13 V.ED..... ......I. 0,0-176,28}
12-16 10:10:40.238   569   569 D View    :                           frame={0, 0, 176, 28} scroll={0, 0} 
12-16 10:10:40.238   569   569 D View    :                           mMeasureWidth=176 mMeasureHeight=28
12-16 10:10:40.238   569   569 D View    :                           LinearLayout.LayoutParams={width=wrap-content, height=wrap-content weight=0.0}
12-16 10:10:40.238   569   569 D View    :                           flags={}
12-16 10:10:40.238   569   569 D View    :                           privateFlags={HAS_BOUNDS DRAWN}
12-16 10:10:40.239   569   569 D View    :                           frame={0, 0, 176, 28} scroll={0, 0} mText="Android is startingâ¦" mLayout width=176 height=28
12-16 10:10:40.239   569   569 D View    :                       + android.widget.ProgressBar{55eeb50 V.ED..... ......ID 0,41-176,57}
12-16 10:10:40.239   569   569 D View    :                           frame={0, 41, 176, 57} scroll={0, 0} 
12-16 10:10:40.239   569   569 D View    :                           mMeasureWidth=176 mMeasureHeight=16
12-16 10:10:40.239   569   569 D View    :                           LinearLayout.LayoutParams={width=match-parent, height=wrap-content weight=0.0}
12-16 10:10:40.239   569   569 D View    :                           flags={}
12-16 10:10:40.239   569   569 D View    :                           privateFlags={HAS_BOUNDS DRAWN}
12-16 10:10:40.240   569   569 D View    :                       }
12-16 10:10:40.240   569   569 D View    :                   }
12-16 10:10:40.240   569   569 D View    :               }
12-16 10:10:40.240   569   569 D View    :           }
12-16 10:10:40.240   569   569 D View    :       }
12-16 10:10:40.240   569   569 V ViewRootImpl[FallbackHome]: 0xef5da69	Frame time:	42
12-16 10:10:40.241   569   569 V ViewRootImpl[FallbackHome]: Draw DecorView@78a646d[FallbackHome]/com.android.settings/com.android.settings.FallbackHome: dirty={72,252,248,268} surface=Surface(name=null)/@0xd702cee surface.isValid()=true, appScale:1.0, width=320, height=480
